Component: ARM Compiler 5.06 update 7 (build 960) Tool: armlink [4d3601]

==============================================================================

Section Cross References

    startup_stm32f411xe.o(RESET) refers to startup_stm32f411xe.o(STACK) for __initial_sp
    startup_stm32f411xe.o(RESET) refers to startup_stm32f411xe.o(.text) for Reset_Handler
    startup_stm32f411xe.o(RESET) refers to stm32f4xx_it.o(i.NMI_Handler) for NMI_Handler
    startup_stm32f411xe.o(RESET) refers to cmb_fault.o(.text) for HardFault_Handler
    startup_stm32f411xe.o(RESET) refers to stm32f4xx_it.o(i.MemManage_Handler) for MemManage_Handler
    startup_stm32f411xe.o(RESET) refers to stm32f4xx_it.o(i.BusFault_Handler) for BusFault_Handler
    startup_stm32f411xe.o(RESET) refers to stm32f4xx_it.o(i.UsageFault_Handler) for UsageFault_Handler
    startup_stm32f411xe.o(RESET) refers to port.o(.emb_text) for SVC_Handler
    startup_stm32f411xe.o(RESET) refers to stm32f4xx_it.o(i.DebugMon_Handler) for DebugMon_Handler
    startup_stm32f411xe.o(RESET) refers to cmsis_os2.o(i.SysTick_Handler) for SysTick_Handler
    startup_stm32f411xe.o(RESET) refers to stm32f4xx_it.o(i.TIM1_UP_TIM10_IRQHandler) for TIM1_UP_TIM10_IRQHandler
    startup_stm32f411xe.o(.text) refers to system_stm32f4xx.o(i.SystemInit) for SystemInit
    startup_stm32f411xe.o(.text) refers to entry.o(.ARM.Collect$$$$00000000) for __main
    main.o(i.HAL_TIM_PeriodElapsedCallback) refers to stm32f4xx_hal.o(i.HAL_IncTick) for HAL_IncTick
    main.o(i.SystemClock_Config) refers to memseta.o(.text) for __aeabi_memclr4
    main.o(i.SystemClock_Config) refers to stm32f4xx_hal_rcc.o(i.HAL_RCC_OscConfig) for HAL_RCC_OscConfig
    main.o(i.SystemClock_Config) refers to stm32f4xx_hal_rcc.o(i.HAL_RCC_ClockConfig) for HAL_RCC_ClockConfig
    main.o(i.main) refers to stm32f4xx_hal.o(i.HAL_Init) for HAL_Init
    main.o(i.main) refers to main.o(i.SystemClock_Config) for SystemClock_Config
    main.o(i.main) refers to gpio.o(i.MX_GPIO_Init) for MX_GPIO_Init
    main.o(i.main) refers to usart.o(i.MX_USART1_UART_Init) for MX_USART1_UART_Init
    main.o(i.main) refers to cm_backtrace.o(i.cm_backtrace_init) for cm_backtrace_init
    main.o(i.main) refers to cmsis_os2.o(i.osKernelInitialize) for osKernelInitialize
    main.o(i.main) refers to freertos.o(i.MX_FREERTOS_Init) for MX_FREERTOS_Init
    main.o(i.main) refers to cmsis_os2.o(i.osKernelStart) for osKernelStart
    freertos.o(i.Fault_Test) refers to printf8.o(i.__0printf$8) for __2printf
    freertos.o(i.MX_FREERTOS_Init) refers to cmsis_os2.o(i.osThreadNew) for osThreadNew
    freertos.o(i.MX_FREERTOS_Init) refers to freertos.o(.constdata) for .constdata
    freertos.o(i.MX_FREERTOS_Init) refers to freertos.o(i.StartDefaultTask) for StartDefaultTask
    freertos.o(i.MX_FREERTOS_Init) refers to freertos.o(.data) for .data
    freertos.o(i.StartDefaultTask) refers to printf8.o(i.__0printf$8) for __2printf
    freertos.o(i.StartDefaultTask) refers to freertos.o(i.Fault_Test) for Fault_Test
    freertos.o(i.StartDefaultTask) refers to cmsis_os2.o(i.osDelay) for osDelay
    freertos.o(.constdata) refers to freertos.o(.conststring) for .conststring
    usart.o(i.HAL_UART_MspDeInit) refers to stm32f4xx_hal_gpio.o(i.HAL_GPIO_DeInit) for HAL_GPIO_DeInit
    usart.o(i.HAL_UART_MspInit) refers to memseta.o(.text) for __aeabi_memclr4
    usart.o(i.HAL_UART_MspInit) refers to stm32f4xx_hal_gpio.o(i.HAL_GPIO_Init) for HAL_GPIO_Init
    usart.o(i.MX_USART1_UART_Init) refers to stm32f4xx_hal_uart.o(i.HAL_UART_Init) for HAL_UART_Init
    usart.o(i.MX_USART1_UART_Init) refers to main.o(i.Error_Handler) for Error_Handler
    usart.o(i.MX_USART1_UART_Init) refers to usart.o(.bss) for .bss
    usart.o(i.fputc) refers to stm32f4xx_hal_uart.o(i.HAL_UART_Transmit) for HAL_UART_Transmit
    usart.o(i.fputc) refers to usart.o(.bss) for .bss
    stm32f4xx_it.o(i.TIM1_UP_TIM10_IRQHandler) refers to stm32f4xx_hal_tim.o(i.HAL_TIM_IRQHandler) for HAL_TIM_IRQHandler
    stm32f4xx_it.o(i.TIM1_UP_TIM10_IRQHandler) refers to stm32f4xx_hal_timebase_tim.o(.bss) for htim1
    stm32f4xx_hal_msp.o(i.HAL_MspInit) refers to stm32f4xx_hal_cortex.o(i.HAL_NVIC_SetPriority) for HAL_NVIC_SetPriority
    stm32f4xx_hal_timebase_tim.o(i.HAL_InitTick) refers to stm32f4xx_hal_rcc.o(i.HAL_RCC_GetClockConfig) for HAL_RCC_GetClockConfig
    stm32f4xx_hal_timebase_tim.o(i.HAL_InitTick) refers to stm32f4xx_hal_rcc.o(i.HAL_RCC_GetPCLK2Freq) for HAL_RCC_GetPCLK2Freq
    stm32f4xx_hal_timebase_tim.o(i.HAL_InitTick) refers to stm32f4xx_hal_tim.o(i.HAL_TIM_Base_Init) for HAL_TIM_Base_Init
    stm32f4xx_hal_timebase_tim.o(i.HAL_InitTick) refers to stm32f4xx_hal_tim.o(i.HAL_TIM_Base_Start_IT) for HAL_TIM_Base_Start_IT
    stm32f4xx_hal_timebase_tim.o(i.HAL_InitTick) refers to stm32f4xx_hal_cortex.o(i.HAL_NVIC_EnableIRQ) for HAL_NVIC_EnableIRQ
    stm32f4xx_hal_timebase_tim.o(i.HAL_InitTick) refers to stm32f4xx_hal_cortex.o(i.HAL_NVIC_SetPriority) for HAL_NVIC_SetPriority
[...]
    ../Drivers/STM32F4xx_HAL_Driver/Src/stm32f4xx_hal_tim.c 0x00000000   Number         0  stm32f4xx_hal_tim.o ABSOLUTE
    ../Drivers/STM32F4xx_HAL_Driver/Src/stm32f4xx_hal_tim_ex.c 0x00000000   Number         0  stm32f4xx_hal_tim_ex.o ABSOLUTE
    ../Drivers/STM32F4xx_HAL_Driver/Src/stm32f4xx_hal_uart.c 0x00000000   Number         0  stm32f4xx_hal_uart.o ABSOLUTE
    ../Middlewares/Third_Party/FreeRTOS/Source/CMSIS_RTOS_V2/cmsis_os2.c 0x00000000   Number         0  cmsis_os2.o ABSOLUTE
    ../Middlewares/Third_Party/FreeRTOS/Source/croutine.c 0x00000000   Number         0  croutine.o ABSOLUTE
    ../Middlewares/Third_Party/FreeRTOS/Source/event_groups.c 0x00000000   Number         0  event_groups.o ABSOLUTE
    ../Middlewares/Third_Party/FreeRTOS/Source/list.c 0x00000000   Number         0  list.o ABSOLUTE
    ../Middlewares/Third_Party/FreeRTOS/Source/portable/MemMang/heap_4.c 0x00000000   Number         0  heap_4.o ABSOLUTE
    ../Middlewares/Third_Party/FreeRTOS/Source/portable/RVDS/ARM_CM4F/port.c 0x00000000   Number         0  port.o ABSOLUTE
    ../Middlewares/Third_Party/FreeRTOS/Source/queue.c 0x00000000   Number         0  queue.o ABSOLUTE
    ../Middlewares/Third_Party/FreeRTOS/Source/stream_buffer.c 0x00000000   Number         0  stream_buffer.o ABSOLUTE
    ../Middlewares/Third_Party/FreeRTOS/Source/tasks.c 0x00000000   Number         0  tasks.o ABSOLUTE
    ../Middlewares/Third_Party/FreeRTOS/Source/timers.c 0x00000000   Number         0  timers.o ABSOLUTE
    ../clib/microlib/division.c              0x00000000   Number         0  uidiv.o ABSOLUTE
    ../clib/microlib/division.c              0x00000000   Number         0  uldiv.o ABSOLUTE
    ../clib/microlib/init/entry.s            0x00000000   Number         0  entry.o ABSOLUTE
    ../clib/microlib/init/entry.s            0x00000000   Number         0  entry10a.o ABSOLUTE
    ../clib/microlib/init/entry.s            0x00000000   Number         0  entry10b.o ABSOLUTE
    ../clib/microlib/init/entry.s            0x00000000   Number         0  entry11a.o ABSOLUTE
    ../clib/microlib/init/entry.s            0x00000000   Number         0  entry11b.o ABSOLUTE
    ../clib/microlib/init/entry.s            0x00000000   Number         0  entry12b.o ABSOLUTE
    ../clib/microlib/init/entry.s            0x00000000   Number         0  entry12a.o ABSOLUTE
    ../clib/microlib/init/entry.s            0x00000000   Number         0  entry2.o ABSOLUTE
    ../clib/microlib/init/entry.s            0x00000000   Number         0  entry5.o ABSOLUTE
    ../clib/microlib/init/entry.s            0x00000000   Number         0  entry7a.o ABSOLUTE
    ../clib/microlib/init/entry.s            0x00000000   Number         0  entry7b.o ABSOLUTE
    ../clib/microlib/init/entry.s            0x00000000   Number         0  entry8a.o ABSOLUTE
    ../clib/microlib/init/entry.s            0x00000000   Number         0  entry8b.o ABSOLUTE
    ../clib/microlib/init/entry.s            0x00000000   Number         0  entry9a.o ABSOLUTE
    ../clib/microlib/init/entry.s            0x00000000   Number         0  entry9b.o ABSOLUTE
    ../clib/microlib/longlong.c              0x00000000   Number         0  llushr.o ABSOLUTE
    ../clib/microlib/longlong.c              0x00000000   Number         0  llshl.o ABSOLUTE
    ../clib/microlib/longlong.c              0x00000000   Number         0  llsshr.o ABSOLUTE
    ../clib/microlib/printf/printf.c         0x00000000   Number         0  printfa.o ABSOLUTE
    ../clib/microlib/printf/printf.c         0x00000000   Number         0  printf0.o ABSOLUTE
    ../clib/microlib/printf/printf.c         0x00000000   Number         0  printf1.o ABSOLUTE
    ../clib/microlib/printf/printf.c         0x00000000   Number         0  printf2.o ABSOLUTE
    ../clib/microlib/printf/printf.c         0x00000000   Number         0  printf8.o ABSOLUTE
    ../clib/microlib/printf/printf.c         0x00000000   Number         0  printf7.o ABSOLUTE
    ../clib/microlib/printf/printf.c         0x00000000   Number         0  printf3.o ABSOLUTE
    ../clib/microlib/printf/printf.c         0x00000000   Number         0  printf5.o ABSOLUTE
    ../clib/microlib/printf/printf.c         0x00000000   Number         0  printf6.o ABSOLUTE
    ../clib/microlib/printf/printf.c         0x00000000   Number         0  printf4.o ABSOLUTE
    ../clib/microlib/printf/printf.c         0x00000000   Number         0  printfb.o ABSOLUTE
    ../clib/microlib/printf/stubs.s          0x00000000   Number         0  stubs.o ABSOLUTE
    ../clib/microlib/stdio/streams.c         0x00000000   Number         0  stdout.o ABSOLUTE
    ../clib/microlib/string/memcpy.c         0x00000000   Number         0  memcpya.o ABSOLUTE
    ../clib/microlib/string/memcpy.c         0x00000000   Number         0  memcpyb.o ABSOLUTE
    ../clib/microlib/string/memset.c         0x00000000   Number         0  memseta.o ABSOLUTE
    ../clib/microlib/string/memset.c         0x00000000   Number         0  memset.o ABSOLUTE
    ../clib/microlib/string/strncpy.c        0x00000000   Number         0  strncpy.o ABSOLUTE
    ../clib/microlib/stubs.s                 0x00000000   Number         0  iusefp.o ABSOLUTE
    ../fplib/microlib/fpadd.c                0x00000000   Number         0  dadd.o ABSOLUTE
    ../fplib/microlib/fpdiv.c                0x00000000   Number         0  ddiv.o ABSOLUTE
    ../fplib/microlib/fpepilogue.c           0x00000000   Number         0  depilogue.o ABSOLUTE
    ../fplib/microlib/fpfix.c                0x00000000   Number         0  dfixul.o ABSOLUTE
    ../fplib/microlib/fpmul.c                0x00000000   Number         0  dmul.o ABSOLUTE
    ..\Core\Src\freertos.c                   0x00000000   Number         0  freertos.o ABSOLUTE
    ..\Core\Src\gpio.c                       0x00000000   Number         0  gpio.o ABSOLUTE
    ..\Core\Src\main.c                       0x00000000   Number         0  main.o ABSOLUTE
    ..\Core\Src\stm32f4xx_hal_msp.c          0x00000000   Number         0  stm32f4xx_hal_msp.o ABSOLUTE
    ..\Core\Src\stm32f4xx_hal_timebase_tim.c 0x00000000   Number         0  stm32f4xx_hal_timebase_tim.o ABSOLUTE
    ..\Core\Src\stm32f4xx_it.c               0x00000000   Number         0  stm32f4xx_it.o ABSOLUTE
    ..\Core\Src\system_stm32f4xx.c           0x00000000   Number         0  system_stm32f4xx.o ABSOLUTE
    ..\Core\Src\usart.c                      0x00000000   Number         0  usart.o ABSOLUTE
    ..\Drivers\STM32F4xx_HAL_Driver\Src\stm32f4xx_hal.c 0x00000000   Number         0  stm32f4xx_hal.o ABSOLUTE
    ..\Drivers\STM32F4xx_HAL_Driver\Src\stm32f4xx_hal_cortex.c 0x00000000   Number         0  stm32f4xx_hal_cortex.o ABSOLUTE
    ..\Drivers\STM32F4xx_HAL_Driver\Src\stm32f4xx_hal_dma.c 0x00000000   Number         0  stm32f4xx_hal_dma.o ABSOLUTE
    ..\Drivers\STM32F4xx_HAL_Driver\Src\stm32f4xx_hal_dma_ex.c 0x00000000   Number         0  stm32f4xx_hal_dma_ex.o ABSOLUTE
    ..\Drivers\STM32F4xx_HAL_Driver\Src\stm32f4xx_hal_exti.c 0x00000000   Number         0  stm32f4xx_hal_exti.o ABSOLUTE
    ..\Drivers\STM32F4xx_HAL_Driver\Src\stm32f4xx_hal_flash.c 0x00000000   Number         0  stm32f4xx_hal_flash.o ABSOLUTE
    ..\Drivers\STM32F4xx_HAL_Driver\Src\stm32f4xx_hal_flash_ex.c 0x00000000   Number         0  stm32f4xx_hal_flash_ex.o ABSOLUTE
    ..\Drivers\STM32F4xx_HAL_Driver\Src\stm32f4xx_hal_flash_ramfunc.c 0x00000000   Number         0  stm32f4xx_hal_flash_ramfunc.o ABSOLUTE
    ..\Drivers\STM32F4xx_HAL_Driver\Src\stm32f4xx_hal_gpio.c 0x00000000   Number         0  stm32f4xx_hal_gpio.o ABSOLUTE
    ..\Drivers\STM32F4xx_HAL_Driver\Src\stm32f4xx_hal_pwr.c 0x00000000   Number         0  stm32f4xx_hal_pwr.o ABSOLUTE
    ..\Drivers\STM32F4xx_HAL_Driver\Src\stm32f4xx_hal_pwr_ex.c 0x00000000   Number         0  stm32f4xx_hal_pwr_ex.o ABSOLUTE
    ..\Drivers\STM32F4xx_HAL_Driver\Src\stm32f4xx_hal_rcc.c 0x00000000   Number         0  stm32f4xx_hal_rcc.o ABSOLUTE
    ..\Drivers\STM32F4xx_HAL_Driver\Src\stm32f4xx_hal_rcc_ex.c 0x00000000   Number         0  stm32f4xx_hal_rcc_ex.o ABSOLUTE
    ..\Drivers\STM32F4xx_HAL_Driver\Src\stm32f4xx_hal_tim.c 0x00000000   Number         0  stm32f4xx_hal_tim.o ABSOLUTE
    ..\Drivers\STM32F4xx_HAL_Driver\Src\stm32f4xx_hal_tim_ex.c 0x00000000   Number         0  stm32f4xx_hal_tim_ex.o ABSOLUTE
    ..\Drivers\STM32F4xx_HAL_Driver\Src\stm32f4xx_hal_uart.c 0x00000000   Number         0  stm32f4xx_hal_uart.o ABSOLUTE
    ..\Middlewares\Third_Party\Cmbacktrace\cm_backtrace\cm_backtrace.c 0x00000000   Number         0  cm_backtrace.o ABSOLUTE
    ..\Middlewares\Third_Party\Cmbacktrace\cm_backtrace\fault_handler\keil\cmb_fault.S 0x00000000   Number         0  cmb_fault.o ABSOLUTE
    ..\Middlewares\Third_Party\FreeRTOS\Source\CMSIS_RTOS_V2\cmsis_os2.c 0x00000000   Number         0  cmsis_os2.o ABSOLUTE
    ..\Middlewares\Third_Party\FreeRTOS\Source\portable\RVDS\ARM_CM4F\port.c 0x00000000   Number         0  port.o ABSOLUTE
    ..\\Middlewares\\Third_Party\\Cmbacktrace\\cm_backtrace\\cm_backtrace.c 0x00000000   Number         0  cm_backtrace.o ABSOLUTE
    cdrcmple.s                               0x00000000   Number         0  cdrcmple.o ABSOLUTE
    dc.s                                     0x00000000   Number         0  dc.o ABSOLUTE
    handlers.s                               0x00000000   Number         0  handlers.o ABSOLUTE
    init.s                                   0x00000000   Number         0  init.o ABSOLUTE
    startup_stm32f411xe.s                    0x00000000   Number         0  startup_stm32f411xe.o ABSOLUTE
    RESET                                    0x08000000   Section      408  startup_stm32f411xe.o(RESET)
    .ARM.Collect$$$$00000000                 0x08000198   Section        0  entry.o(.ARM.Collect$$$$00000000)
    .ARM.Collect$$$$00000001                 0x08000198   Section        4  entry2.o(.ARM.Collect$$$$00000001)
    .ARM.Collect$$$$00000004                 0x0800019c   Section        4  entry5.o(.ARM.Collect$$$$00000004)
    .ARM.Collect$$$$00000008                 0x080001a0   Section        0  entry7b.o(.ARM.Collect$$$$00000008)
    .ARM.Collect$$$$0000000A                 0x080001a0   Section        0  entry8b.o(.ARM.Collect$$$$0000000A)
    .ARM.Collect$$$$0000000B                 0x080001a0   Section        8  entry9a.o(.ARM.Collect$$$$0000000B)
    .ARM.Collect$$$$0000000E                 0x080001a8   Section        4  entry12b.o(.ARM.Collect$$$$0000000E)
    .ARM.Collect$$$$0000000F                 0x080001ac   Section        0  entry10a.o(.ARM.Collect$$$$0000000F)
    .ARM.Collect$$$$00000011                 0x080001ac   Section        0  entry11a.o(.ARM.Collect$$$$00000011)
    .ARM.Collect$$$$00002712                 0x080001ac   Section        4  entry2.o(.ARM.Collect$$$$00002712)
    __lit__00000000                          0x080001ac   Data           4  entry2.o(.ARM.Collect$$$$00002712)
    .emb_text                                0x080001b0   Section      190  port.o(.emb_text)
    $v0                                      0x080001b0   Number         0  port.o(.emb_text)
    .emb_text                                0x08000270   Section       16  cm_backtrace.o(.emb_text)
    $v0                                      0x08000270   Number         0  cm_backtrace.o(.emb_text)
    .text                                    0x08000280   Section       36  startup_stm32f411xe.o(.text)
    $v0                                      0x08000280   Number         0  startup_stm32f411xe.o(.text)
    .text                                    0x080002a4   Section       12  cmb_fault.o(.text)
    $v0                                      0x080002a4   Number         0  cmb_fault.o(.text)
    .text                                    0x080002b0   Section        0  uldiv.o(.text)
    .text                                    0x08000312   Section        0  memcpya.o(.text)
    .text                                    0x08000336   Section        0  memseta.o(.text)
    .text                                    0x0800035a   Section        0  strncpy.o(.text)
    .text                                    0x08000372   Section        0  llshl.o(.text)
    .text                                    0x08000390   Section        0  llushr.o(.text)
    .text                                    0x080003b0   Section       36  init.o(.text)
    i.BusFault_Handler                       0x080003d4   Section        0  stm32f4xx_it.o(i.BusFault_Handler)
    i.DebugMon_Handler                       0x080003d6   Section        0  stm32f4xx_it.o(i.DebugMon_Handler)
    i.Error_Handler                          0x080003d8   Section        0  main.o(i.Error_Handler)
    i.Fault_Test                             0x080003dc   Section        0  freertos.o(i.Fault_Test)
    i.HAL_GPIO_Init                          0x08000404   Section        0  stm32f4xx_hal_gpio.o(i.HAL_GPIO_Init)
    i.HAL_GetTick                            0x080005e4   Section        0  stm32f4xx_hal.o(i.HAL_GetTick)
    i.HAL_IncTick                            0x080005f0   Section        0  stm32f4xx_hal.o(i.HAL_IncTick)
    i.HAL_Init                               0x08000600   Section        0  stm32f4xx_hal.o(i.HAL_Init)
    i.HAL_InitTick                           0x08000634   Section        0  stm32f4xx_hal_timebase_tim.o(i.HAL_InitTick)
    i.HAL_MspInit                            0x080006c0   Section        0  stm32f4xx_hal_msp.o(i.HAL_MspInit)
    i.HAL_NVIC_EnableIRQ                     0x080006f8   Section        0  stm32f4xx_hal_cortex.o(i.HAL_NVIC_EnableIRQ)
    i.HAL_NVIC_SetPriority                   0x08000714   Section        0  stm32f4xx_hal_cortex.o(i.HAL_NVIC_SetPriority)
    i.HAL_NVIC_SetPriorityGrouping           0x08000754   Section        0  stm32f4xx_hal_cortex.o(i.HAL_NVIC_SetPriorityGrouping)
    i.HAL_RCC_ClockConfig                    0x08000778   Section        0  stm32f4xx_hal_rcc.o(i.HAL_RCC_ClockConfig)
    i.HAL_RCC_GetClockConfig                 0x080008ac   Section        0  stm32f4xx_hal_rcc.o(i.HAL_RCC_GetClockConfig)
    i.HAL_RCC_GetPCLK1Freq                   0x080008ec   Section        0  stm32f4xx_hal_rcc.o(i.HAL_RCC_GetPCLK1Freq)
    i.HAL_RCC_GetPCLK2Freq                   0x0800090c   Section        0  stm32f4xx_hal_rcc.o(i.HAL_RCC_GetPCLK2Freq)
    i.HAL_RCC_GetSysClockFreq                0x0800092c   Section        0  stm32f4xx_hal_rcc.o(i.HAL_RCC_GetSysClockFreq)
    i.HAL_RCC_OscConfig                      0x08000990   Section        0  stm32f4xx_hal_rcc.o(i.HAL_RCC_OscConfig)
    i.HAL_TIMEx_BreakCallback                0x08000cfc   Section        0  stm32f4xx_hal_tim_ex.o(i.HAL_TIMEx_BreakCallback)
    i.HAL_TIMEx_CommutCallback               0x08000cfe   Section        0  stm32f4xx_hal_tim_ex.o(i.HAL_TIMEx_CommutCallback)
    i.HAL_TIM_Base_Init                      0x08000d00   Section        0  stm32f4xx_hal_tim.o(i.HAL_TIM_Base_Init)
    i.HAL_TIM_Base_MspInit                   0x08000d5a   Section        0  stm32f4xx_hal_tim.o(i.HAL_TIM_Base_MspInit)
    i.HAL_TIM_Base_Start_IT                  0x08000d5c   Section        0  stm32f4xx_hal_tim.o(i.HAL_TIM_Base_Start_IT)
    i.HAL_TIM_IC_CaptureCallback             0x08000dc8   Section        0  stm32f4xx_hal_tim.o(i.HAL_TIM_IC_CaptureCallback)
    i.HAL_TIM_IRQHandler                     0x08000dca   Section        0  stm32f4xx_hal_tim.o(i.HAL_TIM_IRQHandler)
    i.HAL_TIM_OC_DelayElapsedCallback        0x08000f30   Section        0  stm32f4xx_hal_tim.o(i.HAL_TIM_OC_DelayElapsedCallback)
    i.HAL_TIM_PWM_PulseFinishedCallback      0x08000f32   Section        0  stm32f4xx_hal_tim.o(i.HAL_TIM_PWM_PulseFinishedCallback)
    i.HAL_TIM_PeriodElapsedCallback          0x08000f34   Section        0  main.o(i.HAL_TIM_PeriodElapsedCallback)
    i.HAL_TIM_TriggerCallback                0x08000f48   Section        0  stm32f4xx_hal_tim.o(i.HAL_TIM_TriggerCallback)
    i.HAL_UART_Init                          0x08000f4a   Section        0  stm32f4xx_hal_uart.o(i.HAL_UART_Init)
    i.HAL_UART_MspInit                       0x08000fac   Section        0  usart.o(i.HAL_UART_MspInit)
    i.HAL_UART_Transmit                      0x08001018   Section        0  stm32f4xx_hal_uart.o(i.HAL_UART_Transmit)
    i.MX_FREERTOS_Init                       0x080010cc   Section        0  freertos.o(i.MX_FREERTOS_Init)
    i.MX_GPIO_Init                           0x080010ec   Section        0  gpio.o(i.MX_GPIO_Init)
    i.MX_USART1_UART_Init                    0x08001128   Section        0  usart.o(i.MX_USART1_UART_Init)
    i.MemManage_Handler                      0x08001160   Section        0  stm32f4xx_it.o(i.MemManage_Handler)
    i.NMI_Handler                            0x08001162   Section        0  stm32f4xx_it.o(i.NMI_Handler)
    i.StartDefaultTask                       0x08001164   Section        0  freertos.o(i.StartDefaultTask)
    i.SysTick_Handler                        0x080011ac   Section        0  cmsis_os2.o(i.SysTick_Handler)
    i.SystemClock_Config                     0x080011c8   Section        0  main.o(i.SystemClock_Config)
    i.SystemInit                             0x08001258   Section        0  system_stm32f4xx.o(i.SystemInit)
    i.TIM1_UP_TIM10_IRQHandler               0x08001268   Section        0  stm32f4xx_it.o(i.TIM1_UP_TIM10_IRQHandler)
    i.TIM_Base_SetConfig                     0x08001274   Section        0  stm32f4xx_hal_tim.o(i.TIM_Base_SetConfig)
    i.UART_SetConfig                         0x0800130c   Section        0  stm32f4xx_hal_uart.o(i.UART_SetConfig)
    UART_SetConfig                           0x0800130d   Thumb Code   258  stm32f4xx_hal_uart.o(i.UART_SetConfig)
    i.UART_WaitOnFlagUntilTimeout            0x08001418   Section        0  stm32f4xx_hal_uart.o(i.UART_WaitOnFlagUntilTimeout)
    UART_WaitOnFlagUntilTimeout              0x08001419   Thumb Code   120  stm32f4xx_hal_uart.o(i.UART_WaitOnFlagUntilTimeout)
    i.UsageFault_Handler                     0x08001490   Section        0  stm32f4xx_it.o(i.UsageFault_Handler)
    i.__0printf$8                            0x08001494   Section        0  printf8.o(i.__0printf$8)
    i.__0sprintf$8                           0x080014b4   Section        0  printf8.o(i.__0sprintf$8)
    i.__NVIC_SetPriority                     0x080014dc   Section        0  stm32f4xx_hal_cortex.o(i.__NVIC_SetPriority)
    __NVIC_SetPriority                       0x080014dd   Thumb Code    32  stm32f4xx_hal_cortex.o(i.__NVIC_SetPriority)
    i.__scatterload_copy                     0x080014fc   Section       14  handlers.o(i.__scatterload_copy)
    i.__scatterload_null                     0x0800150a   Section        2  handlers.o(i.__scatterload_null)
    i.__scatterload_zeroinit                 0x0800150c   Section       14  handlers.o(i.__scatterload_zeroinit)
    i._printf_core                           0x0800151c   Section        0  printf8.o(i._printf_core)
    _printf_core                             0x0800151d   Thumb Code   984  printf8.o(i._printf_core)
    i._printf_post_padding                   0x08001920   Section        0  printf8.o(i._printf_post_padding)
    _printf_post_padding                     0x08001921   Thumb Code    36  printf8.o(i._printf_post_padding)
    i._printf_pre_padding                    0x08001944   Section        0  printf8.o(i._printf_pre_padding)
    _printf_pre_padding                      0x08001945   Thumb Code    46  printf8.o(i._printf_pre_padding)
    i._sputc                                 0x08001972   Section        0  printf8.o(i._sputc)
    _sputc                                   0x08001973   Thumb Code    10  printf8.o(i._sputc)
    i.cm_backtrace_call_stack                0x0800197c   Section        0  cm_backtrace.o(i.cm_backtrace_call_stack)
    i.cm_backtrace_fault                     0x08001a48   Section        0  cm_backtrace.o(i.cm_backtrace_fault)
    i.cm_backtrace_firmware_info             0x08001cd8   Section        0  cm_backtrace.o(i.cm_backtrace_firmware_info)
    i.cm_backtrace_init                      0x08001d04   Section        0  cm_backtrace.o(i.cm_backtrace_init)
    i.disassembly_ins_is_bl_blx              0x08001d80   Section        0  cm_backtrace.o(i.disassembly_ins_is_bl_blx)
    disassembly_ins_is_bl_blx                0x08001d81   Thumb Code    36  cm_backtrace.o(i.disassembly_ins_is_bl_blx)
    i.dump_stack                             0x08001da4   Section        0  cm_backtrace.o(i.dump_stack)
    dump_stack                               0x08001da5   Thumb Code   122  cm_backtrace.o(i.dump_stack)
    i.fault_diagnosis                        0x08001e70   Section        0  cm_backtrace.o(i.fault_diagnosis)
    fault_diagnosis                          0x08001e71   Thumb Code   564  cm_backtrace.o(i.fault_diagnosis)
    i.fputc                                  0x080020b0   Section        0  usart.o(i.fputc)
    i.get_cur_thread_stack_info              0x080020c8   Section        0  cm_backtrace.o(i.get_cur_thread_stack_info)
    get_cur_thread_stack_info                0x080020c9   Thumb Code    62  cm_backtrace.o(i.get_cur_thread_stack_info)
    i.main                                   0x08002144   Section        0  main.o(i.main)
    i.osDelay                                0x08002188   Section        0  cmsis_os2.o(i.osDelay)
    i.osKernelInitialize                     0x080021a4   Section        0  cmsis_os2.o(i.osKernelInitialize)
    i.osKernelStart                          0x080021c8   Section        0  cmsis_os2.o(i.osKernelStart)
    i.osThreadNew                            0x08002200   Section        0  cmsis_os2.o(i.osThreadNew)
    i.print_call_stack                       0x0800228c   Section        0  cm_backtrace.o(i.print_call_stack)
    print_call_stack                         0x0800228d   Thumb Code   114  cm_backtrace.o(i.print_call_stack)
    i.prvAddCurrentTaskToDelayedList         0x0800231c   Section        0  tasks.o(i.prvAddCurrentTaskToDelayedList)
    prvAddCurrentTaskToDelayedList           0x0800231d   Thumb Code    84  tasks.o(i.prvAddCurrentTaskToDelayedList)
    i.prvAddNewTaskToReadyList               0x08002378   Section        0  tasks.o(i.prvAddNewTaskToReadyList)
    prvAddNewTaskToReadyList                 0x08002379   Thumb Code   192  tasks.o(i.prvAddNewTaskToReadyList)
    i.prvCheckForValidListAndQueue           0x08002448   Section        0  timers.o(i.prvCheckForValidListAndQueue)
    prvCheckForValidListAndQueue             0x08002449   Thumb Code    72  timers.o(i.prvCheckForValidListAndQueue)
    i.prvCopyDataFromQueue                   0x080024a0   Section        0  queue.o(i.prvCopyDataFromQueue)
    prvCopyDataFromQueue                     0x080024a1   Thumb Code    38  queue.o(i.prvCopyDataFromQueue)
    i.prvCopyDataToQueue                     0x080024c6   Section        0  queue.o(i.prvCopyDataToQueue)
    prvCopyDataToQueue                       0x080024c7   Thumb Code   108  queue.o(i.prvCopyDataToQueue)
    i.prvDeleteTCB                           0x08002532   Section        0  tasks.o(i.prvDeleteTCB)
    prvDeleteTCB                             0x08002533   Thumb Code    52  tasks.o(i.prvDeleteTCB)
    i.prvHeapInit                            0x08002568   Section        0  heap_4.o(i.prvHeapInit)
    prvHeapInit                              0x08002569   Thumb Code    66  heap_4.o(i.prvHeapInit)
    i.prvIdleTask                            0x080025b4   Section        0  tasks.o(i.prvIdleTask)
    prvIdleTask                              0x080025b5   Thumb Code    84  tasks.o(i.prvIdleTask)
    i.prvInitialiseNewQueue                  0x08002614   Section        0  queue.o(i.prvInitialiseNewQueue)
    prvInitialiseNewQueue                    0x08002615   Thumb Code    34  queue.o(i.prvInitialiseNewQueue)
    i.prvInitialiseNewTask                   0x08002636   Section        0  tasks.o(i.prvInitialiseNewTask)
    prvInitialiseNewTask                     0x08002637   Thumb Code   172  tasks.o(i.prvInitialiseNewTask)
    i.prvInsertBlockIntoFreeList             0x080026e4   Section        0  heap_4.o(i.prvInsertBlockIntoFreeList)
    prvInsertBlockIntoFreeList               0x080026e5   Thumb Code    72  heap_4.o(i.prvInsertBlockIntoFreeList)
    i.prvInsertTimerInActiveList             0x08002730   Section        0  timers.o(i.prvInsertTimerInActiveList)
    prvInsertTimerInActiveList               0x08002731   Thumb Code    52  timers.o(i.prvInsertTimerInActiveList)
    i.prvIsQueueEmpty                        0x08002768   Section        0  queue.o(i.prvIsQueueEmpty)
    prvIsQueueEmpty                          0x08002769   Thumb Code    28  queue.o(i.prvIsQueueEmpty)
    i.prvProcessReceivedCommands             0x08002784   Section        0  timers.o(i.prvProcessReceivedCommands)
    prvProcessReceivedCommands               0x08002785   Thumb Code   248  timers.o(i.prvProcessReceivedCommands)
    i.prvProcessTimerOrBlockTask             0x08002880   Section        0  timers.o(i.prvProcessTimerOrBlockTask)
    prvProcessTimerOrBlockTask               0x08002881   Thumb Code   182  timers.o(i.prvProcessTimerOrBlockTask)
    i.prvResetNextTaskUnblockTime            0x08002940   Section        0  tasks.o(i.prvResetNextTaskUnblockTime)
    prvResetNextTaskUnblockTime              0x08002941   Thumb Code    26  tasks.o(i.prvResetNextTaskUnblockTime)
    i.prvSampleTimeNow                       0x08002960   Section        0  timers.o(i.prvSampleTimeNow)
    prvSampleTimeNow                         0x08002961   Thumb Code    36  timers.o(i.prvSampleTimeNow)
    i.prvSwitchTimerLists                    0x08002988   Section        0  timers.o(i.prvSwitchTimerLists)
    prvSwitchTimerLists                      0x08002989   Thumb Code   104  timers.o(i.prvSwitchTimerLists)
    i.prvTaskExitError                       0x080029f4   Section        0  port.o(i.prvTaskExitError)
    prvTaskExitError                         0x080029f5   Thumb Code    36  port.o(i.prvTaskExitError)
    i.prvTimerTask                           0x08002a1c   Section        0  timers.o(i.prvTimerTask)
    prvTimerTask                             0x08002a1d   Thumb Code    32  timers.o(i.prvTimerTask)
    i.prvUnlockQueue                         0x08002a40   Section        0  queue.o(i.prvUnlockQueue)
    prvUnlockQueue                           0x08002a41   Thumb Code   106  queue.o(i.prvUnlockQueue)
    i.pvPortMalloc                           0x08002aac   Section        0  heap_4.o(i.pvPortMalloc)
    i.pxPortInitialiseStack                  0x08002b88   Section        0  port.o(i.pxPortInitialiseStack)
    i.uxListRemove                           0x08002bb4   Section        0  list.o(i.uxListRemove)
    i.vApplicationGetIdleTaskMemory          0x08002bdc   Section        0  cmsis_os2.o(i.vApplicationGetIdleTaskMemory)
    i.vApplicationGetTimerTaskMemory         0x08002bf0   Section        0  cmsis_os2.o(i.vApplicationGetTimerTaskMemory)
    i.vListInitialise                        0x08002c08   Section        0  list.o(i.vListInitialise)
    i.vListInitialiseItem                    0x08002c1e   Section        0  list.o(i.vListInitialiseItem)
    i.vListInsert                            0x08002c24   Section        0  list.o(i.vListInsert)
    i.vListInsertEnd                         0x08002c54   Section        0  list.o(i.vListInsertEnd)
    i.vPortEnterCritical                     0x08002c6c   Section        0  port.o(i.vPortEnterCritical)
    i.vPortExitCritical                      0x08002cac   Section        0  port.o(i.vPortExitCritical)
    i.vPortFree                              0x08002cd4   Section        0  heap_4.o(i.vPortFree)
    i.vPortSetupTimerInterrupt               0x08002d38   Section        0  port.o(i.vPortSetupTimerInterrupt)
    i.vPortValidateInterruptPriority         0x08002d5c   Section        0  port.o(i.vPortValidateInterruptPriority)
    i.vQueueAddToRegistry                    0x08002db0   Section        0  queue.o(i.vQueueAddToRegistry)
    i.vQueueWaitForMessageRestricted         0x08002dd8   Section        0  queue.o(i.vQueueWaitForMessageRestricted)
    i.vTaskDelay                             0x08002e1c   Section        0  tasks.o(i.vTaskDelay)
    i.vTaskInternalSetTimeOutState           0x08002e68   Section        0  tasks.o(i.vTaskInternalSetTimeOutState)
    i.vTaskMissedYield                       0x08002e78   Section        0  tasks.o(i.vTaskMissedYield)
    i.vTaskName                              0x08002e84   Section        0  tasks.o(i.vTaskName)
    i.vTaskPlaceOnEventList                  0x08002e90   Section        0  tasks.o(i.vTaskPlaceOnEventList)
    i.vTaskPlaceOnEventListRestricted        0x08002ec0   Section        0  tasks.o(i.vTaskPlaceOnEventListRestricted)
    i.vTaskStackAddr                         0x08002ef8   Section        0  tasks.o(i.vTaskStackAddr)
    i.vTaskStackSize                         0x08002f04   Section        0  tasks.o(i.vTaskStackSize)
    i.vTaskStartScheduler                    0x08002f10   Section        0  tasks.o(i.vTaskStartScheduler)
    i.vTaskSuspendAll                        0x08002f98   Section        0  tasks.o(i.vTaskSuspendAll)
    i.vTaskSwitchContext                     0x08002fa8   Section        0  tasks.o(i.vTaskSwitchContext)
    i.xPortStartScheduler                    0x0800300c   Section        0  port.o(i.xPortStartScheduler)
    i.xPortSysTickHandler                    0x08003100   Section        0  port.o(i.xPortSysTickHandler)
    i.xQueueGenericCreateStatic              0x0800312c   Section        0  queue.o(i.xQueueGenericCreateStatic)
    i.xQueueGenericReset                     0x08003194   Section        0  queue.o(i.xQueueGenericReset)
    i.xQueueGenericSend                      0x0800321c   Section        0  queue.o(i.xQueueGenericSend)
    i.xQueueGenericSendFromISR               0x0800337c   Section        0  queue.o(i.xQueueGenericSendFromISR)
    i.xQueueReceive                          0x0800343c   Section        0  queue.o(i.xQueueReceive)
    i.xTaskCheckForTimeOut                   0x08003574   Section        0  tasks.o(i.xTaskCheckForTimeOut)
    i.xTaskCreate                            0x080035e8   Section        0  tasks.o(i.xTaskCreate)
    i.xTaskCreateStatic                      0x08003642   Section        0  tasks.o(i.xTaskCreateStatic)
    i.xTaskGetSchedulerState                 0x08003698   Section        0  tasks.o(i.xTaskGetSchedulerState)
    i.xTaskGetTickCount                      0x080036b4   Section        0  tasks.o(i.xTaskGetTickCount)
    i.xTaskIncrementTick                     0x080036c0   Section        0  tasks.o(i.xTaskIncrementTick)
    i.xTaskPriorityDisinherit                0x0800378c   Section        0  tasks.o(i.xTaskPriorityDisinherit)
    i.xTaskRemoveFromEventList               0x08003810   Section        0  tasks.o(i.xTaskRemoveFromEventList)
    i.xTaskResumeAll                         0x08003884   Section        0  tasks.o(i.xTaskResumeAll)
    i.xTimerCreateTimerTask                  0x0800394c   Section        0  timers.o(i.xTimerCreateTimerTask)
    i.xTimerGenericCommand                   0x080039ac   Section        0  timers.o(i.xTimerGenericCommand)
    .constdata                               0x08003a14   Section       36  freertos.o(.constdata)
    .constdata                               0x08003a38   Section       16  system_stm32f4xx.o(.constdata)
    .constdata                               0x08003a48   Section        8  system_stm32f4xx.o(.constdata)
    .constdata                               0x08003a50   Section      252  cm_backtrace.o(.constdata)
    print_info                               0x08003a50   Data         152  cm_backtrace.o(.constdata)
    __FUNCTION__                             0x08003ae8   Data          26  cm_backtrace.o(.constdata)
    __FUNCTION__                             0x08003b02   Data          20  cm_backtrace.o(.constdata)
    __FUNCTION__                             0x08003b16   Data          19  cm_backtrace.o(.constdata)
    .conststring                             0x08003b4c   Section       12  freertos.o(.conststring)
    .conststring                             0x08003b58   Section     2244  cm_backtrace.o(.conststring)
    .data                                    0x20000000   Section        4  freertos.o(.data)
    .data                                    0x20000004   Section       12  stm32f4xx_hal.o(.data)
    .data                                    0x20000010   Section        4  system_stm32f4xx.o(.data)
    .data                                    0x20000014   Section       60  tasks.o(.data)
    uxDeletedTasksWaitingCleanUp             0x20000018   Data           4  tasks.o(.data)
    uxCurrentNumberOfTasks                   0x2000001c   Data           4  tasks.o(.data)
    xTickCount                               0x20000020   Data           4  tasks.o(.data)
    uxTopReadyPriority                       0x20000024   Data           4  tasks.o(.data)
    xSchedulerRunning                        0x20000028   Data           4  tasks.o(.data)
    xPendedTicks                             0x2000002c   Data           4  tasks.o(.data)
    xYieldPending                            0x20000030   Data           4  tasks.o(.data)
    xNumOfOverflows                          0x20000034   Data           4  tasks.o(.data)
    uxTaskNumber                             0x20000038   Data           4  tasks.o(.data)
    xNextTaskUnblockTime                     0x2000003c   Data           4  tasks.o(.data)
    xIdleTaskHandle                          0x20000040   Data           4  tasks.o(.data)
    uxSchedulerSuspended                     0x20000044   Data           4  tasks.o(.data)
    pxDelayedTaskList                        0x20000048   Data           4  tasks.o(.data)
    pxOverflowDelayedTaskList                0x2000004c   Data           4  tasks.o(.data)
    .data                                    0x20000050   Section       20  timers.o(.data)
    xTimerQueue                              0x20000050   Data           4  timers.o(.data)
    xTimerTaskHandle                         0x20000054   Data           4  timers.o(.data)
    xLastTime                                0x20000058   Data           4  timers.o(.data)
    pxCurrentTimerList                       0x2000005c   Data           4  timers.o(.data)
    pxOverflowTimerList                      0x20000060   Data           4  timers.o(.data)
    .data                                    0x20000064   Section        4  cmsis_os2.o(.data)
    KernelState                              0x20000064   Data           4  cmsis_os2.o(.data)
    .data                                    0x20000068   Section       32  heap_4.o(.data)
    pxEnd                                    0x20000068   Data           4  heap_4.o(.data)
    xFreeBytesRemaining                      0x2000006c   Data           4  heap_4.o(.data)
    xMinimumEverFreeBytesRemaining           0x20000070   Data           4  heap_4.o(.data)
    xNumberOfSuccessfulAllocations           0x20000074   Data           4  heap_4.o(.data)
    xNumberOfSuccessfulFrees                 0x20000078   Data           4  heap_4.o(.data)
    xBlockAllocatedBit                       0x2000007c   Data           4  heap_4.o(.data)
    xStart                                   0x20000080   Data           8  heap_4.o(.data)
    .data                                    0x20000088   Section       12  port.o(.data)
    ucMaxSysCallPriority                     0x20000088   Data           1  port.o(.data)
    uxCriticalNesting                        0x2000008c   Data           4  port.o(.data)
    ulMaxPRIGROUPValue                       0x20000090   Data           4  port.o(.data)
    .data                                    0x20000094   Section       24  cm_backtrace.o(.data)
    init_ok                                  0x20000094   Data           1  cm_backtrace.o(.data)
    on_fault                                 0x20000095   Data           1  cm_backtrace.o(.data)
    stack_is_overflow                        0x20000096   Data           1  cm_backtrace.o(.data)
    statck_has_fpu_regs                      0x20000097   Data           1  cm_backtrace.o(.data)
    on_thread_before_fault                   0x20000098   Data           1  cm_backtrace.o(.data)
    main_stack_start_addr                    0x2000009c   Data           4  cm_backtrace.o(.data)
    main_stack_size                          0x200000a0   Data           4  cm_backtrace.o(.data)
    code_start_addr                          0x200000a4   Data           4  cm_backtrace.o(.data)
    code_size                                0x200000a8   Data           4  cm_backtrace.o(.data)
    .data                                    0x200000ac   Section        4  stdout.o(.data)
    .bss                                     0x200000b0   Section       68  usart.o(.bss)
    .bss                                     0x200000f4   Section       72  stm32f4xx_hal_timebase_tim.o(.bss)
    .bss                                     0x2000013c   Section       64  queue.o(.bss)
    .bss                                     0x2000017c   Section     1220  tasks.o(.bss)
    pxReadyTasksLists                        0x2000017c   Data        1120  tasks.o(.bss)
    xDelayedTaskList1                        0x200005dc   Data          20  tasks.o(.bss)
    xDelayedTaskList2                        0x200005f0   Data          20  tasks.o(.bss)
    xPendingReadyList                        0x20000604   Data          20  tasks.o(.bss)
    xTasksWaitingTermination                 0x20000618   Data          20  tasks.o(.bss)
    xSuspendedTaskList                       0x2000062c   Data          20  tasks.o(.bss)
    .bss                                     0x20000640   Section      280  timers.o(.bss)
    xStaticTimerQueue                        0x20000640   Data          80  timers.o(.bss)
    ucStaticTimerQueueStorage                0x20000690   Data         160  timers.o(.bss)
    xActiveTimerList1                        0x20000730   Data          20  timers.o(.bss)
    xActiveTimerList2                        0x20000744   Data          20  timers.o(.bss)
    .bss                                     0x20000758   Section     1728  cmsis_os2.o(.bss)
    Idle_TCB                                 0x20000758   Data          96  cmsis_os2.o(.bss)
    Idle_Stack                               0x200007b8   Data         512  cmsis_os2.o(.bss)
    Timer_TCB                                0x200009b8   Data          96  cmsis_os2.o(.bss)
    Timer_Stack                              0x20000a18   Data        1024  cmsis_os2.o(.bss)
    .bss                                     0x20000e18   Section    15360  heap_4.o(.bss)
    ucHeap                                   0x20000e18   Data       15360  heap_4.o(.bss)
    .bss                                     0x20004a18   Section      456  cm_backtrace.o(.bss)
    fw_name                                  0x20004a18   Data          33  cm_backtrace.o(.bss)
    hw_ver                                   0x20004a39   Data          33  cm_backtrace.o(.bss)
    sw_ver                                   0x20004a5a   Data          33  cm_backtrace.o(.bss)
    call_stack_info                          0x20004a7b   Data         288  cm_backtrace.o(.bss)
    regs                                     0x20004b9c   Data          68  cm_backtrace.o(.bss)
    STACK                                    0x20004be0   Section     1024  startup_stm32f411xe.o(STACK)

    Global Symbols

    Symbol Name                              Value     Ov Type        Size  Object(Section)

    BuildAttributes$$THM_ISAv4$E$P$D$K$B$S$7EM$VFPi3$EXTD16$VFPS$VFMA$PE$A:L22UL41UL21$X:L11$S22US41US21$IEEE1$IW$USESV6$~STKCKD$USESV7$~SHL$OSPACE$ROPI$EBA8$MICROLIB$REQ8$PRES8$EABIv2 0x00000000   Number         0  anon$$obj.o ABSOLUTE
    __ARM_use_no_argv                        0x00000000   Number         0  main.o ABSOLUTE
    _printf_a                                0x00000000   Number         0  stubs.o ABSOLUTE
    _printf_c                                0x00000000   Number         0  stubs.o ABSOLUTE
    _printf_charcount                        0x00000000   Number         0  stubs.o ABSOLUTE
    _printf_d                                0x00000000   Number         0  stubs.o ABSOLUTE
    _printf_e                                0x00000000   Number         0  stubs.o ABSOLUTE
    _printf_f                                0x00000000   Number         0  stubs.o ABSOLUTE
    _printf_flags                            0x00000000   Number         0  stubs.o ABSOLUTE
    _printf_fp_dec                           0x00000000   Number         0  stubs.o ABSOLUTE
    _printf_fp_hex                           0x00000000   Number         0  stubs.o ABSOLUTE
    _printf_g                                0x00000000   Number         0  stubs.o ABSOLUTE
    _printf_i                                0x00000000   Number         0  stubs.o ABSOLUTE
    _printf_int_dec                          0x00000000   Number         0  stubs.o ABSOLUTE
    _printf_l                                0x00000000   Number         0  stubs.o ABSOLUTE
    _printf_lc                               0x00000000   Number         0  stubs.o ABSOLUTE
    _printf_ll                               0x00000000   Number         0  stubs.o ABSOLUTE
    _printf_lld                              0x00000000   Number         0  stubs.o ABSOLUTE
    _printf_lli                              0x00000000   Number         0  stubs.o ABSOLUTE
    _printf_llo                              0x00000000   Number         0  stubs.o ABSOLUTE
    _printf_llu                              0x00000000   Number         0  stubs.o ABSOLUTE
    _printf_llx                              0x00000000   Number         0  stubs.o ABSOLUTE
    _printf_longlong_dec                     0x00000000   Number         0  stubs.o ABSOLUTE
    _printf_longlong_hex                     0x00000000   Number         0  stubs.o ABSOLUTE
    _printf_longlong_oct                     0x00000000   Number         0  stubs.o ABSOLUTE
    _printf_ls                               0x00000000   Number         0  stubs.o ABSOLUTE
    _printf_mbtowc                           0x00000000   Number         0  stubs.o ABSOLUTE
    _printf_n                                0x00000000   Number         0  stubs.o ABSOLUTE
    _printf_o                                0x00000000   Number         0  stubs.o ABSOLUTE
    _printf_p                                0x00000000   Number         0  stubs.o ABSOLUTE
    _printf_percent                          0x00000000   Number         0  stubs.o ABSOLUTE
    _printf_pre_padding                      0x00000000   Number         0  stubs.o ABSOLUTE
    _printf_return_value                     0x00000000   Number         0  stubs.o ABSOLUTE
    _printf_s                                0x00000000   Number         0  stubs.o ABSOLUTE
    _printf_sizespec                         0x00000000   Number         0  stubs.o ABSOLUTE
    _printf_str                              0x00000000   Number         0  stubs.o ABSOLUTE
    _printf_truncate_signed                  0x00000000   Number         0  stubs.o ABSOLUTE
    _printf_truncate_unsigned                0x00000000   Number         0  stubs.o ABSOLUTE
    _printf_u                                0x00000000   Number         0  stubs.o ABSOLUTE
    _printf_wc                               0x00000000   Number         0  stubs.o ABSOLUTE
    _printf_wctomb                           0x00000000   Number         0  stubs.o ABSOLUTE
    _printf_widthprec                        0x00000000   Number         0  stubs.o ABSOLUTE
    _printf_x                                0x00000000   Number         0  stubs.o ABSOLUTE
    __arm_fini_                               - Undefined Weak Reference
    __cpp_initialize__aeabi_                  - Undefined Weak Reference
    __cxa_finalize                            - Undefined Weak Reference
    __decompress                              - Undefined Weak Reference
    _clock_init                               - Undefined Weak Reference
    _microlib_exit                            - Undefined Weak Reference
    __Vectors_Size                           0x00000198   Number         0  startup_stm32f411xe.o ABSOLUTE
    Image$$ER_IROM1$$Base                    0x08000000   Number         0  anon$$obj.o ABSOLUTE
    __Vectors                                0x08000000   Data           4  startup_stm32f411xe.o(RESET)
    __Vectors_End                            0x08000198   Data           0  startup_stm32f411xe.o(RESET)
    __main                                   0x08000199   Thumb Code     0  entry.o(.ARM.Collect$$$$00000000)
    _main_stk                                0x08000199   Thumb Code     0  entry2.o(.ARM.Collect$$$$00000001)
    _main_scatterload                        0x0800019d   Thumb Code     0  entry5.o(.ARM.Collect$$$$00000004)
    __main_after_scatterload                 0x080001a1   Thumb Code     0  entry5.o(.ARM.Collect$$$$00000004)
    _main_clock                              0x080001a1   Thumb Code     0  entry7b.o(.ARM.Collect$$$$00000008)
    _main_cpp_init                           0x080001a1   Thumb Code     0  entry8b.o(.ARM.Collect$$$$0000000A)
    _main_init                               0x080001a1   Thumb Code     0  entry9a.o(.ARM.Collect$$$$0000000B)
    __rt_lib_shutdown_fini                   0x080001a9   Thumb Code     0  entry12b.o(.ARM.Collect$$$$0000000E)
    __rt_final_cpp                           0x080001ad   Thumb Code     0  entry10a.o(.ARM.Collect$$$$0000000F)
    __rt_final_exit                          0x080001ad   Thumb Code     0  entry11a.o(.ARM.Collect$$$$00000011)
    SVC_Handler                              0x080001b1   Thumb Code    28  port.o(.emb_text)
    __asm___6_port_c_39a90d8d__prvStartFirstTask 0x080001d1   Thumb Code    36  port.o(.emb_text)
    __asm___6_port_c_39a90d8d__prvEnableVFP  0x080001f9   Thumb Code    16  port.o(.emb_text)
    PendSV_Handler                           0x0800020d   Thumb Code    88  port.o(.emb_text)
    vPortGetIPSR                             0x08000269   Thumb Code     6  port.o(.emb_text)
    __asm___14_cm_backtrace_c_13c737ea__cmb_get_msp 0x08000271   Thumb Code     6  cm_backtrace.o(.emb_text)
    __asm___14_cm_backtrace_c_13c737ea__cmb_get_psp 0x08000277   Thumb Code     6  cm_backtrace.o(.emb_text)
    __asm___14_cm_backtrace_c_13c737ea__cmb_get_sp 0x0800027d   Thumb Code     4  cm_backtrace.o(.emb_text)
    Reset_Handler                            0x08000281   Thumb Code     8  startup_stm32f411xe.o(.text)
    ADC_IRQHandler                           0x0800029b   Thumb Code     0  startup_stm32f411xe.o(.text)
    DMA1_Stream0_IRQHandler                  0x0800029b   Thumb Code     0  startup_stm32f411xe.o(.text)
    DMA1_Stream1_IRQHandler                  0x0800029b   Thumb Code     0  startup_stm32f411xe.o(.text)
    DMA1_Stream2_IRQHandler                  0x0800029b   Thumb Code     0  startup_stm32f411xe.o(.text)
    DMA1_Stream3_IRQHandler                  0x0800029b   Thumb Code     0  startup_stm32f411xe.o(.text)
    DMA1_Stream4_IRQHandler                  0x0800029b   Thumb Code     0  startup_stm32f411xe.o(.text)
    DMA1_Stream5_IRQHandler                  0x0800029b   Thumb Code     0  startup_stm32f411xe.o(.text)
    DMA1_Stream6_IRQHandler                  0x0800029b   Thumb Code     0  startup_stm32f411xe.o(.text)
    DMA1_Stream7_IRQHandler                  0x0800029b   Thumb Code     0  startup_stm32f411xe.o(.text)
    DMA2_Stream0_IRQHandler                  0x0800029b   Thumb Code     0  startup_stm32f411xe.o(.text)
    DMA2_Stream1_IRQHandler                  0x0800029b   Thumb Code     0  startup_stm32f411xe.o(.text)
    DMA2_Stream2_IRQHandler                  0x0800029b   Thumb Code     0  startup_stm32f411xe.o(.text)
    DMA2_Stream3_IRQHandler                  0x0800029b   Thumb Code     0  startup_stm32f411xe.o(.text)
    DMA2_Stream4_IRQHandler                  0x0800029b   Thumb Code     0  startup_stm32f411xe.o(.text)
    DMA2_Stream5_IRQHandler                  0x0800029b   Thumb Code     0  startup_stm32f411xe.o(.text)
    DMA2_Stream6_IRQHandler                  0x0800029b   Thumb Code     0  startup_stm32f411xe.o(.text)
    DMA2_Stream7_IRQHandler                  0x0800029b   Thumb Code     0  startup_stm32f411xe.o(.text)
    EXTI0_IRQHandler                         0x0800029b   Thumb Code     0  startup_stm32f411xe.o(.text)
    EXTI15_10_IRQHandler                     0x0800029b   Thumb Code     0  startup_stm32f411xe.o(.text)
    EXTI1_IRQHandler                         0x0800029b   Thumb Code     0  startup_stm32f411xe.o(.text)
    EXTI2_IRQHandler                         0x0800029b   Thumb Code     0  startup_stm32f411xe.o(.text)
    EXTI3_IRQHandler                         0x0800029b   Thumb Code     0  startup_stm32f411xe.o(.text)
    EXTI4_IRQHandler                         0x0800029b   Thumb Code     0  startup_stm32f411xe.o(.text)
    EXTI9_5_IRQHandler                       0x0800029b   Thumb Code     0  startup_stm32f411xe.o(.text)
    FLASH_IRQHandler                         0x0800029b   Thumb Code     0  startup_stm32f411xe.o(.text)
    FPU_IRQHandler                           0x0800029b   Thumb Code     0  startup_stm32f411xe.o(.text)
    I2C1_ER_IRQHandler                       0x0800029b   Thumb Code     0  startup_stm32f411xe.o(.text)
    I2C1_EV_IRQHandler                       0x0800029b   Thumb Code     0  startup_stm32f411xe.o(.text)
    I2C2_ER_IRQHandler                       0x0800029b   Thumb Code     0  startup_stm32f411xe.o(.text)
    I2C2_EV_IRQHandler                       0x0800029b   Thumb Code     0  startup_stm32f411xe.o(.text)
    I2C3_ER_IRQHandler                       0x0800029b   Thumb Code     0  startup_stm32f411xe.o(.text)
    I2C3_EV_IRQHandler                       0x0800029b   Thumb Code     0  startup_stm32f411xe.o(.text)
    OTG_FS_IRQHandler                        0x0800029b   Thumb Code     0  startup_stm32f411xe.o(.text)
    OTG_FS_WKUP_IRQHandler                   0x0800029b   Thumb Code     0  startup_stm32f411xe.o(.text)
    PVD_IRQHandler                           0x0800029b   Thumb Code     0  startup_stm32f411xe.o(.text)
    RCC_IRQHandler                           0x0800029b   Thumb Code     0  startup_stm32f411xe.o(.text)
    RTC_Alarm_IRQHandler                     0x0800029b   Thumb Code     0  startup_stm32f411xe.o(.text)
    RTC_WKUP_IRQHandler                      0x0800029b   Thumb Code     0  startup_stm32f411xe.o(.text)
    SDIO_IRQHandler                          0x0800029b   Thumb Code     0  startup_stm32f411xe.o(.text)
    SPI1_IRQHandler                          0x0800029b   Thumb Code     0  startup_stm32f411xe.o(.text)
    SPI2_IRQHandler                          0x0800029b   Thumb Code     0  startup_stm32f411xe.o(.text)
    SPI3_IRQHandler                          0x0800029b   Thumb Code     0  startup_stm32f411xe.o(.text)
    SPI4_IRQHandler                          0x0800029b   Thumb Code     0  startup_stm32f411xe.o(.text)
    SPI5_IRQHandler                          0x0800029b   Thumb Code     0  startup_stm32f411xe.o(.text)
    TAMP_STAMP_IRQHandler                    0x0800029b   Thumb Code     0  startup_stm32f411xe.o(.text)
    TIM1_BRK_TIM9_IRQHandler                 0x0800029b   Thumb Code     0  startup_stm32f411xe.o(.text)
    TIM1_CC_IRQHandler                       0x0800029b   Thumb Code     0  startup_stm32f411xe.o(.text)
    TIM1_TRG_COM_TIM11_IRQHandler            0x0800029b   Thumb Code     0  startup_stm32f411xe.o(.text)
    TIM2_IRQHandler                          0x0800029b   Thumb Code     0  startup_stm32f411xe.o(.text)
    TIM3_IRQHandler                          0x0800029b   Thumb Code     0  startup_stm32f411xe.o(.text)
    TIM4_IRQHandler                          0x0800029b   Thumb Code     0  startup_stm32f411xe.o(.text)
    TIM5_IRQHandler                          0x0800029b   Thumb Code     0  startup_stm32f411xe.o(.text)
    USART1_IRQHandler                        0x0800029b   Thumb Code     0  startup_stm32f411xe.o(.text)
    USART2_IRQHandler                        0x0800029b   Thumb Code     0  startup_stm32f411xe.o(.text)
    USART6_IRQHandler                        0x0800029b   Thumb Code     0  startup_stm32f411xe.o(.text)
    WWDG_IRQHandler                          0x0800029b   Thumb Code     0  startup_stm32f411xe.o(.text)
    HardFault_Handler                        0x080002a5   Thumb Code    12  cmb_fault.o(.text)
    __aeabi_uldivmod                         0x080002b1   Thumb Code    98  uldiv.o(.text)
    __aeabi_memcpy                           0x08000313   Thumb Code    36  memcpya.o(.text)
    __aeabi_memcpy4                          0x08000313   Thumb Code     0  memcpya.o(.text)
    __aeabi_memcpy8                          0x08000313   Thumb Code     0  memcpya.o(.text)
    __aeabi_memset                           0x08000337   Thumb Code    14  memseta.o(.text)
    __aeabi_memset4                          0x08000337   Thumb Code     0  memseta.o(.text)
    __aeabi_memset8                          0x08000337   Thumb Code     0  memseta.o(.text)
    __aeabi_memclr                           0x08000345   Thumb Code     4  memseta.o(.text)
    __aeabi_memclr4                          0x08000345   Thumb Code     0  memseta.o(.text)
    __aeabi_memclr8                          0x08000345   Thumb Code     0  memseta.o(.text)
    memset                                   0x08000349   Thumb Code    18  memseta.o(.text)
    strncpy                                  0x0800035b   Thumb Code    24  strncpy.o(.text)
    __aeabi_llsl                             0x08000373   Thumb Code    30  llshl.o(.text)
    _ll_shift_l                              0x08000373   Thumb Code     0  llshl.o(.text)
    __aeabi_llsr                             0x08000391   Thumb Code    32  llushr.o(.text)
    _ll_ushift_r                             0x08000391   Thumb Code     0  llushr.o(.text)
    __scatterload                            0x080003b1   Thumb Code    28  init.o(.text)
    __scatterload_rt2                        0x080003b1   Thumb Code     0  init.o(.text)
    BusFault_Handler                         0x080003d5   Thumb Code     2  stm32f4xx_it.o(i.BusFault_Handler)
    DebugMon_Handler                         0x080003d7   Thumb Code     2  stm32f4xx_it.o(i.DebugMon_Handler)
    Error_Handler                            0x080003d9   Thumb Code     4  main.o(i.Error_Handler)
    Fault_Test                               0x080003dd   Thumb Code    24  freertos.o(i.Fault_Test)
    HAL_GPIO_Init                            0x08000405   Thumb Code   446  stm32f4xx_hal_gpio.o(i.HAL_GPIO_Init)
    HAL_GetTick                              0x080005e5   Thumb Code     6  stm32f4xx_hal.o(i.HAL_GetTick)
    HAL_IncTick                              0x080005f1   Thumb Code    12  stm32f4xx_hal.o(i.HAL_IncTick)
    HAL_Init                                 0x08000601   Thumb Code    48  stm32f4xx_hal.o(i.HAL_Init)
    HAL_InitTick                             0x08000635   Thumb Code   118  stm32f4xx_hal_timebase_tim.o(i.HAL_InitTick)
    HAL_MspInit                              0x080006c1   Thumb Code    52  stm32f4xx_hal_msp.o(i.HAL_MspInit)
    HAL_NVIC_EnableIRQ                       0x080006f9   Thumb Code    26  stm32f4xx_hal_cortex.o(i.HAL_NVIC_EnableIRQ)
    HAL_NVIC_SetPriority                     0x08000715   Thumb Code    60  stm32f4xx_hal_cortex.o(i.HAL_NVIC_SetPriority)
    HAL_NVIC_SetPriorityGrouping             0x08000755   Thumb Code    26  stm32f4xx_hal_cortex.o(i.HAL_NVIC_SetPriorityGrouping)
    HAL_RCC_ClockConfig                      0x08000779   Thumb Code   288  stm32f4xx_hal_rcc.o(i.HAL_RCC_ClockConfig)
    HAL_RCC_GetClockConfig                   0x080008ad   Thumb Code    54  stm32f4xx_hal_rcc.o(i.HAL_RCC_GetClockConfig)
    HAL_RCC_GetPCLK1Freq                     0x080008ed   Thumb Code    20  stm32f4xx_hal_rcc.o(i.HAL_RCC_GetPCLK1Freq)
    HAL_RCC_GetPCLK2Freq                     0x0800090d   Thumb Code    20  stm32f4xx_hal_rcc.o(i.HAL_RCC_GetPCLK2Freq)
    HAL_RCC_GetSysClockFreq                  0x0800092d   Thumb Code    88  stm32f4xx_hal_rcc.o(i.HAL_RCC_GetSysClockFreq)
    HAL_RCC_OscConfig                        0x08000991   Thumb Code   856  stm32f4xx_hal_rcc.o(i.HAL_RCC_OscConfig)
    HAL_TIMEx_BreakCallback                  0x08000cfd   Thumb Code     2  stm32f4xx_hal_tim_ex.o(i.HAL_TIMEx_BreakCallback)
    HAL_TIMEx_CommutCallback                 0x08000cff   Thumb Code     2  stm32f4xx_hal_tim_ex.o(i.HAL_TIMEx_CommutCallback)
    HAL_TIM_Base_Init                        0x08000d01   Thumb Code    90  stm32f4xx_hal_tim.o(i.HAL_TIM_Base_Init)
    HAL_TIM_Base_MspInit                     0x08000d5b   Thumb Code     2  stm32f4xx_hal_tim.o(i.HAL_TIM_Base_MspInit)
    HAL_TIM_Base_Start_IT                    0x08000d5d   Thumb Code    88  stm32f4xx_hal_tim.o(i.HAL_TIM_Base_Start_IT)
    HAL_TIM_IC_CaptureCallback               0x08000dc9   Thumb Code     2  stm32f4xx_hal_tim.o(i.HAL_TIM_IC_CaptureCallback)
    HAL_TIM_IRQHandler                       0x08000dcb   Thumb Code   358  stm32f4xx_hal_tim.o(i.HAL_TIM_IRQHandler)
    HAL_TIM_OC_DelayElapsedCallback          0x08000f31   Thumb Code     2  stm32f4xx_hal_tim.o(i.HAL_TIM_OC_DelayElapsedCallback)
    HAL_TIM_PWM_PulseFinishedCallback        0x08000f33   Thumb Code     2  stm32f4xx_hal_tim.o(i.HAL_TIM_PWM_PulseFinishedCallback)
    HAL_TIM_PeriodElapsedCallback            0x08000f35   Thumb Code    14  main.o(i.HAL_TIM_PeriodElapsedCallback)
    HAL_TIM_TriggerCallback                  0x08000f49   Thumb Code     2  stm32f4xx_hal_tim.o(i.HAL_TIM_TriggerCallback)
    HAL_UART_Init                            0x08000f4b   Thumb Code    98  stm32f4xx_hal_uart.o(i.HAL_UART_Init)
    HAL_UART_MspInit                         0x08000fad   Thumb Code    94  usart.o(i.HAL_UART_MspInit)
    HAL_UART_Transmit                        0x08001019   Thumb Code   178  stm32f4xx_hal_uart.o(i.HAL_UART_Transmit)
    MX_FREERTOS_Init                         0x080010cd   Thumb Code    18  freertos.o(i.MX_FREERTOS_Init)
    MX_GPIO_Init                             0x080010ed   Thumb Code    54  gpio.o(i.MX_GPIO_Init)
    MX_USART1_UART_Init                      0x08001129   Thumb Code    48  usart.o(i.MX_USART1_UART_Init)
    MemManage_Handler                        0x08001161   Thumb Code     2  stm32f4xx_it.o(i.MemManage_Handler)
    NMI_Handler                              0x08001163   Thumb Code     2  stm32f4xx_it.o(i.NMI_Handler)
    StartDefaultTask                         0x08001165   Thumb Code    24  freertos.o(i.StartDefaultTask)
    SysTick_Handler                          0x080011ad   Thumb Code    26  cmsis_os2.o(i.SysTick_Handler)
    SystemClock_Config                       0x080011c9   Thumb Code   136  main.o(i.SystemClock_Config)
    SystemInit                               0x08001259   Thumb Code    12  system_stm32f4xx.o(i.SystemInit)
    TIM1_UP_TIM10_IRQHandler                 0x08001269   Thumb Code     6  stm32f4xx_it.o(i.TIM1_UP_TIM10_IRQHandler)
    TIM_Base_SetConfig                       0x08001275   Thumb Code   122  stm32f4xx_hal_tim.o(i.TIM_Base_SetConfig)
    UsageFault_Handler                       0x08001491   Thumb Code     2  stm32f4xx_it.o(i.UsageFault_Handler)
    __0printf$8                              0x08001495   Thumb Code    22  printf8.o(i.__0printf$8)
    __1printf$8                              0x08001495   Thumb Code     0  printf8.o(i.__0printf$8)
    __2printf                                0x08001495   Thumb Code     0  printf8.o(i.__0printf$8)
    __0sprintf$8                             0x080014b5   Thumb Code    34  printf8.o(i.__0sprintf$8)
    __1sprintf$8                             0x080014b5   Thumb Code     0  printf8.o(i.__0sprintf$8)
    __2sprintf                               0x080014b5   Thumb Code     0  printf8.o(i.__0sprintf$8)
    __scatterload_copy                       0x080014fd   Thumb Code    14  handlers.o(i.__scatterload_copy)
    __scatterload_null                       0x0800150b   Thumb Code     2  handlers.o(i.__scatterload_null)
    __scatterload_zeroinit                   0x0800150d   Thumb Code    14  handlers.o(i.__scatterload_zeroinit)
    cm_backtrace_call_stack                  0x0800197d   Thumb Code   196  cm_backtrace.o(i.cm_backtrace_call_stack)
    cm_backtrace_fault                       0x08001a49   Thumb Code   458  cm_backtrace.o(i.cm_backtrace_fault)
    cm_backtrace_firmware_info               0x08001cd9   Thumb Code    30  cm_backtrace.o(i.cm_backtrace_firmware_info)
    cm_backtrace_init                        0x08001d05   Thumb Code    90  cm_backtrace.o(i.cm_backtrace_init)
    fputc                                    0x080020b1   Thumb Code    20  usart.o(i.fputc)
    main                                     0x08002145   Thumb Code    40  main.o(i.main)
    osDelay                                  0x08002189   Thumb Code    26  cmsis_os2.o(i.osDelay)
    osKernelInitialize                       0x080021a5   Thumb Code    32  cmsis_os2.o(i.osKernelInitialize)
    osKernelStart                            0x080021c9   Thumb Code    48  cmsis_os2.o(i.osKernelStart)
    osThreadNew                              0x08002201   Thumb Code   138  cmsis_os2.o(i.osThreadNew)
    pvPortMalloc                             0x08002aad   Thumb Code   216  heap_4.o(i.pvPortMalloc)
    pxPortInitialiseStack                    0x08002b89   Thumb Code    40  port.o(i.pxPortInitialiseStack)
    uxListRemove                             0x08002bb5   Thumb Code    38  list.o(i.uxListRemove)
    vApplicationGetIdleTaskMemory            0x08002bdd   Thumb Code    16  cmsis_os2.o(i.vApplicationGetIdleTaskMemory)
    vApplicationGetTimerTaskMemory           0x08002bf1   Thumb Code    18  cmsis_os2.o(i.vApplicationGetTimerTaskMemory)
    vListInitialise                          0x08002c09   Thumb Code    22  list.o(i.vListInitialise)
    vListInitialiseItem                      0x08002c1f   Thumb Code     6  list.o(i.vListInitialiseItem)
    vListInsert                              0x08002c25   Thumb Code    48  list.o(i.vListInsert)
    vListInsertEnd                           0x08002c55   Thumb Code    24  list.o(i.vListInsertEnd)
    vPortEnterCritical                       0x08002c6d   Thumb Code    54  port.o(i.vPortEnterCritical)
    vPortExitCritical                        0x08002cad   Thumb Code    34  port.o(i.vPortExitCritical)
    vPortFree                                0x08002cd5   Thumb Code    94  heap_4.o(i.vPortFree)
    vPortSetupTimerInterrupt                 0x08002d39   Thumb Code    32  port.o(i.vPortSetupTimerInterrupt)
    vPortValidateInterruptPriority           0x08002d5d   Thumb Code    74  port.o(i.vPortValidateInterruptPriority)
    vQueueAddToRegistry                      0x08002db1   Thumb Code    34  queue.o(i.vQueueAddToRegistry)
    vQueueWaitForMessageRestricted           0x08002dd9   Thumb Code    68  queue.o(i.vQueueWaitForMessageRestricted)
    vTaskDelay                               0x08002e1d   Thumb Code    66  tasks.o(i.vTaskDelay)
    vTaskInternalSetTimeOutState             0x08002e69   Thumb Code    12  tasks.o(i.vTaskInternalSetTimeOutState)
    vTaskMissedYield                         0x08002e79   Thumb Code     8  tasks.o(i.vTaskMissedYield)
    vTaskName                                0x08002e85   Thumb Code     8  tasks.o(i.vTaskName)
    vTaskPlaceOnEventList                    0x08002e91   Thumb Code    44  tasks.o(i.vTaskPlaceOnEventList)
    vTaskPlaceOnEventListRestricted          0x08002ec1   Thumb Code    52  tasks.o(i.vTaskPlaceOnEventListRestricted)
    vTaskStackAddr                           0x08002ef9   Thumb Code     8  tasks.o(i.vTaskStackAddr)
    vTaskStackSize                           0x08002f05   Thumb Code     8  tasks.o(i.vTaskStackSize)
    vTaskStartScheduler                      0x08002f11   Thumb Code   118  tasks.o(i.vTaskStartScheduler)
    vTaskSuspendAll                          0x08002f99   Thumb Code    10  tasks.o(i.vTaskSuspendAll)
    vTaskSwitchContext                       0x08002fa9   Thumb Code    90  tasks.o(i.vTaskSwitchContext)
    xPortStartScheduler                      0x0800300d   Thumb Code   222  port.o(i.xPortStartScheduler)
    xPortSysTickHandler                      0x08003101   Thumb Code    38  port.o(i.xPortSysTickHandler)
    xQueueGenericCreateStatic                0x0800312d   Thumb Code   102  queue.o(i.xQueueGenericCreateStatic)
    xQueueGenericReset                       0x08003195   Thumb Code   132  queue.o(i.xQueueGenericReset)
    xQueueGenericSend                        0x0800321d   Thumb Code   346  queue.o(i.xQueueGenericSend)
    xQueueGenericSendFromISR                 0x0800337d   Thumb Code   190  queue.o(i.xQueueGenericSendFromISR)
    xQueueReceive                            0x0800343d   Thumb Code   308  queue.o(i.xQueueReceive)
    xTaskCheckForTimeOut                     0x08003575   Thumb Code   112  tasks.o(i.xTaskCheckForTimeOut)
    xTaskCreate                              0x080035e9   Thumb Code    90  tasks.o(i.xTaskCreate)
    xTaskCreateStatic                        0x08003643   Thumb Code    86  tasks.o(i.xTaskCreateStatic)
    xTaskGetSchedulerState                   0x08003699   Thumb Code    22  tasks.o(i.xTaskGetSchedulerState)
    xTaskGetTickCount                        0x080036b5   Thumb Code     6  tasks.o(i.xTaskGetTickCount)
    xTaskIncrementTick                       0x080036c1   Thumb Code   196  tasks.o(i.xTaskIncrementTick)
    xTaskPriorityDisinherit                  0x0800378d   Thumb Code   122  tasks.o(i.xTaskPriorityDisinherit)
    xTaskRemoveFromEventList                 0x08003811   Thumb Code   102  tasks.o(i.xTaskRemoveFromEventList)
    xTaskResumeAll                           0x08003885   Thumb Code   186  tasks.o(i.xTaskResumeAll)
    xTimerCreateTimerTask                    0x0800394d   Thumb Code    78  timers.o(i.xTimerCreateTimerTask)
    xTimerGenericCommand                     0x080039ad   Thumb Code    98  timers.o(i.xTimerGenericCommand)
    defaultTask_attributes                   0x08003a14   Data          36  freertos.o(.constdata)
    AHBPrescTable                            0x08003a38   Data          16  system_stm32f4xx.o(.constdata)
    APBPrescTable                            0x08003a48   Data           8  system_stm32f4xx.o(.constdata)
    Region$$Table$$Base                      0x0800441c   Number         0  anon$$obj.o(Region$$Table)
    Image$$ER_IROM1$$Limit                   0x0800443c   Number         0  anon$$obj.o ABSOLUTE
    Region$$Table$$Limit                     0x0800443c   Number         0  anon$$obj.o(Region$$Table)
    defaultTaskHandle                        0x20000000   Data           4  freertos.o(.data)
    uwTickFreq                               0x20000004   Data           1  stm32f4xx_hal.o(.data)
    uwTickPrio                               0x20000008   Data           4  stm32f4xx_hal.o(.data)
    uwTick                                   0x2000000c   Data           4  stm32f4xx_hal.o(.data)
    SystemCoreClock                          0x20000010   Data           4  system_stm32f4xx.o(.data)
    pxCurrentTCB                             0x20000014   Data           4  tasks.o(.data)
    __stdout                                 0x200000ac   Data           4  stdout.o(.data)
    huart1                                   0x200000b0   Data          68  usart.o(.bss)
    htim1                                    0x200000f4   Data          72  stm32f4xx_hal_timebase_tim.o(.bss)
    xQueueRegistry                           0x2000013c   Data          64  queue.o(.bss)
    STACK$$Base                              0x20004be0   Number         0  startup_stm32f411xe.o(STACK)
    STACK$$Limit                             0x20004fe0   Number         0  startup_stm32f411xe.o(STACK)
    __initial_sp                             0x20004fe0   Data           0  startup_stm32f411xe.o(STACK)



==============================================================================

Memory Map of the image

  Image Entry point : 0x08000199

  Load Region LR_IROM1 (Base: 0x08000000, Size: 0x000044ec, Max: 0x00080000, ABSOLUTE)

    Execution Region ER_IROM1 (Exec base: 0x08000000, Load base: 0x08000000, Size: 0x0000443c, Max: 0x00080000, ABSOLUTE)

    Exec Addr    Load Addr    Size         Type   Attr      Idx    E Section Name        Object

    0x08000000   0x08000000   0x00000198   Data   RO            3    RESET               startup_stm32f411xe.o
    0x08000198   0x08000198   0x00000000   Code   RO         4892  * .ARM.Collect$$$$00000000  mc_w.l(entry.o)
    0x08000198   0x08000198   0x00000004   Code   RO         5168    .ARM.Collect$$$$00000001  mc_w.l(entry2.o)
    0x0800019c   0x0800019c   0x00000004   Code   RO         5171    .ARM.Collect$$$$00000004  mc_w.l(entry5.o)
    0x080001a0   0x080001a0   0x00000000   Code   RO         5173    .ARM.Collect$$$$00000008  mc_w.l(entry7b.o)
    0x080001a0   0x080001a0   0x00000000   Code   RO         5175    .ARM.Collect$$$$0000000A  mc_w.l(entry8b.o)
    0x080001a0   0x080001a0   0x00000008   Code   RO         5176    .ARM.Collect$$$$0000000B  mc_w.l(entry9a.o)
    0x080001a8   0x080001a8   0x00000004   Code   RO         5183    .ARM.Collect$$$$0000000E  mc_w.l(entry12b.o)
    0x080001ac   0x080001ac   0x00000000   Code   RO         5178    .ARM.Collect$$$$0000000F  mc_w.l(entry10a.o)
    0x080001ac   0x080001ac   0x00000000   Code   RO         5180    .ARM.Collect$$$$00000011  mc_w.l(entry11a.o)
    0x080001ac   0x080001ac   0x00000004   Code   RO         5169    .ARM.Collect$$$$00002712  mc_w.l(entry2.o)
    0x080001b0   0x080001b0   0x000000be   Code   RO         4728    .emb_text           port.o
    0x0800026e   0x0800026e   0x00000002   PAD
    0x08000270   0x08000270   0x00000010   Code   RO         4809    .emb_text           cm_backtrace.o
    0x08000280   0x08000280   0x00000024   Code   RO            4    .text               startup_stm32f411xe.o
    0x080002a4   0x080002a4   0x0000000c   Code   RO         4805    .text               cmb_fault.o
    0x080002b0   0x080002b0   0x00000062   Code   RO         4895    .text               mc_w.l(uldiv.o)
    0x08000312   0x08000312   0x00000024   Code   RO         4897    .text               mc_w.l(memcpya.o)
    0x08000336   0x08000336   0x00000024   Code   RO         4901    .text               mc_w.l(memseta.o)
    0x0800035a   0x0800035a   0x00000018   Code   RO         4903    .text               mc_w.l(strncpy.o)
    0x08000372   0x08000372   0x0000001e   Code   RO         5187    .text               mc_w.l(llshl.o)
    0x08000390   0x08000390   0x00000020   Code   RO         5189    .text               mc_w.l(llushr.o)
    0x080003b0   0x080003b0   0x00000024   Code   RO         5202    .text               mc_w.l(init.o)
    0x080003d4   0x080003d4   0x00000002   Code   RO          333    i.BusFault_Handler  stm32f4xx_it.o
    0x080003d6   0x080003d6   0x00000002   Code   RO          334    i.DebugMon_Handler  stm32f4xx_it.o
    0x080003d8   0x080003d8   0x00000004   Code   RO           14    i.Error_Handler     main.o
    0x080003dc   0x080003dc   0x00000028   Code   RO          236    i.Fault_Test        freertos.o
    0x08000404   0x08000404   0x000001e0   Code   RO          863    i.HAL_GPIO_Init     stm32f4xx_hal_gpio.o
    0x080005e4   0x080005e4   0x0000000c   Code   RO         1419    i.HAL_GetTick       stm32f4xx_hal.o
    0x080005f0   0x080005f0   0x00000010   Code   RO         1425    i.HAL_IncTick       stm32f4xx_hal.o
    0x08000600   0x08000600   0x00000034   Code   RO         1426    i.HAL_Init          stm32f4xx_hal.o
    0x08000634   0x08000634   0x0000008c   Code   RO          415    i.HAL_InitTick      stm32f4xx_hal_timebase_tim.o
    0x080006c0   0x080006c0   0x00000038   Code   RO          391    i.HAL_MspInit       stm32f4xx_hal_msp.o
    0x080006f8   0x080006f8   0x0000001a   Code   RO         1276    i.HAL_NVIC_EnableIRQ  stm32f4xx_hal_cortex.o
    0x08000712   0x08000712   0x00000002   PAD
    0x08000714   0x08000714   0x00000040   Code   RO         1282    i.HAL_NVIC_SetPriority  stm32f4xx_hal_cortex.o
    0x08000754   0x08000754   0x00000024   Code   RO         1283    i.HAL_NVIC_SetPriorityGrouping  stm32f4xx_hal_cortex.o
    0x08000778   0x08000778   0x00000134   Code   RO          455    i.HAL_RCC_ClockConfig  stm32f4xx_hal_rcc.o
    0x080008ac   0x080008ac   0x00000040   Code   RO          459    i.HAL_RCC_GetClockConfig  stm32f4xx_hal_rcc.o
    0x080008ec   0x080008ec   0x00000020   Code   RO          462    i.HAL_RCC_GetPCLK1Freq  stm32f4xx_hal_rcc.o
    0x0800090c   0x0800090c   0x00000020   Code   RO          463    i.HAL_RCC_GetPCLK2Freq  stm32f4xx_hal_rcc.o
    0x0800092c   0x0800092c   0x00000064   Code   RO          464    i.HAL_RCC_GetSysClockFreq  stm32f4xx_hal_rcc.o
    0x08000990   0x08000990   0x0000036c   Code   RO          467    i.HAL_RCC_OscConfig  stm32f4xx_hal_rcc.o
    0x08000cfc   0x08000cfc   0x00000002   Code   RO         2370    i.HAL_TIMEx_BreakCallback  stm32f4xx_hal_tim_ex.o
    0x08000cfe   0x08000cfe   0x00000002   Code   RO         2371    i.HAL_TIMEx_CommutCallback  stm32f4xx_hal_tim_ex.o
    0x08000d00   0x08000d00   0x0000005a   Code   RO         1666    i.HAL_TIM_Base_Init  stm32f4xx_hal_tim.o
    0x08000d5a   0x08000d5a   0x00000002   Code   RO         1668    i.HAL_TIM_Base_MspInit  stm32f4xx_hal_tim.o
    0x08000d5c   0x08000d5c   0x0000006c   Code   RO         1671    i.HAL_TIM_Base_Start_IT  stm32f4xx_hal_tim.o
    0x08000dc8   0x08000dc8   0x00000002   Code   RO         1700    i.HAL_TIM_IC_CaptureCallback  stm32f4xx_hal_tim.o
    0x08000dca   0x08000dca   0x00000166   Code   RO         1714    i.HAL_TIM_IRQHandler  stm32f4xx_hal_tim.o
    0x08000f30   0x08000f30   0x00000002   Code   RO         1717    i.HAL_TIM_OC_DelayElapsedCallback  stm32f4xx_hal_tim.o
    0x08000f32   0x08000f32   0x00000002   Code   RO         1744    i.HAL_TIM_PWM_PulseFinishedCallback  stm32f4xx_hal_tim.o
    0x08000f34   0x08000f34   0x00000014   Code   RO           15    i.HAL_TIM_PeriodElapsedCallback  main.o
    0x08000f48   0x08000f48   0x00000002   Code   RO         1757    i.HAL_TIM_TriggerCallback  stm32f4xx_hal_tim.o
    0x08000f4a   0x08000f4a   0x00000062   Code   RO         2666    i.HAL_UART_Init     stm32f4xx_hal_uart.o
    0x08000fac   0x08000fac   0x0000006c   Code   RO          286    i.HAL_UART_MspInit  usart.o
    0x08001018   0x08001018   0x000000b2   Code   RO         2674    i.HAL_UART_Transmit  stm32f4xx_hal_uart.o
    0x080010ca   0x080010ca   0x00000002   PAD
    0x080010cc   0x080010cc   0x00000020   Code   RO          237    i.MX_FREERTOS_Init  freertos.o
    0x080010ec   0x080010ec   0x0000003c   Code   RO          212    i.MX_GPIO_Init      gpio.o
    0x08001128   0x08001128   0x00000038   Code   RO          287    i.MX_USART1_UART_Init  usart.o
    0x08001160   0x08001160   0x00000002   Code   RO          335    i.MemManage_Handler  stm32f4xx_it.o
    0x08001162   0x08001162   0x00000002   Code   RO          336    i.NMI_Handler       stm32f4xx_it.o
    0x08001164   0x08001164   0x00000048   Code   RO          238    i.StartDefaultTask  freertos.o
    0x080011ac   0x080011ac   0x0000001a   Code   RO         4160    i.SysTick_Handler   cmsis_os2.o
    0x080011c6   0x080011c6   0x00000002   PAD
    0x080011c8   0x080011c8   0x00000090   Code   RO           16    i.SystemClock_Config  main.o
    0x08001258   0x08001258   0x00000010   Code   RO         2995    i.SystemInit        system_stm32f4xx.o
    0x08001268   0x08001268   0x0000000c   Code   RO          337    i.TIM1_UP_TIM10_IRQHandler  stm32f4xx_it.o
    0x08001274   0x08001274   0x00000098   Code   RO         1759    i.TIM_Base_SetConfig  stm32f4xx_hal_tim.o
    0x0800130c   0x0800130c   0x0000010c   Code   RO         2692    i.UART_SetConfig    stm32f4xx_hal_uart.o
    0x08001418   0x08001418   0x00000078   Code   RO         2695    i.UART_WaitOnFlagUntilTimeout  stm32f4xx_hal_uart.o
    0x08001490   0x08001490   0x00000002   Code   RO          338    i.UsageFault_Handler  stm32f4xx_it.o
    0x08001492   0x08001492   0x00000002   PAD
    0x08001494   0x08001494   0x00000020   Code   RO         5114    i.__0printf$8       mc_w.l(printf8.o)
    0x080014b4   0x080014b4   0x00000028   Code   RO         5116    i.__0sprintf$8      mc_w.l(printf8.o)
    0x080014dc   0x080014dc   0x00000020   Code   RO         1289    i.__NVIC_SetPriority  stm32f4xx_hal_cortex.o
    0x080014fc   0x080014fc   0x0000000e   Code   RO         5210    i.__scatterload_copy  mc_w.l(handlers.o)
    0x0800150a   0x0800150a   0x00000002   Code   RO         5211    i.__scatterload_null  mc_w.l(handlers.o)
    0x0800150c   0x0800150c   0x0000000e   Code   RO         5212    i.__scatterload_zeroinit  mc_w.l(handlers.o)
    0x0800151a   0x0800151a   0x00000002   PAD
    0x0800151c   0x0800151c   0x00000404   Code   RO         5121    i._printf_core      mc_w.l(printf8.o)
    0x08001920   0x08001920   0x00000024   Code   RO         5122    i._printf_post_padding  mc_w.l(printf8.o)
    0x08001944   0x08001944   0x0000002e   Code   RO         5123    i._printf_pre_padding  mc_w.l(printf8.o)
    0x08001972   0x08001972   0x0000000a   Code   RO         5125    i._sputc            mc_w.l(printf8.o)
    0x0800197c   0x0800197c   0x000000cc   Code   RO         4811    i.cm_backtrace_call_stack  cm_backtrace.o
    0x08001a48   0x08001a48   0x00000290   Code   RO         4813    i.cm_backtrace_fault  cm_backtrace.o
    0x08001cd8   0x08001cd8   0x0000002c   Code   RO         4814    i.cm_backtrace_firmware_info  cm_backtrace.o
    0x08001d04   0x08001d04   0x0000007c   Code   RO         4815    i.cm_backtrace_init  cm_backtrace.o
    0x08001d80   0x08001d80   0x00000024   Code   RO         4816    i.disassembly_ins_is_bl_blx  cm_backtrace.o
    0x08001da4   0x08001da4   0x000000cc   Code   RO         4817    i.dump_stack        cm_backtrace.o
    0x08001e70   0x08001e70   0x00000240   Code   RO         4818    i.fault_diagnosis   cm_backtrace.o
    0x080020b0   0x080020b0   0x00000018   Code   RO          288    i.fputc             usart.o
    0x080020c8   0x080020c8   0x0000007c   Code   RO         4819    i.get_cur_thread_stack_info  cm_backtrace.o
    0x08002144   0x08002144   0x00000044   Code   RO           17    i.main              main.o
    0x08002188   0x08002188   0x0000001a   Code   RO         4162    i.osDelay           cmsis_os2.o
    0x080021a2   0x080021a2   0x00000002   PAD
    0x080021a4   0x080021a4   0x00000024   Code   RO         4176    i.osKernelInitialize  cmsis_os2.o
    0x080021c8   0x080021c8   0x00000038   Code   RO         4179    i.osKernelStart     cmsis_os2.o
    0x08002200   0x08002200   0x0000008a   Code   RO         4221    i.osThreadNew       cmsis_os2.o
    0x0800228a   0x0800228a   0x00000002   PAD
    0x0800228c   0x0800228c   0x00000090   Code   RO         4820    i.print_call_stack  cm_backtrace.o
    0x0800231c   0x0800231c   0x0000005c   Code   RO         3603    i.prvAddCurrentTaskToDelayedList  tasks.o
    0x08002378   0x08002378   0x000000d0   Code   RO         3604    i.prvAddNewTaskToReadyList  tasks.o
    0x08002448   0x08002448   0x00000058   Code   RO         3986    i.prvCheckForValidListAndQueue  timers.o
    0x080024a0   0x080024a0   0x00000026   Code   RO         3200    i.prvCopyDataFromQueue  queue.o
    0x080024c6   0x080024c6   0x0000006c   Code   RO         3201    i.prvCopyDataToQueue  queue.o
    0x08002532   0x08002532   0x00000034   Code   RO         3605    i.prvDeleteTCB      tasks.o
    0x08002566   0x08002566   0x00000002   PAD
    0x08002568   0x08002568   0x0000004c   Code   RO         4673    i.prvHeapInit       heap_4.o
    0x080025b4   0x080025b4   0x00000060   Code   RO         3606    i.prvIdleTask       tasks.o
    0x08002614   0x08002614   0x00000022   Code   RO         3203    i.prvInitialiseNewQueue  queue.o
    0x08002636   0x08002636   0x000000ac   Code   RO         3607    i.prvInitialiseNewTask  tasks.o
    0x080026e2   0x080026e2   0x00000002   PAD
    0x080026e4   0x080026e4   0x0000004c   Code   RO         4674    i.prvInsertBlockIntoFreeList  heap_4.o
    0x08002730   0x08002730   0x00000038   Code   RO         3988    i.prvInsertTimerInActiveList  timers.o
    0x08002768   0x08002768   0x0000001c   Code   RO         3204    i.prvIsQueueEmpty   queue.o
    0x08002784   0x08002784   0x000000fc   Code   RO         3989    i.prvProcessReceivedCommands  timers.o
    0x08002880   0x08002880   0x000000c0   Code   RO         3990    i.prvProcessTimerOrBlockTask  timers.o
    0x08002940   0x08002940   0x00000020   Code   RO         3609    i.prvResetNextTaskUnblockTime  tasks.o
    0x08002960   0x08002960   0x00000028   Code   RO         3991    i.prvSampleTimeNow  timers.o
    0x08002988   0x08002988   0x0000006c   Code   RO         3992    i.prvSwitchTimerLists  timers.o
    0x080029f4   0x080029f4   0x00000028   Code   RO         4729    i.prvTaskExitError  port.o
    0x08002a1c   0x08002a1c   0x00000024   Code   RO         3993    i.prvTimerTask      timers.o
    0x08002a40   0x08002a40   0x0000006a   Code   RO         3205    i.prvUnlockQueue    queue.o
    0x08002aaa   0x08002aaa   0x00000002   PAD
    0x08002aac   0x08002aac   0x000000dc   Code   RO         4675    i.pvPortMalloc      heap_4.o
    0x08002b88   0x08002b88   0x0000002c   Code   RO         4730    i.pxPortInitialiseStack  port.o
    0x08002bb4   0x08002bb4   0x00000026   Code   RO         3160    i.uxListRemove      list.o
    0x08002bda   0x08002bda   0x00000002   PAD
    0x08002bdc   0x08002bdc   0x00000014   Code   RO         4233    i.vApplicationGetIdleTaskMemory  cmsis_os2.o
    0x08002bf0   0x08002bf0   0x00000018   Code   RO         4234    i.vApplicationGetTimerTaskMemory  cmsis_os2.o
    0x08002c08   0x08002c08   0x00000016   Code   RO         3161    i.vListInitialise   list.o
    0x08002c1e   0x08002c1e   0x00000006   Code   RO         3162    i.vListInitialiseItem  list.o
    0x08002c24   0x08002c24   0x00000030   Code   RO         3163    i.vListInsert       list.o
    0x08002c54   0x08002c54   0x00000018   Code   RO         3164    i.vListInsertEnd    list.o
    0x08002c6c   0x08002c6c   0x00000040   Code   RO         4732    i.vPortEnterCritical  port.o
    0x08002cac   0x08002cac   0x00000028   Code   RO         4733    i.vPortExitCritical  port.o
    0x08002cd4   0x08002cd4   0x00000064   Code   RO         4676    i.vPortFree         heap_4.o
    0x08002d38   0x08002d38   0x00000024   Code   RO         4734    i.vPortSetupTimerInterrupt  port.o
    0x08002d5c   0x08002d5c   0x00000054   Code   RO         4735    i.vPortValidateInterruptPriority  port.o
    0x08002db0   0x08002db0   0x00000028   Code   RO         3211    i.vQueueAddToRegistry  queue.o
    0x08002dd8   0x08002dd8   0x00000044   Code   RO         3215    i.vQueueWaitForMessageRestricted  queue.o
    0x08002e1c   0x08002e1c   0x0000004c   Code   RO         3622    i.vTaskDelay        tasks.o
    0x08002e68   0x08002e68   0x00000010   Code   RO         3627    i.vTaskInternalSetTimeOutState  tasks.o
    0x08002e78   0x08002e78   0x0000000c   Code   RO         3628    i.vTaskMissedYield  tasks.o
    0x08002e84   0x08002e84   0x0000000c   Code   RO         3629    i.vTaskName         tasks.o
    0x08002e90   0x08002e90   0x00000030   Code   RO         3631    i.vTaskPlaceOnEventList  tasks.o
    0x08002ec0   0x08002ec0   0x00000038   Code   RO         3632    i.vTaskPlaceOnEventListRestricted  tasks.o
    0x08002ef8   0x08002ef8   0x0000000c   Code   RO         3640    i.vTaskStackAddr    tasks.o
    0x08002f04   0x08002f04   0x0000000c   Code   RO         3641    i.vTaskStackSize    tasks.o
    0x08002f10   0x08002f10   0x00000088   Code   RO         3642    i.vTaskStartScheduler  tasks.o
    0x08002f98   0x08002f98   0x00000010   Code   RO         3644    i.vTaskSuspendAll   tasks.o
    0x08002fa8   0x08002fa8   0x00000064   Code   RO         3645    i.vTaskSwitchContext  tasks.o
    0x0800300c   0x0800300c   0x000000f4   Code   RO         4736    i.xPortStartScheduler  port.o
    0x08003100   0x08003100   0x0000002c   Code   RO         4737    i.xPortSysTickHandler  port.o
    0x0800312c   0x0800312c   0x00000066   Code   RO         3221    i.xQueueGenericCreateStatic  queue.o
    0x08003192   0x08003192   0x00000002   PAD
    0x08003194   0x08003194   0x00000088   Code   RO         3222    i.xQueueGenericReset  queue.o
    0x0800321c   0x0800321c   0x00000160   Code   RO         3223    i.xQueueGenericSend  queue.o
    0x0800337c   0x0800337c   0x000000be   Code   RO         3224    i.xQueueGenericSendFromISR  queue.o
    0x0800343a   0x0800343a   0x00000002   PAD
    0x0800343c   0x0800343c   0x00000138   Code   RO         3233    i.xQueueReceive     queue.o
    0x08003574   0x08003574   0x00000074   Code   RO         3647    i.xTaskCheckForTimeOut  tasks.o
    0x080035e8   0x080035e8   0x0000005a   Code   RO         3648    i.xTaskCreate       tasks.o
    0x08003642   0x08003642   0x00000056   Code   RO         3649    i.xTaskCreateStatic  tasks.o
    0x08003698   0x08003698   0x0000001c   Code   RO         3653    i.xTaskGetSchedulerState  tasks.o
    0x080036b4   0x080036b4   0x0000000c   Code   RO         3654    i.xTaskGetTickCount  tasks.o
    0x080036c0   0x080036c0   0x000000cc   Code   RO         3656    i.xTaskIncrementTick  tasks.o
    0x0800378c   0x0800378c   0x00000084   Code   RO         3659    i.xTaskPriorityDisinherit  tasks.o
    0x08003810   0x08003810   0x00000074   Code   RO         3661    i.xTaskRemoveFromEventList  tasks.o
    0x08003884   0x08003884   0x000000c8   Code   RO         3662    i.xTaskResumeAll    tasks.o
    0x0800394c   0x0800394c   0x00000060   Code   RO         4002    i.xTimerCreateTimerTask  timers.o
    0x080039ac   0x080039ac   0x00000068   Code   RO         4003    i.xTimerGenericCommand  timers.o
    0x08003a14   0x08003a14   0x00000024   Data   RO          239    .constdata          freertos.o
    0x08003a38   0x08003a38   0x00000010   Data   RO         2996    .constdata          system_stm32f4xx.o
    0x08003a48   0x08003a48   0x00000008   Data   RO         2997    .constdata          system_stm32f4xx.o
    0x08003a50   0x08003a50   0x000000fc   Data   RO         4822    .constdata          cm_backtrace.o
    0x08003b4c   0x08003b4c   0x0000000c   Data   RO          240    .conststring        freertos.o
    0x08003b58   0x08003b58   0x000008c4   Data   RO         4823    .conststring        cm_backtrace.o
    0x0800441c   0x0800441c   0x00000020   Data   RO         5208    Region$$Table       anon$$obj.o


    Execution Region RW_IRAM1 (Exec base: 0x20000000, Load base: 0x0800443c, Size: 0x00004fe0, Max: 0x00020000, ABSOLUTE)

    Exec Addr    Load Addr    Size         Type   Attr      Idx    E Section Name        Object

    0x20000000   0x0800443c   0x00000004   Data   RW          241    .data               freertos.o
    0x20000004   0x08004440   0x0000000c   Data   RW         1433    .data               stm32f4xx_hal.o
    0x20000010   0x0800444c   0x00000004   Data   RW         2998    .data               system_stm32f4xx.o
    0x20000014   0x08004450   0x0000003c   Data   RW         3665    .data               tasks.o
    0x20000050   0x0800448c   0x00000014   Data   RW         4011    .data               timers.o
    0x20000064   0x080044a0   0x00000004   Data   RW         4236    .data               cmsis_os2.o
    0x20000068   0x080044a4   0x00000020   Data   RW         4682    .data               heap_4.o
    0x20000088   0x080044c4   0x0000000c   Data   RW         4738    .data               port.o
    0x20000094   0x080044d0   0x00000018   Data   RW         4824    .data               cm_backtrace.o
    0x200000ac   0x080044e8   0x00000004   Data   RW         5184    .data               mc_w.l(stdout.o)
    0x200000b0        -       0x00000044   Zero   RW          289    .bss                usart.o
    0x200000f4        -       0x00000048   Zero   RW          418    .bss                stm32f4xx_hal_timebase_tim.o
    0x2000013c        -       0x00000040   Zero   RW         3237    .bss                queue.o
    0x2000017c        -       0x000004c4   Zero   RW         3664    .bss                tasks.o
    0x20000640        -       0x00000118   Zero   RW         4010    .bss                timers.o
    0x20000758        -       0x000006c0   Zero   RW         4235    .bss                cmsis_os2.o
    0x20000e18        -       0x00003c00   Zero   RW         4681    .bss                heap_4.o
    0x20004a18        -       0x000001c8   Zero   RW         4821    .bss                cm_backtrace.o
    0x20004be0        -       0x00000400   Zero   RW            1    STACK               startup_stm32f411xe.o


==============================================================================

Image component sizes


      Code (inc. data)   RO Data    RW Data    ZI Data      Debug   Object Name

      2128        440       2496         24        456      12816   cm_backtrace.o
        12          0          0          0          0        536   cmb_fault.o
       326         22          0          4       1728      65651   cmsis_os2.o
         0          0          0          0          0      19660   event_groups.o
       144         78         48          4          0       2458   freertos.o
        60          6          0          0          0        895   gpio.o
       472         24          0         32      15360       5059   heap_4.o
       138          0          0          0          0       3738   list.o
       236         42          0          0          0     437928   main.o
       786         82          0         12          0      11873   port.o
      1514         20          0          0         64      17896   queue.o
        36          8        408          0       1024        868   startup_stm32f411xe.o
        80         14          0         12          0       8126   stm32f4xx_hal.o
       158         14          0          0          0      33318   stm32f4xx_hal_cortex.o
       480         34          0          0          0       1572   stm32f4xx_hal_gpio.o
        56          4          0          0          0        930   stm32f4xx_hal_msp.o
      1412         86          0          0          0       6113   stm32f4xx_hal_rcc.o
       718         50          0          0          0       7632   stm32f4xx_hal_tim.o
         4          0          0          0          0       1693   stm32f4xx_hal_tim_ex.o
       140         22          0          0         72       1515   stm32f4xx_hal_timebase_tim.o
       664         10          0          0          0       4356   stm32f4xx_hal_uart.o
        22          6          0          0          0       2984   stm32f4xx_it.o
         0          0          0          0          0        412   stream_buffer.o
        16          4         24          4          0       1223   system_stm32f4xx.o
      2132        176          0         60       1220      29438   tasks.o
       972         80          0         20        280      32703   timers.o
       188         26          0          0         68       2490   usart.o

    ----------------------------------------------------------------------
     12920       1248       3008        172      20272     713883   Object Totals
         0          0         32          0          0          0   (incl. Generated)
        26          0          0          0          0          0   (incl. Padding)

    ----------------------------------------------------------------------

      Code (inc. data)   RO Data    RW Data    ZI Data      Debug   Library Member Name

         0          0          0          0          0          0   entry.o
         0          0          0          0          0          0   entry10a.o
         0          0          0          0          0          0   entry11a.o
         4          0          0          0          0          0   entry12b.o
         8          4          0          0          0          0   entry2.o
         4          0          0          0          0          0   entry5.o
         0          0          0          0          0          0   entry7b.o
         0          0          0          0          0          0   entry8b.o
         8          4          0          0          0          0   entry9a.o
        30          0          0          0          0          0   handlers.o
        36          8          0          0          0         68   init.o
        30          0          0          0          0         68   llshl.o
        32          0          0          0          0         68   llushr.o
        36          0          0          0          0         68   memcpya.o
        36          0          0          0          0        108   memseta.o
      1192         60          0          0          0        504   printf8.o
         0          0          0          4          0          0   stdout.o
        24          0          0          0          0         76   strncpy.o
        98          0          0          0          0         92   uldiv.o

    ----------------------------------------------------------------------
      1540         76          0          4          0       1052   Library Totals
         2          0          0          0          0          0   (incl. Padding)

    ----------------------------------------------------------------------

      Code (inc. data)   RO Data    RW Data    ZI Data      Debug   Library Name

      1538         76          0          4          0       1052   mc_w.l

    ----------------------------------------------------------------------
      1540         76          0          4          0       1052   Library Totals

    ----------------------------------------------------------------------

==============================================================================


      Code (inc. data)   RO Data    RW Data    ZI Data      Debug   

     14460       1324       3008        176      20272     702219   Grand Totals
     14460       1324       3008        176      20272     702219   ELF Image Totals
     14460       1324       3008        176          0          0   ROM Totals

==============================================================================

    Total RO  Size (Code + RO Data)                17468 (  17.06kB)
    Total RW  Size (RW Data + ZI Data)             20448 (  19.97kB)
    Total ROM Size (Code + RO Data + RW Data)      17644 (  17.23kB)

==============================================================================

