Component: ARM Compiler 5.06 update 7 (build 960) Tool: armlink [4d3601]

==============================================================================

Section Cross References

    startup_stm32f411xe.o(RESET) refers to startup_stm32f411xe.o(STACK) for __initial_sp
    startup_stm32f411xe.o(RESET) refers to startup_stm32f411xe.o(.text) for Reset_Handler
    startup_stm32f411xe.o(RESET) refers to stm32f4xx_it.o(i.NMI_Handler) for NMI_Handler
    startup_stm32f411xe.o(RESET) refers to stm32f4xx_it.o(i.HardFault_Handler) for HardFault_Handler
    startup_stm32f411xe.o(RESET) refers to stm32f4xx_it.o(i.MemManage_Handler) for MemManage_Handler
    startup_stm32f411xe.o(RESET) refers to stm32f4xx_it.o(i.BusFault_Handler) for BusFault_Handler
    startup_stm32f411xe.o(RESET) refers to stm32f4xx_it.o(i.UsageFault_Handler) for UsageFault_Handler
    startup_stm32f411xe.o(RESET) refers to port.o(.emb_text) for SVC_Handler
    startup_stm32f411xe.o(RESET) refers to stm32f4xx_it.o(i.DebugMon_Handler) for DebugMon_Handler
    startup_stm32f411xe.o(RESET) refers to cmsis_os2.o(i.SysTick_Handler) for SysTick_Handler
    startup_stm32f411xe.o(RESET) refers to stm32f4xx_it.o(i.ADC_IRQHandler) for ADC_IRQHandler
    startup_stm32f411xe.o(RESET) refers to stm32f4xx_it.o(i.TIM1_UP_TIM10_IRQHandler) for TIM1_UP_TIM10_IRQHandler
    startup_stm32f411xe.o(RESET) refers to stm32f4xx_it.o(i.DMA2_Stream0_IRQHandler) for DMA2_Stream0_IRQHandler
    startup_stm32f411xe.o(.text) refers to system_stm32f4xx.o(i.SystemInit) for SystemInit
    startup_stm32f411xe.o(.text) refers to entry.o(.ARM.Collect$$$$00000000) for __main
    main.o(i.HAL_TIM_PeriodElapsedCallback) refers to stm32f4xx_hal.o(i.HAL_IncTick) for HAL_IncTick
    main.o(i.SystemClock_Config) refers to memseta.o(.text) for __aeabi_memclr4
    main.o(i.SystemClock_Config) refers to stm32f4xx_hal_rcc.o(i.HAL_RCC_OscConfig) for HAL_RCC_OscConfig
    main.o(i.SystemClock_Config) refers to stm32f4xx_hal_rcc.o(i.HAL_RCC_ClockConfig) for HAL_RCC_ClockConfig
    main.o(i.app_elog_init) refers to elog.o(i.elog_init) for elog_init
    main.o(i.app_elog_init) refers to elog.o(i.elog_set_text_color_enabled) for elog_set_text_color_enabled
    main.o(i.app_elog_init) refers to elog.o(i.elog_set_fmt) for elog_set_fmt
    main.o(i.app_elog_init) refers to elog.o(i.elog_start) for elog_start
    main.o(i.main) refers to stm32f4xx_hal.o(i.HAL_Init) for HAL_Init
    main.o(i.main) refers to main.o(i.SystemClock_Config) for SystemClock_Config
    main.o(i.main) refers to gpio.o(i.MX_GPIO_Init) for MX_GPIO_Init
    main.o(i.main) refers to dma.o(i.MX_DMA_Init) for MX_DMA_Init
    main.o(i.main) refers to usart.o(i.MX_USART1_UART_Init) for MX_USART1_UART_Init
    main.o(i.main) refers to adc.o(i.MX_ADC1_Init) for MX_ADC1_Init
    main.o(i.main) refers to main.o(i.app_elog_init) for app_elog_init
    main.o(i.main) refers to cmsis_os2.o(i.osKernelInitialize) for osKernelInitialize
    main.o(i.main) refers to freertos.o(i.MX_FREERTOS_Init) for MX_FREERTOS_Init
    main.o(i.main) refers to cmsis_os2.o(i.osKernelStart) for osKernelStart
    freertos.o(i.HAL_ADC_ConvCpltCallback) refers to queue.o(i.xQueueGenericSendFromISR) for xQueueGenericSendFromISR
    freertos.o(i.HAL_ADC_ConvCpltCallback) refers to elog.o(i.elog_output) for elog_output
    freertos.o(i.HAL_ADC_ConvCpltCallback) refers to freertos.o(.data) for .data
    freertos.o(i.HAL_ADC_ConvCpltCallback) refers to freertos.o(.constdata) for .constdata
    freertos.o(i.HAL_ADC_ErrorCallback) refers to elog.o(i.elog_output) for elog_output
    freertos.o(i.HAL_ADC_ErrorCallback) refers to freertos.o(.constdata) for .constdata
    freertos.o(i.MX_FREERTOS_Init) refers to queue.o(i.xQueueGenericCreate) for xQueueGenericCreate
    freertos.o(i.MX_FREERTOS_Init) refers to cmsis_os2.o(i.osThreadNew) for osThreadNew
    freertos.o(i.MX_FREERTOS_Init) refers to printfa.o(i.__0printf) for __2printf
    freertos.o(i.MX_FREERTOS_Init) refers to freertos.o(.data) for .data
    freertos.o(i.MX_FREERTOS_Init) refers to freertos.o(.constdata) for .constdata
    freertos.o(i.MX_FREERTOS_Init) refers to freertos.o(i.StartDefaultTask) for StartDefaultTask
    freertos.o(i.MX_FREERTOS_Init) refers to freertos.o(i.StartAdcOutputTask) for StartAdcOutputTask
    freertos.o(i.StartAdcOutputTask) refers to elog.o(i.elog_output) for elog_output
    freertos.o(i.StartAdcOutputTask) refers to queue.o(i.xQueueReceive) for xQueueReceive
    freertos.o(i.StartAdcOutputTask) refers to freertos.o(.data) for .data
    freertos.o(i.StartAdcOutputTask) refers to freertos.o(.constdata) for .constdata
    freertos.o(i.StartDefaultTask) refers to malloc.o(i.malloc) for malloc
    freertos.o(i.StartDefaultTask) refers to elog.o(i.elog_output) for elog_output
    freertos.o(i.StartDefaultTask) refers to memseta.o(.text) for __aeabi_memset
    freertos.o(i.StartDefaultTask) refers to stm32f4xx_hal_adc.o(i.HAL_ADC_Start_DMA) for HAL_ADC_Start_DMA
[...]
    i.__0snprintf                            0x080028dc   Section        0  printfa.o(i.__0snprintf)
    i.__0vsnprintf                           0x08002910   Section        0  printfa.o(i.__0vsnprintf)
    i.__NVIC_SetPriority                     0x08002944   Section        0  stm32f4xx_hal_cortex.o(i.__NVIC_SetPriority)
    __NVIC_SetPriority                       0x08002945   Thumb Code    32  stm32f4xx_hal_cortex.o(i.__NVIC_SetPriority)
    i.__scatterload_copy                     0x08002964   Section       14  handlers.o(i.__scatterload_copy)
    i.__scatterload_null                     0x08002972   Section        2  handlers.o(i.__scatterload_null)
    i.__scatterload_zeroinit                 0x08002974   Section       14  handlers.o(i.__scatterload_zeroinit)
    i._fp_digits                             0x08002984   Section        0  printfa.o(i._fp_digits)
    _fp_digits                               0x08002985   Thumb Code   366  printfa.o(i._fp_digits)
    i._printf_core                           0x08002b08   Section        0  printfa.o(i._printf_core)
    _printf_core                             0x08002b09   Thumb Code  1704  printfa.o(i._printf_core)
    i._printf_post_padding                   0x080031bc   Section        0  printfa.o(i._printf_post_padding)
    _printf_post_padding                     0x080031bd   Thumb Code    36  printfa.o(i._printf_post_padding)
    i._printf_pre_padding                    0x080031e0   Section        0  printfa.o(i._printf_pre_padding)
    _printf_pre_padding                      0x080031e1   Thumb Code    46  printfa.o(i._printf_pre_padding)
    i._snputc                                0x0800320e   Section        0  printfa.o(i._snputc)
    _snputc                                  0x0800320f   Thumb Code    22  printfa.o(i._snputc)
    i.app_elog_init                          0x08003224   Section        0  main.o(i.app_elog_init)
    i.elog_get_filter_tag_lvl                0x08003268   Section        0  elog.o(i.elog_get_filter_tag_lvl)
    i.elog_init                              0x08003364   Section        0  elog.o(i.elog_init)
    i.elog_output                            0x080033cc   Section        0  elog.o(i.elog_output)
    i.elog_output_lock                       0x08003770   Section        0  elog.o(i.elog_output_lock)
    i.elog_output_lock_enabled               0x08003790   Section        0  elog.o(i.elog_output_lock_enabled)
    i.elog_output_unlock                     0x080037bc   Section        0  elog.o(i.elog_output_unlock)
    i.elog_port_get_p_info                   0x080037dc   Section        0  elog_port.o(i.elog_port_get_p_info)
    i.elog_port_get_t_info                   0x080037e4   Section        0  elog_port.o(i.elog_port_get_t_info)
    i.elog_port_get_time                     0x080037ec   Section        0  elog_port.o(i.elog_port_get_time)
    i.elog_port_init                         0x0800380c   Section        0  elog_port.o(i.elog_port_init)
    i.elog_port_output                       0x08003810   Section        0  elog_port.o(i.elog_port_output)
    i.elog_port_output_lock                  0x0800381a   Section        0  elog_port.o(i.elog_port_output_lock)
    i.elog_port_output_unlock                0x0800381c   Section        0  elog_port.o(i.elog_port_output_unlock)
    i.elog_set_filter_lvl                    0x08003820   Section        0  elog.o(i.elog_set_filter_lvl)
    i.elog_set_fmt                           0x080038dc   Section        0  elog.o(i.elog_set_fmt)
    i.elog_set_text_color_enabled            0x080039a0   Section        0  elog.o(i.elog_set_text_color_enabled)
    i.elog_start                             0x080039ac   Section        0  elog.o(i.elog_start)
    i.elog_strcpy                            0x08003a40   Section        0  elog_utils.o(i.elog_strcpy)
    i.fputc                                  0x08003b3c   Section        0  usart.o(i.fputc)
    i.get_fmt_enabled                        0x08003b4c   Section        0  elog.o(i.get_fmt_enabled)
    get_fmt_enabled                          0x08003b4d   Thumb Code    78  elog.o(i.get_fmt_enabled)
    i.get_fmt_used_and_enabled_ptr           0x08003c18   Section        0  elog.o(i.get_fmt_used_and_enabled_ptr)
    get_fmt_used_and_enabled_ptr             0x08003c19   Thumb Code    18  elog.o(i.get_fmt_used_and_enabled_ptr)
    i.get_fmt_used_and_enabled_u32           0x08003c2a   Section        0  elog.o(i.get_fmt_used_and_enabled_u32)
    get_fmt_used_and_enabled_u32             0x08003c2b   Thumb Code    18  elog.o(i.get_fmt_used_and_enabled_u32)
    i.main                                   0x08003c3c   Section        0  main.o(i.main)
    i.malloc                                 0x08003c68   Section        0  malloc.o(i.malloc)
    i.osDelay                                0x08003cd4   Section        0  cmsis_os2.o(i.osDelay)
    i.osKernelInitialize                     0x08003cf0   Section        0  cmsis_os2.o(i.osKernelInitialize)
    i.osKernelStart                          0x08003d14   Section        0  cmsis_os2.o(i.osKernelStart)
    i.osThreadNew                            0x08003d4c   Section        0  cmsis_os2.o(i.osThreadNew)
    i.prvAddCurrentTaskToDelayedList         0x08003dd8   Section        0  tasks.o(i.prvAddCurrentTaskToDelayedList)
    prvAddCurrentTaskToDelayedList           0x08003dd9   Thumb Code    84  tasks.o(i.prvAddCurrentTaskToDelayedList)
    i.prvAddNewTaskToReadyList               0x08003e34   Section        0  tasks.o(i.prvAddNewTaskToReadyList)
    prvAddNewTaskToReadyList                 0x08003e35   Thumb Code   190  tasks.o(i.prvAddNewTaskToReadyList)
    i.prvCheckForValidListAndQueue           0x08003f04   Section        0  timers.o(i.prvCheckForValidListAndQueue)
    prvCheckForValidListAndQueue             0x08003f05   Thumb Code    72  timers.o(i.prvCheckForValidListAndQueue)
    i.prvCopyDataFromQueue                   0x08003f5c   Section        0  queue.o(i.prvCopyDataFromQueue)
    prvCopyDataFromQueue                     0x08003f5d   Thumb Code    38  queue.o(i.prvCopyDataFromQueue)
    i.prvCopyDataToQueue                     0x08003f82   Section        0  queue.o(i.prvCopyDataToQueue)
    prvCopyDataToQueue                       0x08003f83   Thumb Code   108  queue.o(i.prvCopyDataToQueue)
    i.prvDeleteTCB                           0x08003fee   Section        0  tasks.o(i.prvDeleteTCB)
    prvDeleteTCB                             0x08003fef   Thumb Code    52  tasks.o(i.prvDeleteTCB)
    i.prvHeapInit                            0x08004024   Section        0  heap_4.o(i.prvHeapInit)
    prvHeapInit                              0x08004025   Thumb Code    66  heap_4.o(i.prvHeapInit)
    i.prvIdleTask                            0x08004070   Section        0  tasks.o(i.prvIdleTask)
    prvIdleTask                              0x08004071   Thumb Code    82  tasks.o(i.prvIdleTask)
    i.prvInitialiseNewQueue                  0x080040d0   Section        0  queue.o(i.prvInitialiseNewQueue)
    prvInitialiseNewQueue                    0x080040d1   Thumb Code    34  queue.o(i.prvInitialiseNewQueue)
    i.prvInitialiseNewTask                   0x080040f4   Section        0  tasks.o(i.prvInitialiseNewTask)
    prvInitialiseNewTask                     0x080040f5   Thumb Code   176  tasks.o(i.prvInitialiseNewTask)
    i.prvInsertBlockIntoFreeList             0x080041a4   Section        0  heap_4.o(i.prvInsertBlockIntoFreeList)
    prvInsertBlockIntoFreeList               0x080041a5   Thumb Code    72  heap_4.o(i.prvInsertBlockIntoFreeList)
    i.prvInsertTimerInActiveList             0x080041f0   Section        0  timers.o(i.prvInsertTimerInActiveList)
    prvInsertTimerInActiveList               0x080041f1   Thumb Code    52  timers.o(i.prvInsertTimerInActiveList)
    i.prvIsQueueEmpty                        0x08004228   Section        0  queue.o(i.prvIsQueueEmpty)
    prvIsQueueEmpty                          0x08004229   Thumb Code    28  queue.o(i.prvIsQueueEmpty)
    i.prvProcessReceivedCommands             0x08004244   Section        0  timers.o(i.prvProcessReceivedCommands)
    prvProcessReceivedCommands               0x08004245   Thumb Code   248  timers.o(i.prvProcessReceivedCommands)
    i.prvProcessTimerOrBlockTask             0x08004340   Section        0  timers.o(i.prvProcessTimerOrBlockTask)
    prvProcessTimerOrBlockTask               0x08004341   Thumb Code   182  timers.o(i.prvProcessTimerOrBlockTask)
    i.prvResetNextTaskUnblockTime            0x08004400   Section        0  tasks.o(i.prvResetNextTaskUnblockTime)
    prvResetNextTaskUnblockTime              0x08004401   Thumb Code    26  tasks.o(i.prvResetNextTaskUnblockTime)
    i.prvSampleTimeNow                       0x08004420   Section        0  timers.o(i.prvSampleTimeNow)
    prvSampleTimeNow                         0x08004421   Thumb Code    36  timers.o(i.prvSampleTimeNow)
    i.prvSwitchTimerLists                    0x08004448   Section        0  timers.o(i.prvSwitchTimerLists)
    prvSwitchTimerLists                      0x08004449   Thumb Code   104  timers.o(i.prvSwitchTimerLists)
    i.prvTaskExitError                       0x080044b4   Section        0  port.o(i.prvTaskExitError)
    prvTaskExitError                         0x080044b5   Thumb Code    36  port.o(i.prvTaskExitError)
    i.prvTimerTask                           0x080044dc   Section        0  timers.o(i.prvTimerTask)
    prvTimerTask                             0x080044dd   Thumb Code    32  timers.o(i.prvTimerTask)
    i.prvUnlockQueue                         0x08004500   Section        0  queue.o(i.prvUnlockQueue)
    prvUnlockQueue                           0x08004501   Thumb Code   106  queue.o(i.prvUnlockQueue)
    i.pvPortMalloc                           0x0800456c   Section        0  heap_4.o(i.pvPortMalloc)
    i.pxPortInitialiseStack                  0x08004648   Section        0  port.o(i.pxPortInitialiseStack)
    i.uxListRemove                           0x08004674   Section        0  list.o(i.uxListRemove)
    i.vApplicationGetIdleTaskMemory          0x0800469c   Section        0  cmsis_os2.o(i.vApplicationGetIdleTaskMemory)
    i.vApplicationGetTimerTaskMemory         0x080046b0   Section        0  cmsis_os2.o(i.vApplicationGetTimerTaskMemory)
    i.vListInitialise                        0x080046c8   Section        0  list.o(i.vListInitialise)
    i.vListInitialiseItem                    0x080046de   Section        0  list.o(i.vListInitialiseItem)
    i.vListInsert                            0x080046e4   Section        0  list.o(i.vListInsert)
    i.vListInsertEnd                         0x08004714   Section        0  list.o(i.vListInsertEnd)
    i.vPortEnterCritical                     0x0800472c   Section        0  port.o(i.vPortEnterCritical)
    i.vPortExitCritical                      0x0800476c   Section        0  port.o(i.vPortExitCritical)
    i.vPortFree                              0x08004794   Section        0  heap_4.o(i.vPortFree)
    i.vPortSetupTimerInterrupt               0x080047f8   Section        0  port.o(i.vPortSetupTimerInterrupt)
    i.vPortValidateInterruptPriority         0x0800481c   Section        0  port.o(i.vPortValidateInterruptPriority)
    i.vQueueAddToRegistry                    0x08004870   Section        0  queue.o(i.vQueueAddToRegistry)
    i.vQueueWaitForMessageRestricted         0x08004898   Section        0  queue.o(i.vQueueWaitForMessageRestricted)
    i.vTaskDelay                             0x080048dc   Section        0  tasks.o(i.vTaskDelay)
    i.vTaskInternalSetTimeOutState           0x08004928   Section        0  tasks.o(i.vTaskInternalSetTimeOutState)
    i.vTaskMissedYield                       0x08004938   Section        0  tasks.o(i.vTaskMissedYield)
    i.vTaskPlaceOnEventList                  0x08004944   Section        0  tasks.o(i.vTaskPlaceOnEventList)
    i.vTaskPlaceOnEventListRestricted        0x08004974   Section        0  tasks.o(i.vTaskPlaceOnEventListRestricted)
    i.vTaskStartScheduler                    0x080049ac   Section        0  tasks.o(i.vTaskStartScheduler)
    i.vTaskSuspendAll                        0x08004a34   Section        0  tasks.o(i.vTaskSuspendAll)
    i.vTaskSwitchContext                     0x08004a44   Section        0  tasks.o(i.vTaskSwitchContext)
    i.xPortStartScheduler                    0x08004aa8   Section        0  port.o(i.xPortStartScheduler)
    i.xPortSysTickHandler                    0x08004b9c   Section        0  port.o(i.xPortSysTickHandler)
    i.xQueueGenericCreate                    0x08004bc8   Section        0  queue.o(i.xQueueGenericCreate)
    i.xQueueGenericCreateStatic              0x08004c0a   Section        0  queue.o(i.xQueueGenericCreateStatic)
    i.xQueueGenericReset                     0x08004c70   Section        0  queue.o(i.xQueueGenericReset)
    i.xQueueGenericSend                      0x08004cf8   Section        0  queue.o(i.xQueueGenericSend)
    i.xQueueGenericSendFromISR               0x08004e58   Section        0  queue.o(i.xQueueGenericSendFromISR)
    i.xQueueReceive                          0x08004f18   Section        0  queue.o(i.xQueueReceive)
    i.xTaskCheckForTimeOut                   0x08005050   Section        0  tasks.o(i.xTaskCheckForTimeOut)
    i.xTaskCreate                            0x080050c4   Section        0  tasks.o(i.xTaskCreate)
    i.xTaskCreateStatic                      0x0800511e   Section        0  tasks.o(i.xTaskCreateStatic)
    i.xTaskGetSchedulerState                 0x08005174   Section        0  tasks.o(i.xTaskGetSchedulerState)
    i.xTaskGetTickCount                      0x08005190   Section        0  tasks.o(i.xTaskGetTickCount)
    i.xTaskIncrementTick                     0x0800519c   Section        0  tasks.o(i.xTaskIncrementTick)
    i.xTaskPriorityDisinherit                0x08005264   Section        0  tasks.o(i.xTaskPriorityDisinherit)
    i.xTaskRemoveFromEventList               0x080052e4   Section        0  tasks.o(i.xTaskRemoveFromEventList)
    i.xTaskResumeAll                         0x08005354   Section        0  tasks.o(i.xTaskResumeAll)
    i.xTimerCreateTimerTask                  0x08005418   Section        0  timers.o(i.xTimerCreateTimerTask)
    i.xTimerGenericCommand                   0x08005478   Section        0  timers.o(i.xTimerGenericCommand)
    .constdata                               0x080054e0   Section      155  freertos.o(.constdata)
    __FUNCTION__                             0x08005528   Data          17  freertos.o(.constdata)
    __FUNCTION__                             0x08005539   Data          19  freertos.o(.constdata)
    __FUNCTION__                             0x0800554c   Data          25  freertos.o(.constdata)
    __FUNCTION__                             0x08005565   Data          22  freertos.o(.constdata)
    .constdata                               0x0800557b   Section        8  stm32f4xx_hal_dma.o(.constdata)
    flagBitshiftOffset                       0x0800557b   Data           8  stm32f4xx_hal_dma.o(.constdata)
    .constdata                               0x08005583   Section       16  system_stm32f4xx.o(.constdata)
    .constdata                               0x08005593   Section        8  system_stm32f4xx.o(.constdata)
    .constdata                               0x0800559b   Section      226  elog.o(.constdata)
    __FUNCTION__                             0x0800559b   Data          11  elog.o(.constdata)
    __FUNCTION__                             0x080055a6   Data          10  elog.o(.constdata)
    __FUNCTION__                             0x080055b0   Data          24  elog.o(.constdata)
    __FUNCTION__                             0x080055c8   Data          28  elog.o(.constdata)
    __FUNCTION__                             0x080055e4   Data          13  elog.o(.constdata)
    __FUNCTION__                             0x080055f1   Data          16  elog.o(.constdata)
    __FUNCTION__                             0x08005601   Data          20  elog.o(.constdata)
    __FUNCTION__                             0x08005615   Data          24  elog.o(.constdata)
    __FUNCTION__                             0x0800562d   Data          24  elog.o(.constdata)
    __FUNCTION__                             0x08005645   Data          12  elog.o(.constdata)
    __FUNCTION__                             0x08005651   Data          16  elog.o(.constdata)
    __FUNCTION__                             0x08005661   Data          14  elog.o(.constdata)
    __FUNCTION__                             0x0800566f   Data          14  elog.o(.constdata)
    .constdata                               0x0800567d   Section       35  elog_utils.o(.constdata)
    __FUNCTION__                             0x0800567d   Data          12  elog_utils.o(.constdata)
    __FUNCTION__                             0x08005689   Data          11  elog_utils.o(.constdata)
    __FUNCTION__                             0x08005694   Data          12  elog_utils.o(.constdata)
    .conststring                             0x080056a0   Section       28  freertos.o(.conststring)
    .conststring                             0x080056bc   Section       70  elog.o(.conststring)
    .data                                    0x20000000   Section       28  freertos.o(.data)
    .data                                    0x2000001c   Section       12  stm32f4xx_hal.o(.data)
    .data                                    0x20000028   Section        4  system_stm32f4xx.o(.data)
    .data                                    0x2000002c   Section       60  tasks.o(.data)
    uxDeletedTasksWaitingCleanUp             0x20000030   Data           4  tasks.o(.data)
    uxCurrentNumberOfTasks                   0x20000034   Data           4  tasks.o(.data)
    xTickCount                               0x20000038   Data           4  tasks.o(.data)
    uxTopReadyPriority                       0x2000003c   Data           4  tasks.o(.data)
    xSchedulerRunning                        0x20000040   Data           4  tasks.o(.data)
    xPendedTicks                             0x20000044   Data           4  tasks.o(.data)
    xYieldPending                            0x20000048   Data           4  tasks.o(.data)
    xNumOfOverflows                          0x2000004c   Data           4  tasks.o(.data)
    uxTaskNumber                             0x20000050   Data           4  tasks.o(.data)
    xNextTaskUnblockTime                     0x20000054   Data           4  tasks.o(.data)
    xIdleTaskHandle                          0x20000058   Data           4  tasks.o(.data)
    uxSchedulerSuspended                     0x2000005c   Data           4  tasks.o(.data)
    pxDelayedTaskList                        0x20000060   Data           4  tasks.o(.data)
    pxOverflowDelayedTaskList                0x20000064   Data           4  tasks.o(.data)
    .data                                    0x20000068   Section       20  timers.o(.data)
    xTimerQueue                              0x20000068   Data           4  timers.o(.data)
    xTimerTaskHandle                         0x2000006c   Data           4  timers.o(.data)
    xLastTime                                0x20000070   Data           4  timers.o(.data)
    pxCurrentTimerList                       0x20000074   Data           4  timers.o(.data)
    pxOverflowTimerList                      0x20000078   Data           4  timers.o(.data)
    .data                                    0x2000007c   Section        4  cmsis_os2.o(.data)
    KernelState                              0x2000007c   Data           4  cmsis_os2.o(.data)
    .data                                    0x20000080   Section       32  heap_4.o(.data)
    pxEnd                                    0x20000080   Data           4  heap_4.o(.data)
    xFreeBytesRemaining                      0x20000084   Data           4  heap_4.o(.data)
    xMinimumEverFreeBytesRemaining           0x20000088   Data           4  heap_4.o(.data)
    xNumberOfSuccessfulAllocations           0x2000008c   Data           4  heap_4.o(.data)
    xNumberOfSuccessfulFrees                 0x20000090   Data           4  heap_4.o(.data)
    xBlockAllocatedBit                       0x20000094   Data           4  heap_4.o(.data)
    xStart                                   0x20000098   Data           8  heap_4.o(.data)
    .data                                    0x200000a0   Section       12  port.o(.data)
    ucMaxSysCallPriority                     0x200000a0   Data           1  port.o(.data)
    uxCriticalNesting                        0x200000a4   Data           4  port.o(.data)
    ulMaxPRIGROUPValue                       0x200000a8   Data           4  port.o(.data)
    .data                                    0x200000ac   Section       52  elog.o(.data)
    level_output_info                        0x200000b0   Data          24  elog.o(.data)
    color_output_info                        0x200000c8   Data          24  elog.o(.data)
    .data                                    0x200000e0   Section        4  stdout.o(.data)
    .data                                    0x200000e4   Section        4  mvars.o(.data)
    .data                                    0x200000e8   Section        4  mvars.o(.data)
    .bss                                     0x200000ec   Section      168  adc.o(.bss)
    .bss                                     0x20000194   Section       68  usart.o(.bss)
    .bss                                     0x200001d8   Section       72  stm32f4xx_hal_timebase_tim.o(.bss)
    .bss                                     0x20000220   Section       64  queue.o(.bss)
    .bss                                     0x20000260   Section     1220  tasks.o(.bss)
    pxReadyTasksLists                        0x20000260   Data        1120  tasks.o(.bss)
    xDelayedTaskList1                        0x200006c0   Data          20  tasks.o(.bss)
    xDelayedTaskList2                        0x200006d4   Data          20  tasks.o(.bss)
    xPendingReadyList                        0x200006e8   Data          20  tasks.o(.bss)
    xTasksWaitingTermination                 0x200006fc   Data          20  tasks.o(.bss)
    xSuspendedTaskList                       0x20000710   Data          20  tasks.o(.bss)
    .bss                                     0x20000724   Section      280  timers.o(.bss)
    xStaticTimerQueue                        0x20000724   Data          80  timers.o(.bss)
    ucStaticTimerQueueStorage                0x20000774   Data         160  timers.o(.bss)
    xActiveTimerList1                        0x20000814   Data          20  timers.o(.bss)
    xActiveTimerList2                        0x20000828   Data          20  timers.o(.bss)
    .bss                                     0x2000083c   Section     1720  cmsis_os2.o(.bss)
    Idle_TCB                                 0x2000083c   Data          92  cmsis_os2.o(.bss)
    Idle_Stack                               0x20000898   Data         512  cmsis_os2.o(.bss)
    Timer_TCB                                0x20000a98   Data          92  cmsis_os2.o(.bss)
    Timer_Stack                              0x20000af4   Data        1024  cmsis_os2.o(.bss)
    .bss                                     0x20000ef4   Section    15360  heap_4.o(.bss)
    ucHeap                                   0x20000ef4   Data       15360  heap_4.o(.bss)
    .bss                                     0x20004af4   Section     1208  segger_rtt.o(.bss)
    _acUpBuffer                              0x20004b9c   Data        1024  segger_rtt.o(.bss)
    _acDownBuffer                            0x20004f9c   Data          16  segger_rtt.o(.bss)
    .bss                                     0x20004fac   Section     1272  elog.o(.bss)
    log_buf                                  0x20004fac   Data        1024  elog.o(.bss)
    elog                                     0x200053ac   Data         248  elog.o(.bss)
    .bss                                     0x200054a4   Section       16  elog_port.o(.bss)
    time_str                                 0x200054a4   Data          16  elog_port.o(.bss)
    HEAP                                     0x200054b8   Section      512  startup_stm32f411xe.o(HEAP)
    STACK                                    0x200056b8   Section     1024  startup_stm32f411xe.o(STACK)

    Global Symbols

    Symbol Name                              Value     Ov Type        Size  Object(Section)

    BuildAttributes$$THM_ISAv4$E$P$D$K$B$S$7EM$VFPi3$EXTD16$VFPS$VFMA$PE$A:L22UL41UL21$X:L11$S22US41US21$IEEE1$IW$USESV6$~STKCKD$USESV7$~SHL$OTIME$ROPI$EBA8$MICROLIB$REQ8$PRES8$EABIv2 0x00000000   Number         0  anon$$obj.o ABSOLUTE
    __ARM_use_no_argv                        0x00000000   Number         0  main.o ABSOLUTE
    _printf_a                                0x00000000   Number         0  stubs.o ABSOLUTE
    _printf_c                                0x00000000   Number         0  stubs.o ABSOLUTE
    _printf_charcount                        0x00000000   Number         0  stubs.o ABSOLUTE
    _printf_d                                0x00000000   Number         0  stubs.o ABSOLUTE
    _printf_e                                0x00000000   Number         0  stubs.o ABSOLUTE
    _printf_f                                0x00000000   Number         0  stubs.o ABSOLUTE
    _printf_flags                            0x00000000   Number         0  stubs.o ABSOLUTE
    _printf_fp_dec                           0x00000000   Number         0  stubs.o ABSOLUTE
    _printf_fp_hex                           0x00000000   Number         0  stubs.o ABSOLUTE
    _printf_g                                0x00000000   Number         0  stubs.o ABSOLUTE
    _printf_i                                0x00000000   Number         0  stubs.o ABSOLUTE
    _printf_int_dec                          0x00000000   Number         0  stubs.o ABSOLUTE
    _printf_l                                0x00000000   Number         0  stubs.o ABSOLUTE
    _printf_lc                               0x00000000   Number         0  stubs.o ABSOLUTE
    _printf_ll                               0x00000000   Number         0  stubs.o ABSOLUTE
    _printf_lld                              0x00000000   Number         0  stubs.o ABSOLUTE
    _printf_lli                              0x00000000   Number         0  stubs.o ABSOLUTE
    _printf_llo                              0x00000000   Number         0  stubs.o ABSOLUTE
    _printf_llu                              0x00000000   Number         0  stubs.o ABSOLUTE
    _printf_llx                              0x00000000   Number         0  stubs.o ABSOLUTE
    _printf_longlong_dec                     0x00000000   Number         0  stubs.o ABSOLUTE
    _printf_longlong_hex                     0x00000000   Number         0  stubs.o ABSOLUTE
    _printf_longlong_oct                     0x00000000   Number         0  stubs.o ABSOLUTE
    _printf_ls                               0x00000000   Number         0  stubs.o ABSOLUTE
    _printf_mbtowc                           0x00000000   Number         0  stubs.o ABSOLUTE
    _printf_n                                0x00000000   Number         0  stubs.o ABSOLUTE
    _printf_o                                0x00000000   Number         0  stubs.o ABSOLUTE
    _printf_p                                0x00000000   Number         0  stubs.o ABSOLUTE
    _printf_percent                          0x00000000   Number         0  stubs.o ABSOLUTE
    _printf_pre_padding                      0x00000000   Number         0  stubs.o ABSOLUTE
    _printf_return_value                     0x00000000   Number         0  stubs.o ABSOLUTE
    _printf_s                                0x00000000   Number         0  stubs.o ABSOLUTE
    _printf_sizespec                         0x00000000   Number         0  stubs.o ABSOLUTE
    _printf_str                              0x00000000   Number         0  stubs.o ABSOLUTE
    _printf_truncate_signed                  0x00000000   Number         0  stubs.o ABSOLUTE
    _printf_truncate_unsigned                0x00000000   Number         0  stubs.o ABSOLUTE
    _printf_u                                0x00000000   Number         0  stubs.o ABSOLUTE
    _printf_wc                               0x00000000   Number         0  stubs.o ABSOLUTE
    _printf_wctomb                           0x00000000   Number         0  stubs.o ABSOLUTE
    _printf_widthprec                        0x00000000   Number         0  stubs.o ABSOLUTE
    _printf_x                                0x00000000   Number         0  stubs.o ABSOLUTE
    __arm_fini_                               - Undefined Weak Reference
    __cpp_initialize__aeabi_                  - Undefined Weak Reference
    __cxa_finalize                            - Undefined Weak Reference
    __decompress                              - Undefined Weak Reference
    _clock_init                               - Undefined Weak Reference
    _microlib_exit                            - Undefined Weak Reference
    __Vectors_Size                           0x00000198   Number         0  startup_stm32f411xe.o ABSOLUTE
    __Vectors                                0x08000000   Data           4  startup_stm32f411xe.o(RESET)
    __Vectors_End                            0x08000198   Data           0  startup_stm32f411xe.o(RESET)
    __main                                   0x08000199   Thumb Code     0  entry.o(.ARM.Collect$$$$00000000)
    _main_stk                                0x08000199   Thumb Code     0  entry2.o(.ARM.Collect$$$$00000001)
    _main_scatterload                        0x0800019d   Thumb Code     0  entry5.o(.ARM.Collect$$$$00000004)
    __main_after_scatterload                 0x080001a1   Thumb Code     0  entry5.o(.ARM.Collect$$$$00000004)
    _main_clock                              0x080001a1   Thumb Code     0  entry7b.o(.ARM.Collect$$$$00000008)
    _main_cpp_init                           0x080001a1   Thumb Code     0  entry8b.o(.ARM.Collect$$$$0000000A)
    _main_init                               0x080001a1   Thumb Code     0  entry9a.o(.ARM.Collect$$$$0000000B)
    __rt_lib_shutdown_fini                   0x080001a9   Thumb Code     0  entry12b.o(.ARM.Collect$$$$0000000E)
    __rt_final_cpp                           0x080001ad   Thumb Code     0  entry10a.o(.ARM.Collect$$$$0000000F)
    __rt_final_exit                          0x080001ad   Thumb Code     0  entry11a.o(.ARM.Collect$$$$00000011)
    SVC_Handler                              0x080001b1   Thumb Code    28  port.o(.emb_text)
    __asm___6_port_c_39a90d8d__prvStartFirstTask 0x080001d1   Thumb Code    36  port.o(.emb_text)
    __asm___6_port_c_39a90d8d__prvEnableVFP  0x080001f9   Thumb Code    16  port.o(.emb_text)
    PendSV_Handler                           0x0800020d   Thumb Code    88  port.o(.emb_text)
    vPortGetIPSR                             0x08000269   Thumb Code     6  port.o(.emb_text)
    Reset_Handler                            0x08000271   Thumb Code     8  startup_stm32f411xe.o(.text)
    DMA1_Stream0_IRQHandler                  0x0800028b   Thumb Code     0  startup_stm32f411xe.o(.text)
    DMA1_Stream1_IRQHandler                  0x0800028b   Thumb Code     0  startup_stm32f411xe.o(.text)
    DMA1_Stream2_IRQHandler                  0x0800028b   Thumb Code     0  startup_stm32f411xe.o(.text)
    DMA1_Stream3_IRQHandler                  0x0800028b   Thumb Code     0  startup_stm32f411xe.o(.text)
    DMA1_Stream4_IRQHandler                  0x0800028b   Thumb Code     0  startup_stm32f411xe.o(.text)
    DMA1_Stream5_IRQHandler                  0x0800028b   Thumb Code     0  startup_stm32f411xe.o(.text)
    DMA1_Stream6_IRQHandler                  0x0800028b   Thumb Code     0  startup_stm32f411xe.o(.text)
    DMA1_Stream7_IRQHandler                  0x0800028b   Thumb Code     0  startup_stm32f411xe.o(.text)
    DMA2_Stream1_IRQHandler                  0x0800028b   Thumb Code     0  startup_stm32f411xe.o(.text)
    DMA2_Stream2_IRQHandler                  0x0800028b   Thumb Code     0  startup_stm32f411xe.o(.text)
    DMA2_Stream3_IRQHandler                  0x0800028b   Thumb Code     0  startup_stm32f411xe.o(.text)
    DMA2_Stream4_IRQHandler                  0x0800028b   Thumb Code     0  startup_stm32f411xe.o(.text)
    DMA2_Stream5_IRQHandler                  0x0800028b   Thumb Code     0  startup_stm32f411xe.o(.text)
    DMA2_Stream6_IRQHandler                  0x0800028b   Thumb Code     0  startup_stm32f411xe.o(.text)
    DMA2_Stream7_IRQHandler                  0x0800028b   Thumb Code     0  startup_stm32f411xe.o(.text)
    EXTI0_IRQHandler                         0x0800028b   Thumb Code     0  startup_stm32f411xe.o(.text)
    EXTI15_10_IRQHandler                     0x0800028b   Thumb Code     0  startup_stm32f411xe.o(.text)
    EXTI1_IRQHandler                         0x0800028b   Thumb Code     0  startup_stm32f411xe.o(.text)
    EXTI2_IRQHandler                         0x0800028b   Thumb Code     0  startup_stm32f411xe.o(.text)
    EXTI3_IRQHandler                         0x0800028b   Thumb Code     0  startup_stm32f411xe.o(.text)
    EXTI4_IRQHandler                         0x0800028b   Thumb Code     0  startup_stm32f411xe.o(.text)
    EXTI9_5_IRQHandler                       0x0800028b   Thumb Code     0  startup_stm32f411xe.o(.text)
    FLASH_IRQHandler                         0x0800028b   Thumb Code     0  startup_stm32f411xe.o(.text)
    FPU_IRQHandler                           0x0800028b   Thumb Code     0  startup_stm32f411xe.o(.text)
    I2C1_ER_IRQHandler                       0x0800028b   Thumb Code     0  startup_stm32f411xe.o(.text)
    I2C1_EV_IRQHandler                       0x0800028b   Thumb Code     0  startup_stm32f411xe.o(.text)
    I2C2_ER_IRQHandler                       0x0800028b   Thumb Code     0  startup_stm32f411xe.o(.text)
    I2C2_EV_IRQHandler                       0x0800028b   Thumb Code     0  startup_stm32f411xe.o(.text)
    I2C3_ER_IRQHandler                       0x0800028b   Thumb Code     0  startup_stm32f411xe.o(.text)
    I2C3_EV_IRQHandler                       0x0800028b   Thumb Code     0  startup_stm32f411xe.o(.text)
    OTG_FS_IRQHandler                        0x0800028b   Thumb Code     0  startup_stm32f411xe.o(.text)
    OTG_FS_WKUP_IRQHandler                   0x0800028b   Thumb Code     0  startup_stm32f411xe.o(.text)
    PVD_IRQHandler                           0x0800028b   Thumb Code     0  startup_stm32f411xe.o(.text)
    RCC_IRQHandler                           0x0800028b   Thumb Code     0  startup_stm32f411xe.o(.text)
    RTC_Alarm_IRQHandler                     0x0800028b   Thumb Code     0  startup_stm32f411xe.o(.text)
    RTC_WKUP_IRQHandler                      0x0800028b   Thumb Code     0  startup_stm32f411xe.o(.text)
    SDIO_IRQHandler                          0x0800028b   Thumb Code     0  startup_stm32f411xe.o(.text)
    SPI1_IRQHandler                          0x0800028b   Thumb Code     0  startup_stm32f411xe.o(.text)
    SPI2_IRQHandler                          0x0800028b   Thumb Code     0  startup_stm32f411xe.o(.text)
    SPI3_IRQHandler                          0x0800028b   Thumb Code     0  startup_stm32f411xe.o(.text)
    SPI4_IRQHandler                          0x0800028b   Thumb Code     0  startup_stm32f411xe.o(.text)
    SPI5_IRQHandler                          0x0800028b   Thumb Code     0  startup_stm32f411xe.o(.text)
    TAMP_STAMP_IRQHandler                    0x0800028b   Thumb Code     0  startup_stm32f411xe.o(.text)
    TIM1_BRK_TIM9_IRQHandler                 0x0800028b   Thumb Code     0  startup_stm32f411xe.o(.text)
    TIM1_CC_IRQHandler                       0x0800028b   Thumb Code     0  startup_stm32f411xe.o(.text)
    TIM1_TRG_COM_TIM11_IRQHandler            0x0800028b   Thumb Code     0  startup_stm32f411xe.o(.text)
    TIM2_IRQHandler                          0x0800028b   Thumb Code     0  startup_stm32f411xe.o(.text)
    TIM3_IRQHandler                          0x0800028b   Thumb Code     0  startup_stm32f411xe.o(.text)
    TIM4_IRQHandler                          0x0800028b   Thumb Code     0  startup_stm32f411xe.o(.text)
    TIM5_IRQHandler                          0x0800028b   Thumb Code     0  startup_stm32f411xe.o(.text)
    USART1_IRQHandler                        0x0800028b   Thumb Code     0  startup_stm32f411xe.o(.text)
    USART2_IRQHandler                        0x0800028b   Thumb Code     0  startup_stm32f411xe.o(.text)
    USART6_IRQHandler                        0x0800028b   Thumb Code     0  startup_stm32f411xe.o(.text)
    WWDG_IRQHandler                          0x0800028b   Thumb Code     0  startup_stm32f411xe.o(.text)
    __aeabi_uldivmod                         0x08000295   Thumb Code    98  uldiv.o(.text)
    __aeabi_memcpy                           0x080002f7   Thumb Code    36  memcpya.o(.text)
    __aeabi_memcpy4                          0x080002f7   Thumb Code     0  memcpya.o(.text)
    __aeabi_memcpy8                          0x080002f7   Thumb Code     0  memcpya.o(.text)
    __aeabi_memset                           0x0800031b   Thumb Code    14  memseta.o(.text)
    __aeabi_memset4                          0x0800031b   Thumb Code     0  memseta.o(.text)
    __aeabi_memset8                          0x0800031b   Thumb Code     0  memseta.o(.text)
    __aeabi_memclr                           0x08000329   Thumb Code     4  memseta.o(.text)
    __aeabi_memclr4                          0x08000329   Thumb Code     0  memseta.o(.text)
    __aeabi_memclr8                          0x08000329   Thumb Code     0  memseta.o(.text)
    memset                                   0x0800032d   Thumb Code    18  memseta.o(.text)
    strstr                                   0x0800033f   Thumb Code    36  strstr.o(.text)
    strlen                                   0x08000363   Thumb Code    14  strlen.o(.text)
    strcpy                                   0x08000371   Thumb Code    18  strcpy.o(.text)
    strncmp                                  0x08000383   Thumb Code    30  strncmp.o(.text)
    __aeabi_uidiv                            0x080003a1   Thumb Code     0  uidiv.o(.text)
    __aeabi_uidivmod                         0x080003a1   Thumb Code    44  uidiv.o(.text)
    __aeabi_llsl                             0x080003cd   Thumb Code    30  llshl.o(.text)
    _ll_shift_l                              0x080003cd   Thumb Code     0  llshl.o(.text)
    __aeabi_llsr                             0x080003eb   Thumb Code    32  llushr.o(.text)
    _ll_ushift_r                             0x080003eb   Thumb Code     0  llushr.o(.text)
    __I$use$fp                               0x0800040b   Thumb Code     0  iusefp.o(.text)
    __aeabi_dadd                             0x0800040b   Thumb Code   322  dadd.o(.text)
    __aeabi_dsub                             0x0800054d   Thumb Code     6  dadd.o(.text)
    __aeabi_drsub                            0x08000553   Thumb Code     6  dadd.o(.text)
    __aeabi_dmul                             0x08000559   Thumb Code   228  dmul.o(.text)
    __aeabi_ddiv                             0x0800063d   Thumb Code   222  ddiv.o(.text)
    __aeabi_d2ulz                            0x0800071b   Thumb Code    48  dfixul.o(.text)
    __aeabi_cdrcmple                         0x0800074d   Thumb Code    48  cdrcmple.o(.text)
    __scatterload                            0x0800077d   Thumb Code    28  init.o(.text)
    __scatterload_rt2                        0x0800077d   Thumb Code     0  init.o(.text)
    __aeabi_lasr                             0x080007a1   Thumb Code    36  llsshr.o(.text)
    _ll_sshift_r                             0x080007a1   Thumb Code     0  llsshr.o(.text)
    _double_round                            0x080007c5   Thumb Code    30  depilogue.o(.text)
    _double_epilogue                         0x080007e3   Thumb Code   156  depilogue.o(.text)
    ADC_IRQHandler                           0x0800090d   Thumb Code     6  stm32f4xx_it.o(i.ADC_IRQHandler)
    BusFault_Handler                         0x08000a41   Thumb Code     2  stm32f4xx_it.o(i.BusFault_Handler)
    DMA2_Stream0_IRQHandler                  0x08000a45   Thumb Code     6  stm32f4xx_it.o(i.DMA2_Stream0_IRQHandler)
    DebugMon_Handler                         0x08000af5   Thumb Code     2  stm32f4xx_it.o(i.DebugMon_Handler)
    Error_Handler                            0x08000af7   Thumb Code     4  main.o(i.Error_Handler)
    HAL_ADCEx_InjectedConvCpltCallback       0x08000afb   Thumb Code     2  stm32f4xx_hal_adc_ex.o(i.HAL_ADCEx_InjectedConvCpltCallback)
    HAL_ADC_ConfigChannel                    0x08000afd   Thumb Code   334  stm32f4xx_hal_adc.o(i.HAL_ADC_ConfigChannel)
    HAL_ADC_ConvCpltCallback                 0x08000c61   Thumb Code    52  freertos.o(i.HAL_ADC_ConvCpltCallback)
    HAL_ADC_ConvHalfCpltCallback             0x08000cd9   Thumb Code     2  stm32f4xx_hal_adc.o(i.HAL_ADC_ConvHalfCpltCallback)
    HAL_ADC_ErrorCallback                    0x08000cdd   Thumb Code    26  freertos.o(i.HAL_ADC_ErrorCallback)
    HAL_ADC_IRQHandler                       0x08000d35   Thumb Code   302  stm32f4xx_hal_adc.o(i.HAL_ADC_IRQHandler)
    HAL_ADC_Init                             0x08000e63   Thumb Code    84  stm32f4xx_hal_adc.o(i.HAL_ADC_Init)
    HAL_ADC_LevelOutOfWindowCallback         0x08000eb7   Thumb Code     2  stm32f4xx_hal_adc.o(i.HAL_ADC_LevelOutOfWindowCallback)
    HAL_ADC_MspInit                          0x08000eb9   Thumb Code   146  adc.o(i.HAL_ADC_MspInit)
    HAL_ADC_Start_DMA                        0x08000f61   Thumb Code   262  stm32f4xx_hal_adc.o(i.HAL_ADC_Start_DMA)
    HAL_DMA_IRQHandler                       0x08001085   Thumb Code   412  stm32f4xx_hal_dma.o(i.HAL_DMA_IRQHandler)
    HAL_DMA_Init                             0x08001225   Thumb Code   206  stm32f4xx_hal_dma.o(i.HAL_DMA_Init)
    HAL_DMA_Start_IT                         0x080012f9   Thumb Code   110  stm32f4xx_hal_dma.o(i.HAL_DMA_Start_IT)
    HAL_GPIO_Init                            0x08001369   Thumb Code   446  stm32f4xx_hal_gpio.o(i.HAL_GPIO_Init)
    HAL_GetTick                              0x08001549   Thumb Code     6  stm32f4xx_hal.o(i.HAL_GetTick)
    HAL_IncTick                              0x08001555   Thumb Code    12  stm32f4xx_hal.o(i.HAL_IncTick)
    HAL_Init                                 0x08001565   Thumb Code    48  stm32f4xx_hal.o(i.HAL_Init)
    HAL_InitTick                             0x08001599   Thumb Code   118  stm32f4xx_hal_timebase_tim.o(i.HAL_InitTick)
    HAL_MspInit                              0x08001625   Thumb Code    52  stm32f4xx_hal_msp.o(i.HAL_MspInit)
    HAL_NVIC_EnableIRQ                       0x0800165d   Thumb Code    26  stm32f4xx_hal_cortex.o(i.HAL_NVIC_EnableIRQ)
    HAL_NVIC_SetPriority                     0x08001679   Thumb Code    60  stm32f4xx_hal_cortex.o(i.HAL_NVIC_SetPriority)
    HAL_NVIC_SetPriorityGrouping             0x080016b9   Thumb Code    26  stm32f4xx_hal_cortex.o(i.HAL_NVIC_SetPriorityGrouping)
    HAL_RCC_ClockConfig                      0x080016dd   Thumb Code   288  stm32f4xx_hal_rcc.o(i.HAL_RCC_ClockConfig)
    HAL_RCC_GetClockConfig                   0x08001811   Thumb Code    54  stm32f4xx_hal_rcc.o(i.HAL_RCC_GetClockConfig)
    HAL_RCC_GetPCLK1Freq                     0x08001851   Thumb Code    20  stm32f4xx_hal_rcc.o(i.HAL_RCC_GetPCLK1Freq)
    HAL_RCC_GetPCLK2Freq                     0x08001871   Thumb Code    20  stm32f4xx_hal_rcc.o(i.HAL_RCC_GetPCLK2Freq)
    HAL_RCC_GetSysClockFreq                  0x08001891   Thumb Code    88  stm32f4xx_hal_rcc.o(i.HAL_RCC_GetSysClockFreq)
    HAL_RCC_OscConfig                        0x080018f5   Thumb Code   856  stm32f4xx_hal_rcc.o(i.HAL_RCC_OscConfig)
    HAL_TIMEx_BreakCallback                  0x08001c61   Thumb Code     2  stm32f4xx_hal_tim_ex.o(i.HAL_TIMEx_BreakCallback)
    HAL_TIMEx_CommutCallback                 0x08001c63   Thumb Code     2  stm32f4xx_hal_tim_ex.o(i.HAL_TIMEx_CommutCallback)
    HAL_TIM_Base_Init                        0x08001c65   Thumb Code    90  stm32f4xx_hal_tim.o(i.HAL_TIM_Base_Init)
    HAL_TIM_Base_MspInit                     0x08001cbf   Thumb Code     2  stm32f4xx_hal_tim.o(i.HAL_TIM_Base_MspInit)
    HAL_TIM_Base_Start_IT                    0x08001cc1   Thumb Code    88  stm32f4xx_hal_tim.o(i.HAL_TIM_Base_Start_IT)
    HAL_TIM_IC_CaptureCallback               0x08001d2d   Thumb Code     2  stm32f4xx_hal_tim.o(i.HAL_TIM_IC_CaptureCallback)
    HAL_TIM_IRQHandler                       0x08001d2f   Thumb Code   358  stm32f4xx_hal_tim.o(i.HAL_TIM_IRQHandler)
    HAL_TIM_OC_DelayElapsedCallback          0x08001e95   Thumb Code     2  stm32f4xx_hal_tim.o(i.HAL_TIM_OC_DelayElapsedCallback)
    HAL_TIM_PWM_PulseFinishedCallback        0x08001e97   Thumb Code     2  stm32f4xx_hal_tim.o(i.HAL_TIM_PWM_PulseFinishedCallback)
    HAL_TIM_PeriodElapsedCallback            0x08001e99   Thumb Code    14  main.o(i.HAL_TIM_PeriodElapsedCallback)
    HAL_TIM_TriggerCallback                  0x08001ead   Thumb Code     2  stm32f4xx_hal_tim.o(i.HAL_TIM_TriggerCallback)
    HAL_UART_Init                            0x08001eaf   Thumb Code    98  stm32f4xx_hal_uart.o(i.HAL_UART_Init)
    HAL_UART_MspInit                         0x08001f11   Thumb Code    94  usart.o(i.HAL_UART_MspInit)
    HardFault_Handler                        0x08001f7d   Thumb Code     2  stm32f4xx_it.o(i.HardFault_Handler)
    MX_ADC1_Init                             0x08001f81   Thumb Code    86  adc.o(i.MX_ADC1_Init)
    MX_DMA_Init                              0x08001fe5   Thumb Code    40  dma.o(i.MX_DMA_Init)
    MX_FREERTOS_Init                         0x08002011   Thumb Code    74  freertos.o(i.MX_FREERTOS_Init)
    MX_GPIO_Init                             0x080020a9   Thumb Code    54  gpio.o(i.MX_GPIO_Init)
    MX_USART1_UART_Init                      0x080020e5   Thumb Code    48  usart.o(i.MX_USART1_UART_Init)
    MemManage_Handler                        0x0800211d   Thumb Code     2  stm32f4xx_it.o(i.MemManage_Handler)
    NMI_Handler                              0x0800211f   Thumb Code     2  stm32f4xx_it.o(i.NMI_Handler)
    SEGGER_RTT_PutChar                       0x08002121   Thumb Code    90  segger_rtt.o(i.SEGGER_RTT_PutChar)
    SEGGER_RTT_Write                         0x08002181   Thumb Code    50  segger_rtt.o(i.SEGGER_RTT_Write)
    SEGGER_RTT_WriteNoLock                   0x080021b9   Thumb Code    86  segger_rtt.o(i.SEGGER_RTT_WriteNoLock)
    StartAdcOutputTask                       0x08002215   Thumb Code    94  freertos.o(i.StartAdcOutputTask)
    StartDefaultTask                         0x080022e1   Thumb Code   358  freertos.o(i.StartDefaultTask)
    SysTick_Handler                          0x08002531   Thumb Code    26  cmsis_os2.o(i.SysTick_Handler)
    SystemClock_Config                       0x0800254d   Thumb Code   136  main.o(i.SystemClock_Config)
    SystemInit                               0x080025dd   Thumb Code    12  system_stm32f4xx.o(i.SystemInit)
    TIM1_UP_TIM10_IRQHandler                 0x080025ed   Thumb Code     6  stm32f4xx_it.o(i.TIM1_UP_TIM10_IRQHandler)
    TIM_Base_SetConfig                       0x080025f9   Thumb Code   122  stm32f4xx_hal_tim.o(i.TIM_Base_SetConfig)
    UsageFault_Handler                       0x0800279d   Thumb Code     2  stm32f4xx_it.o(i.UsageFault_Handler)
    __0printf                                0x080028bd   Thumb Code    22  printfa.o(i.__0printf)
    __1printf                                0x080028bd   Thumb Code     0  printfa.o(i.__0printf)
    __2printf                                0x080028bd   Thumb Code     0  printfa.o(i.__0printf)
    __c89printf                              0x080028bd   Thumb Code     0  printfa.o(i.__0printf)
    printf                                   0x080028bd   Thumb Code     0  printfa.o(i.__0printf)
    __0snprintf                              0x080028dd   Thumb Code    48  printfa.o(i.__0snprintf)
    __1snprintf                              0x080028dd   Thumb Code     0  printfa.o(i.__0snprintf)
    __2snprintf                              0x080028dd   Thumb Code     0  printfa.o(i.__0snprintf)
    __c89snprintf                            0x080028dd   Thumb Code     0  printfa.o(i.__0snprintf)
    snprintf                                 0x080028dd   Thumb Code     0  printfa.o(i.__0snprintf)
    __0vsnprintf                             0x08002911   Thumb Code    46  printfa.o(i.__0vsnprintf)
    __1vsnprintf                             0x08002911   Thumb Code     0  printfa.o(i.__0vsnprintf)
    __2vsnprintf                             0x08002911   Thumb Code     0  printfa.o(i.__0vsnprintf)
    __c89vsnprintf                           0x08002911   Thumb Code     0  printfa.o(i.__0vsnprintf)
    vsnprintf                                0x08002911   Thumb Code     0  printfa.o(i.__0vsnprintf)
    __scatterload_copy                       0x08002965   Thumb Code    14  handlers.o(i.__scatterload_copy)
    __scatterload_null                       0x08002973   Thumb Code     2  handlers.o(i.__scatterload_null)
    __scatterload_zeroinit                   0x08002975   Thumb Code    14  handlers.o(i.__scatterload_zeroinit)
    app_elog_init                            0x08003225   Thumb Code    68  main.o(i.app_elog_init)
    elog_get_filter_tag_lvl                  0x08003269   Thumb Code   134  elog.o(i.elog_get_filter_tag_lvl)
    elog_init                                0x08003365   Thumb Code   100  elog.o(i.elog_init)
    elog_output                              0x080033cd   Thumb Code   758  elog.o(i.elog_output)
    elog_output_lock                         0x08003771   Thumb Code    28  elog.o(i.elog_output_lock)
    elog_output_lock_enabled                 0x08003791   Thumb Code    40  elog.o(i.elog_output_lock_enabled)
    elog_output_unlock                       0x080037bd   Thumb Code    28  elog.o(i.elog_output_unlock)
    elog_port_get_p_info                     0x080037dd   Thumb Code     4  elog_port.o(i.elog_port_get_p_info)
    elog_port_get_t_info                     0x080037e5   Thumb Code     4  elog_port.o(i.elog_port_get_t_info)
    elog_port_get_time                       0x080037ed   Thumb Code    22  elog_port.o(i.elog_port_get_time)
    elog_port_init                           0x0800380d   Thumb Code     4  elog_port.o(i.elog_port_init)
    elog_port_output                         0x08003811   Thumb Code    10  elog_port.o(i.elog_port_output)
    elog_port_output_lock                    0x0800381b   Thumb Code     2  elog_port.o(i.elog_port_output_lock)
    elog_port_output_unlock                  0x0800381d   Thumb Code     2  elog_port.o(i.elog_port_output_unlock)
    elog_set_filter_lvl                      0x08003821   Thumb Code    64  elog.o(i.elog_set_filter_lvl)
    elog_set_fmt                             0x080038dd   Thumb Code    72  elog.o(i.elog_set_fmt)
    elog_set_text_color_enabled              0x080039a1   Thumb Code     8  elog.o(i.elog_set_text_color_enabled)
    elog_start                               0x080039ad   Thumb Code    42  elog.o(i.elog_start)
    elog_strcpy                              0x08003a41   Thumb Code   148  elog_utils.o(i.elog_strcpy)
    fputc                                    0x08003b3d   Thumb Code    16  usart.o(i.fputc)
    main                                     0x08003c3d   Thumb Code    42  main.o(i.main)
    malloc                                   0x08003c69   Thumb Code    92  malloc.o(i.malloc)
    osDelay                                  0x08003cd5   Thumb Code    26  cmsis_os2.o(i.osDelay)
    osKernelInitialize                       0x08003cf1   Thumb Code    32  cmsis_os2.o(i.osKernelInitialize)
    osKernelStart                            0x08003d15   Thumb Code    48  cmsis_os2.o(i.osKernelStart)
    osThreadNew                              0x08003d4d   Thumb Code   138  cmsis_os2.o(i.osThreadNew)
    pvPortMalloc                             0x0800456d   Thumb Code   216  heap_4.o(i.pvPortMalloc)
    pxPortInitialiseStack                    0x08004649   Thumb Code    40  port.o(i.pxPortInitialiseStack)
    uxListRemove                             0x08004675   Thumb Code    38  list.o(i.uxListRemove)
    vApplicationGetIdleTaskMemory            0x0800469d   Thumb Code    16  cmsis_os2.o(i.vApplicationGetIdleTaskMemory)
    vApplicationGetTimerTaskMemory           0x080046b1   Thumb Code    18  cmsis_os2.o(i.vApplicationGetTimerTaskMemory)
    vListInitialise                          0x080046c9   Thumb Code    22  list.o(i.vListInitialise)
    vListInitialiseItem                      0x080046df   Thumb Code     6  list.o(i.vListInitialiseItem)
    vListInsert                              0x080046e5   Thumb Code    48  list.o(i.vListInsert)
    vListInsertEnd                           0x08004715   Thumb Code    24  list.o(i.vListInsertEnd)
    vPortEnterCritical                       0x0800472d   Thumb Code    54  port.o(i.vPortEnterCritical)
    vPortExitCritical                        0x0800476d   Thumb Code    34  port.o(i.vPortExitCritical)
    vPortFree                                0x08004795   Thumb Code    94  heap_4.o(i.vPortFree)
    vPortSetupTimerInterrupt                 0x080047f9   Thumb Code    32  port.o(i.vPortSetupTimerInterrupt)
    vPortValidateInterruptPriority           0x0800481d   Thumb Code    74  port.o(i.vPortValidateInterruptPriority)
    vQueueAddToRegistry                      0x08004871   Thumb Code    34  queue.o(i.vQueueAddToRegistry)
    vQueueWaitForMessageRestricted           0x08004899   Thumb Code    68  queue.o(i.vQueueWaitForMessageRestricted)
    vTaskDelay                               0x080048dd   Thumb Code    66  tasks.o(i.vTaskDelay)
    vTaskInternalSetTimeOutState             0x08004929   Thumb Code    12  tasks.o(i.vTaskInternalSetTimeOutState)
    vTaskMissedYield                         0x08004939   Thumb Code     8  tasks.o(i.vTaskMissedYield)
    vTaskPlaceOnEventList                    0x08004945   Thumb Code    44  tasks.o(i.vTaskPlaceOnEventList)
    vTaskPlaceOnEventListRestricted          0x08004975   Thumb Code    52  tasks.o(i.vTaskPlaceOnEventListRestricted)
    vTaskStartScheduler                      0x080049ad   Thumb Code   118  tasks.o(i.vTaskStartScheduler)
    vTaskSuspendAll                          0x08004a35   Thumb Code    10  tasks.o(i.vTaskSuspendAll)
    vTaskSwitchContext                       0x08004a45   Thumb Code    90  tasks.o(i.vTaskSwitchContext)
    xPortStartScheduler                      0x08004aa9   Thumb Code   222  port.o(i.xPortStartScheduler)
    xPortSysTickHandler                      0x08004b9d   Thumb Code    38  port.o(i.xPortSysTickHandler)
    xQueueGenericCreate                      0x08004bc9   Thumb Code    66  queue.o(i.xQueueGenericCreate)
    xQueueGenericCreateStatic                0x08004c0b   Thumb Code   102  queue.o(i.xQueueGenericCreateStatic)
    xQueueGenericReset                       0x08004c71   Thumb Code   132  queue.o(i.xQueueGenericReset)
    xQueueGenericSend                        0x08004cf9   Thumb Code   346  queue.o(i.xQueueGenericSend)
    xQueueGenericSendFromISR                 0x08004e59   Thumb Code   190  queue.o(i.xQueueGenericSendFromISR)
    xQueueReceive                            0x08004f19   Thumb Code   308  queue.o(i.xQueueReceive)
    xTaskCheckForTimeOut                     0x08005051   Thumb Code   112  tasks.o(i.xTaskCheckForTimeOut)
    xTaskCreate                              0x080050c5   Thumb Code    90  tasks.o(i.xTaskCreate)
    xTaskCreateStatic                        0x0800511f   Thumb Code    86  tasks.o(i.xTaskCreateStatic)
    xTaskGetSchedulerState                   0x08005175   Thumb Code    22  tasks.o(i.xTaskGetSchedulerState)
    xTaskGetTickCount                        0x08005191   Thumb Code     6  tasks.o(i.xTaskGetTickCount)
    xTaskIncrementTick                       0x0800519d   Thumb Code   192  tasks.o(i.xTaskIncrementTick)
    xTaskPriorityDisinherit                  0x08005265   Thumb Code   118  tasks.o(i.xTaskPriorityDisinherit)
    xTaskRemoveFromEventList                 0x080052e5   Thumb Code    98  tasks.o(i.xTaskRemoveFromEventList)
    xTaskResumeAll                           0x08005355   Thumb Code   182  tasks.o(i.xTaskResumeAll)
    xTimerCreateTimerTask                    0x08005419   Thumb Code    78  timers.o(i.xTimerCreateTimerTask)
    xTimerGenericCommand                     0x08005479   Thumb Code    98  timers.o(i.xTimerGenericCommand)
    adc_output_task_attributes               0x080054e0   Data          36  freertos.o(.constdata)
    defaultTask_attributes                   0x08005504   Data          36  freertos.o(.constdata)
    AHBPrescTable                            0x08005583   Data          16  system_stm32f4xx.o(.constdata)
    APBPrescTable                            0x08005593   Data           8  system_stm32f4xx.o(.constdata)
    Region$$Table$$Base                      0x08005704   Number         0  anon$$obj.o(Region$$Table)
    Region$$Table$$Limit                     0x08005724   Number         0  anon$$obj.o(Region$$Table)
    buffer1                                  0x20000000   Data           4  freertos.o(.data)
    buffer2                                  0x20000004   Data           4  freertos.o(.data)
    buffer_idx                               0x20000008   Data           4  freertos.o(.data)
    queue                                    0x2000000c   Data           4  freertos.o(.data)
    adc_queue                                0x20000010   Data           4  freertos.o(.data)
    adc_output_task_handle                   0x20000014   Data           4  freertos.o(.data)
    defaultTaskHandle                        0x20000018   Data           4  freertos.o(.data)
    uwTickFreq                               0x2000001c   Data           1  stm32f4xx_hal.o(.data)
    uwTickPrio                               0x20000020   Data           4  stm32f4xx_hal.o(.data)
    uwTick                                   0x20000024   Data           4  stm32f4xx_hal.o(.data)
    SystemCoreClock                          0x20000028   Data           4  system_stm32f4xx.o(.data)
    pxCurrentTCB                             0x2000002c   Data           4  tasks.o(.data)
    elog_assert_hook                         0x200000ac   Data           4  elog.o(.data)
    __stdout                                 0x200000e0   Data           4  stdout.o(.data)
    __microlib_freelist                      0x200000e4   Data           4  mvars.o(.data)
    __microlib_freelist_initialised          0x200000e8   Data           4  mvars.o(.data)
    hadc1                                    0x200000ec   Data          72  adc.o(.bss)
    hdma_adc1                                0x20000134   Data          96  adc.o(.bss)
    huart1                                   0x20000194   Data          68  usart.o(.bss)
    htim1                                    0x200001d8   Data          72  stm32f4xx_hal_timebase_tim.o(.bss)
    xQueueRegistry                           0x20000220   Data          64  queue.o(.bss)
    _SEGGER_RTT                              0x20004af4   Data         168  segger_rtt.o(.bss)
    __heap_base                              0x200054b8   Data           0  startup_stm32f411xe.o(HEAP)
    __heap_limit                             0x200056b8   Data           0  startup_stm32f411xe.o(HEAP)
    __initial_sp                             0x20005ab8   Data           0  startup_stm32f411xe.o(STACK)



==============================================================================

Memory Map of the image

  Image Entry point : 0x08000199

  Load Region LR_IROM1 (Base: 0x08000000, Size: 0x00005810, Max: 0x00080000, ABSOLUTE)

    Execution Region ER_IROM1 (Exec base: 0x08000000, Load base: 0x08000000, Size: 0x00005724, Max: 0x00080000, ABSOLUTE)

    Exec Addr    Load Addr    Size         Type   Attr      Idx    E Section Name        Object

    0x08000000   0x08000000   0x00000198   Data   RO            3    RESET               startup_stm32f411xe.o
    0x08000198   0x08000198   0x00000000   Code   RO         5734  * .ARM.Collect$$$$00000000  mc_w.l(entry.o)
    0x08000198   0x08000198   0x00000004   Code   RO         6050    .ARM.Collect$$$$00000001  mc_w.l(entry2.o)
    0x0800019c   0x0800019c   0x00000004   Code   RO         6053    .ARM.Collect$$$$00000004  mc_w.l(entry5.o)
    0x080001a0   0x080001a0   0x00000000   Code   RO         6055    .ARM.Collect$$$$00000008  mc_w.l(entry7b.o)
    0x080001a0   0x080001a0   0x00000000   Code   RO         6057    .ARM.Collect$$$$0000000A  mc_w.l(entry8b.o)
    0x080001a0   0x080001a0   0x00000008   Code   RO         6058    .ARM.Collect$$$$0000000B  mc_w.l(entry9a.o)
    0x080001a8   0x080001a8   0x00000004   Code   RO         6065    .ARM.Collect$$$$0000000E  mc_w.l(entry12b.o)
    0x080001ac   0x080001ac   0x00000000   Code   RO         6060    .ARM.Collect$$$$0000000F  mc_w.l(entry10a.o)
    0x080001ac   0x080001ac   0x00000000   Code   RO         6062    .ARM.Collect$$$$00000011  mc_w.l(entry11a.o)
    0x080001ac   0x080001ac   0x00000004   Code   RO         6051    .ARM.Collect$$$$00002712  mc_w.l(entry2.o)
    0x080001b0   0x080001b0   0x000000be   Code   RO         5117    .emb_text           port.o
    0x0800026e   0x0800026e   0x00000002   PAD
    0x08000270   0x08000270   0x00000024   Code   RO            4    .text               startup_stm32f411xe.o
    0x08000294   0x08000294   0x00000062   Code   RO         5737    .text               mc_w.l(uldiv.o)
    0x080002f6   0x080002f6   0x00000024   Code   RO         5739    .text               mc_w.l(memcpya.o)
    0x0800031a   0x0800031a   0x00000024   Code   RO         5743    .text               mc_w.l(memseta.o)
    0x0800033e   0x0800033e   0x00000024   Code   RO         5745    .text               mc_w.l(strstr.o)
    0x08000362   0x08000362   0x0000000e   Code   RO         5749    .text               mc_w.l(strlen.o)
    0x08000370   0x08000370   0x00000012   Code   RO         5753    .text               mc_w.l(strcpy.o)
    0x08000382   0x08000382   0x0000001e   Code   RO         5755    .text               mc_w.l(strncmp.o)
    0x080003a0   0x080003a0   0x0000002c   Code   RO         6067    .text               mc_w.l(uidiv.o)
    0x080003cc   0x080003cc   0x0000001e   Code   RO         6069    .text               mc_w.l(llshl.o)
    0x080003ea   0x080003ea   0x00000020   Code   RO         6071    .text               mc_w.l(llushr.o)
    0x0800040a   0x0800040a   0x00000000   Code   RO         6075    .text               mc_w.l(iusefp.o)
    0x0800040a   0x0800040a   0x0000014e   Code   RO         6078    .text               mf_w.l(dadd.o)
    0x08000558   0x08000558   0x000000e4   Code   RO         6080    .text               mf_w.l(dmul.o)
    0x0800063c   0x0800063c   0x000000de   Code   RO         6082    .text               mf_w.l(ddiv.o)
    0x0800071a   0x0800071a   0x00000030   Code   RO         6084    .text               mf_w.l(dfixul.o)
    0x0800074a   0x0800074a   0x00000002   PAD
    0x0800074c   0x0800074c   0x00000030   Code   RO         6086    .text               mf_w.l(cdrcmple.o)
    0x0800077c   0x0800077c   0x00000024   Code   RO         6088    .text               mc_w.l(init.o)
    0x080007a0   0x080007a0   0x00000024   Code   RO         6090    .text               mc_w.l(llsshr.o)
    0x080007c4   0x080007c4   0x000000ba   Code   RO         6092    .text               mf_w.l(depilogue.o)
    0x0800087e   0x0800087e   0x0000006e   Code   RO          586    i.ADC_DMAConvCplt   stm32f4xx_hal_adc.o
    0x080008ec   0x080008ec   0x00000016   Code   RO          587    i.ADC_DMAError      stm32f4xx_hal_adc.o
    0x08000902   0x08000902   0x0000000a   Code   RO          588    i.ADC_DMAHalfConvCplt  stm32f4xx_hal_adc.o
    0x0800090c   0x0800090c   0x0000000c   Code   RO          447    i.ADC_IRQHandler    stm32f4xx_it.o
    0x08000918   0x08000918   0x00000128   Code   RO          589    i.ADC_Init          stm32f4xx_hal_adc.o
    0x08000a40   0x08000a40   0x00000002   Code   RO          448    i.BusFault_Handler  stm32f4xx_it.o
    0x08000a42   0x08000a42   0x00000002   PAD
    0x08000a44   0x08000a44   0x0000000c   Code   RO          449    i.DMA2_Stream0_IRQHandler  stm32f4xx_it.o
    0x08000a50   0x08000a50   0x00000028   Code   RO         1377    i.DMA_CalcBaseAndBitshift  stm32f4xx_hal_dma.o
    0x08000a78   0x08000a78   0x00000054   Code   RO         1378    i.DMA_CheckFifoParam  stm32f4xx_hal_dma.o
    0x08000acc   0x08000acc   0x00000028   Code   RO         1379    i.DMA_SetConfig     stm32f4xx_hal_dma.o
    0x08000af4   0x08000af4   0x00000002   Code   RO          450    i.DebugMon_Handler  stm32f4xx_it.o
    0x08000af6   0x08000af6   0x00000004   Code   RO           13    i.Error_Handler     main.o
    0x08000afa   0x08000afa   0x00000002   Code   RO          760    i.HAL_ADCEx_InjectedConvCpltCallback  stm32f4xx_hal_adc_ex.o
    0x08000afc   0x08000afc   0x00000164   Code   RO          591    i.HAL_ADC_ConfigChannel  stm32f4xx_hal_adc.o
    0x08000c60   0x08000c60   0x00000078   Code   RO          265    i.HAL_ADC_ConvCpltCallback  freertos.o
    0x08000cd8   0x08000cd8   0x00000002   Code   RO          593    i.HAL_ADC_ConvHalfCpltCallback  stm32f4xx_hal_adc.o
    0x08000cda   0x08000cda   0x00000002   PAD
    0x08000cdc   0x08000cdc   0x00000058   Code   RO          266    i.HAL_ADC_ErrorCallback  freertos.o
    0x08000d34   0x08000d34   0x0000012e   Code   RO          599    i.HAL_ADC_IRQHandler  stm32f4xx_hal_adc.o
    0x08000e62   0x08000e62   0x00000054   Code   RO          600    i.HAL_ADC_Init      stm32f4xx_hal_adc.o
    0x08000eb6   0x08000eb6   0x00000002   Code   RO          601    i.HAL_ADC_LevelOutOfWindowCallback  stm32f4xx_hal_adc.o
    0x08000eb8   0x08000eb8   0x000000a8   Code   RO          334    i.HAL_ADC_MspInit   adc.o
    0x08000f60   0x08000f60   0x00000124   Code   RO          607    i.HAL_ADC_Start_DMA  stm32f4xx_hal_adc.o
    0x08001084   0x08001084   0x000001a0   Code   RO         1385    i.HAL_DMA_IRQHandler  stm32f4xx_hal_dma.o
    0x08001224   0x08001224   0x000000d4   Code   RO         1386    i.HAL_DMA_Init      stm32f4xx_hal_dma.o
    0x080012f8   0x080012f8   0x0000006e   Code   RO         1390    i.HAL_DMA_Start_IT  stm32f4xx_hal_dma.o
    0x08001366   0x08001366   0x00000002   PAD
    0x08001368   0x08001368   0x000001e0   Code   RO         1273    i.HAL_GPIO_Init     stm32f4xx_hal_gpio.o
    0x08001548   0x08001548   0x0000000c   Code   RO         1829    i.HAL_GetTick       stm32f4xx_hal.o
    0x08001554   0x08001554   0x00000010   Code   RO         1835    i.HAL_IncTick       stm32f4xx_hal.o
    0x08001564   0x08001564   0x00000034   Code   RO         1836    i.HAL_Init          stm32f4xx_hal.o
    0x08001598   0x08001598   0x0000008c   Code   RO          547    i.HAL_InitTick      stm32f4xx_hal_timebase_tim.o
    0x08001624   0x08001624   0x00000038   Code   RO          523    i.HAL_MspInit       stm32f4xx_hal_msp.o
    0x0800165c   0x0800165c   0x0000001a   Code   RO         1686    i.HAL_NVIC_EnableIRQ  stm32f4xx_hal_cortex.o
    0x08001676   0x08001676   0x00000002   PAD
    0x08001678   0x08001678   0x00000040   Code   RO         1692    i.HAL_NVIC_SetPriority  stm32f4xx_hal_cortex.o
    0x080016b8   0x080016b8   0x00000024   Code   RO         1693    i.HAL_NVIC_SetPriorityGrouping  stm32f4xx_hal_cortex.o
    0x080016dc   0x080016dc   0x00000134   Code   RO          865    i.HAL_RCC_ClockConfig  stm32f4xx_hal_rcc.o
    0x08001810   0x08001810   0x00000040   Code   RO          869    i.HAL_RCC_GetClockConfig  stm32f4xx_hal_rcc.o
    0x08001850   0x08001850   0x00000020   Code   RO          872    i.HAL_RCC_GetPCLK1Freq  stm32f4xx_hal_rcc.o
    0x08001870   0x08001870   0x00000020   Code   RO          873    i.HAL_RCC_GetPCLK2Freq  stm32f4xx_hal_rcc.o
    0x08001890   0x08001890   0x00000064   Code   RO          874    i.HAL_RCC_GetSysClockFreq  stm32f4xx_hal_rcc.o
    0x080018f4   0x080018f4   0x0000036c   Code   RO          877    i.HAL_RCC_OscConfig  stm32f4xx_hal_rcc.o
    0x08001c60   0x08001c60   0x00000002   Code   RO         2780    i.HAL_TIMEx_BreakCallback  stm32f4xx_hal_tim_ex.o
    0x08001c62   0x08001c62   0x00000002   Code   RO         2781    i.HAL_TIMEx_CommutCallback  stm32f4xx_hal_tim_ex.o
    0x08001c64   0x08001c64   0x0000005a   Code   RO         2076    i.HAL_TIM_Base_Init  stm32f4xx_hal_tim.o
    0x08001cbe   0x08001cbe   0x00000002   Code   RO         2078    i.HAL_TIM_Base_MspInit  stm32f4xx_hal_tim.o
    0x08001cc0   0x08001cc0   0x0000006c   Code   RO         2081    i.HAL_TIM_Base_Start_IT  stm32f4xx_hal_tim.o
    0x08001d2c   0x08001d2c   0x00000002   Code   RO         2110    i.HAL_TIM_IC_CaptureCallback  stm32f4xx_hal_tim.o
    0x08001d2e   0x08001d2e   0x00000166   Code   RO         2124    i.HAL_TIM_IRQHandler  stm32f4xx_hal_tim.o
    0x08001e94   0x08001e94   0x00000002   Code   RO         2127    i.HAL_TIM_OC_DelayElapsedCallback  stm32f4xx_hal_tim.o
    0x08001e96   0x08001e96   0x00000002   Code   RO         2154    i.HAL_TIM_PWM_PulseFinishedCallback  stm32f4xx_hal_tim.o
    0x08001e98   0x08001e98   0x00000014   Code   RO           14    i.HAL_TIM_PeriodElapsedCallback  main.o
    0x08001eac   0x08001eac   0x00000002   Code   RO         2167    i.HAL_TIM_TriggerCallback  stm32f4xx_hal_tim.o
    0x08001eae   0x08001eae   0x00000062   Code   RO         3076    i.HAL_UART_Init     stm32f4xx_hal_uart.o
    0x08001f10   0x08001f10   0x0000006c   Code   RO          400    i.HAL_UART_MspInit  usart.o
    0x08001f7c   0x08001f7c   0x00000002   Code   RO          451    i.HardFault_Handler  stm32f4xx_it.o
    0x08001f7e   0x08001f7e   0x00000002   PAD
    0x08001f80   0x08001f80   0x00000064   Code   RO          335    i.MX_ADC1_Init      adc.o
    0x08001fe4   0x08001fe4   0x0000002c   Code   RO          375    i.MX_DMA_Init       dma.o
    0x08002010   0x08002010   0x00000098   Code   RO          267    i.MX_FREERTOS_Init  freertos.o
    0x080020a8   0x080020a8   0x0000003c   Code   RO          241    i.MX_GPIO_Init      gpio.o
    0x080020e4   0x080020e4   0x00000038   Code   RO          401    i.MX_USART1_UART_Init  usart.o
    0x0800211c   0x0800211c   0x00000002   Code   RO          452    i.MemManage_Handler  stm32f4xx_it.o
    0x0800211e   0x0800211e   0x00000002   Code   RO          453    i.NMI_Handler       stm32f4xx_it.o
    0x08002120   0x08002120   0x00000060   Code   RO         5205    i.SEGGER_RTT_PutChar  segger_rtt.o
    0x08002180   0x08002180   0x00000038   Code   RO         5219    i.SEGGER_RTT_Write  segger_rtt.o
    0x080021b8   0x080021b8   0x0000005c   Code   RO         5222    i.SEGGER_RTT_WriteNoLock  segger_rtt.o
    0x08002214   0x08002214   0x000000cc   Code   RO          268    i.StartAdcOutputTask  freertos.o
    0x080022e0   0x080022e0   0x00000250   Code   RO          269    i.StartDefaultTask  freertos.o
    0x08002530   0x08002530   0x0000001a   Code   RO         4549    i.SysTick_Handler   cmsis_os2.o
    0x0800254a   0x0800254a   0x00000002   PAD
    0x0800254c   0x0800254c   0x00000090   Code   RO           15    i.SystemClock_Config  main.o
    0x080025dc   0x080025dc   0x00000010   Code   RO         3405    i.SystemInit        system_stm32f4xx.o
    0x080025ec   0x080025ec   0x0000000c   Code   RO          454    i.TIM1_UP_TIM10_IRQHandler  stm32f4xx_it.o
    0x080025f8   0x080025f8   0x00000098   Code   RO         2169    i.TIM_Base_SetConfig  stm32f4xx_hal_tim.o
    0x08002690   0x08002690   0x0000010c   Code   RO         3102    i.UART_SetConfig    stm32f4xx_hal_uart.o
    0x0800279c   0x0800279c   0x00000002   Code   RO          455    i.UsageFault_Handler  stm32f4xx_it.o
    0x0800279e   0x0800279e   0x00000002   PAD
    0x080027a0   0x080027a0   0x00000068   Code   RO         5226    i._DoInit           segger_rtt.o
    0x08002808   0x08002808   0x00000016   Code   RO         5227    i._GetAvailWriteSpace  segger_rtt.o
    0x0800281e   0x0800281e   0x0000005a   Code   RO         5229    i._WriteBlocking    segger_rtt.o
    0x08002878   0x08002878   0x00000042   Code   RO         5230    i._WriteNoCheck     segger_rtt.o
    0x080028ba   0x080028ba   0x00000002   PAD
    0x080028bc   0x080028bc   0x00000020   Code   RO         5992    i.__0printf         mc_w.l(printfa.o)
    0x080028dc   0x080028dc   0x00000034   Code   RO         5993    i.__0snprintf       mc_w.l(printfa.o)
    0x08002910   0x08002910   0x00000034   Code   RO         5997    i.__0vsnprintf      mc_w.l(printfa.o)
    0x08002944   0x08002944   0x00000020   Code   RO         1699    i.__NVIC_SetPriority  stm32f4xx_hal_cortex.o
    0x08002964   0x08002964   0x0000000e   Code   RO         6096    i.__scatterload_copy  mc_w.l(handlers.o)
    0x08002972   0x08002972   0x00000002   Code   RO         6097    i.__scatterload_null  mc_w.l(handlers.o)
    0x08002974   0x08002974   0x0000000e   Code   RO         6098    i.__scatterload_zeroinit  mc_w.l(handlers.o)
    0x08002982   0x08002982   0x00000002   PAD
    0x08002984   0x08002984   0x00000184   Code   RO         5999    i._fp_digits        mc_w.l(printfa.o)
    0x08002b08   0x08002b08   0x000006b4   Code   RO         6000    i._printf_core      mc_w.l(printfa.o)
    0x080031bc   0x080031bc   0x00000024   Code   RO         6001    i._printf_post_padding  mc_w.l(printfa.o)
    0x080031e0   0x080031e0   0x0000002e   Code   RO         6002    i._printf_pre_padding  mc_w.l(printfa.o)
    0x0800320e   0x0800320e   0x00000016   Code   RO         6003    i._snputc           mc_w.l(printfa.o)
    0x08003224   0x08003224   0x00000044   Code   RO           16    i.app_elog_init     main.o
    0x08003268   0x08003268   0x000000fc   Code   RO         5465    i.elog_get_filter_tag_lvl  elog.o
    0x08003364   0x08003364   0x00000068   Code   RO         5469    i.elog_init         elog.o
    0x080033cc   0x080033cc   0x000003a4   Code   RO         5470    i.elog_output       elog.o
    0x08003770   0x08003770   0x00000020   Code   RO         5471    i.elog_output_lock  elog.o
    0x08003790   0x08003790   0x0000002c   Code   RO         5472    i.elog_output_lock_enabled  elog.o
    0x080037bc   0x080037bc   0x00000020   Code   RO         5473    i.elog_output_unlock  elog.o
    0x080037dc   0x080037dc   0x00000008   Code   RO         5671    i.elog_port_get_p_info  elog_port.o
    0x080037e4   0x080037e4   0x00000008   Code   RO         5672    i.elog_port_get_t_info  elog_port.o
    0x080037ec   0x080037ec   0x00000020   Code   RO         5673    i.elog_port_get_time  elog_port.o
    0x0800380c   0x0800380c   0x00000004   Code   RO         5674    i.elog_port_init    elog_port.o
    0x08003810   0x08003810   0x0000000a   Code   RO         5675    i.elog_port_output  elog_port.o
    0x0800381a   0x0800381a   0x00000002   Code   RO         5676    i.elog_port_output_lock  elog_port.o
    0x0800381c   0x0800381c   0x00000002   Code   RO         5677    i.elog_port_output_unlock  elog_port.o
    0x0800381e   0x0800381e   0x00000002   PAD
    0x08003820   0x08003820   0x000000bc   Code   RO         5477    i.elog_set_filter_lvl  elog.o
    0x080038dc   0x080038dc   0x000000c4   Code   RO         5480    i.elog_set_fmt      elog.o
    0x080039a0   0x080039a0   0x0000000c   Code   RO         5482    i.elog_set_text_color_enabled  elog.o
    0x080039ac   0x080039ac   0x00000094   Code   RO         5483    i.elog_start        elog.o
    0x08003a40   0x08003a40   0x000000fc   Code   RO         5644    i.elog_strcpy       elog_utils.o
    0x08003b3c   0x08003b3c   0x00000010   Code   RO          402    i.fputc             usart.o
    0x08003b4c   0x08003b4c   0x000000cc   Code   RO         5485    i.get_fmt_enabled   elog.o
    0x08003c18   0x08003c18   0x00000012   Code   RO         5486    i.get_fmt_used_and_enabled_ptr  elog.o
    0x08003c2a   0x08003c2a   0x00000012   Code   RO         5487    i.get_fmt_used_and_enabled_u32  elog.o
    0x08003c3c   0x08003c3c   0x0000002a   Code   RO           17    i.main              main.o
    0x08003c66   0x08003c66   0x00000002   PAD
    0x08003c68   0x08003c68   0x0000006c   Code   RO         6021    i.malloc            mc_w.l(malloc.o)
    0x08003cd4   0x08003cd4   0x0000001a   Code   RO         4551    i.osDelay           cmsis_os2.o
    0x08003cee   0x08003cee   0x00000002   PAD
    0x08003cf0   0x08003cf0   0x00000024   Code   RO         4565    i.osKernelInitialize  cmsis_os2.o
    0x08003d14   0x08003d14   0x00000038   Code   RO         4568    i.osKernelStart     cmsis_os2.o
    0x08003d4c   0x08003d4c   0x0000008a   Code   RO         4610    i.osThreadNew       cmsis_os2.o
    0x08003dd6   0x08003dd6   0x00000002   PAD
    0x08003dd8   0x08003dd8   0x0000005c   Code   RO         4013    i.prvAddCurrentTaskToDelayedList  tasks.o
    0x08003e34   0x08003e34   0x000000d0   Code   RO         4014    i.prvAddNewTaskToReadyList  tasks.o
    0x08003f04   0x08003f04   0x00000058   Code   RO         4378    i.prvCheckForValidListAndQueue  timers.o
    0x08003f5c   0x08003f5c   0x00000026   Code   RO         3610    i.prvCopyDataFromQueue  queue.o
    0x08003f82   0x08003f82   0x0000006c   Code   RO         3611    i.prvCopyDataToQueue  queue.o
    0x08003fee   0x08003fee   0x00000034   Code   RO         4015    i.prvDeleteTCB      tasks.o
    0x08004022   0x08004022   0x00000002   PAD
    0x08004024   0x08004024   0x0000004c   Code   RO         5062    i.prvHeapInit       heap_4.o
    0x08004070   0x08004070   0x00000060   Code   RO         4016    i.prvIdleTask       tasks.o
    0x080040d0   0x080040d0   0x00000022   Code   RO         3613    i.prvInitialiseNewQueue  queue.o
    0x080040f2   0x080040f2   0x00000002   PAD
    0x080040f4   0x080040f4   0x000000b0   Code   RO         4017    i.prvInitialiseNewTask  tasks.o
    0x080041a4   0x080041a4   0x0000004c   Code   RO         5063    i.prvInsertBlockIntoFreeList  heap_4.o
    0x080041f0   0x080041f0   0x00000038   Code   RO         4380    i.prvInsertTimerInActiveList  timers.o
    0x08004228   0x08004228   0x0000001c   Code   RO         3614    i.prvIsQueueEmpty   queue.o
    0x08004244   0x08004244   0x000000fc   Code   RO         4381    i.prvProcessReceivedCommands  timers.o
    0x08004340   0x08004340   0x000000c0   Code   RO         4382    i.prvProcessTimerOrBlockTask  timers.o
    0x08004400   0x08004400   0x00000020   Code   RO         4019    i.prvResetNextTaskUnblockTime  tasks.o
    0x08004420   0x08004420   0x00000028   Code   RO         4383    i.prvSampleTimeNow  timers.o
    0x08004448   0x08004448   0x0000006c   Code   RO         4384    i.prvSwitchTimerLists  timers.o
    0x080044b4   0x080044b4   0x00000028   Code   RO         5118    i.prvTaskExitError  port.o
    0x080044dc   0x080044dc   0x00000024   Code   RO         4385    i.prvTimerTask      timers.o
    0x08004500   0x08004500   0x0000006a   Code   RO         3615    i.prvUnlockQueue    queue.o
    0x0800456a   0x0800456a   0x00000002   PAD
    0x0800456c   0x0800456c   0x000000dc   Code   RO         5064    i.pvPortMalloc      heap_4.o
    0x08004648   0x08004648   0x0000002c   Code   RO         5119    i.pxPortInitialiseStack  port.o
    0x08004674   0x08004674   0x00000026   Code   RO         3570    i.uxListRemove      list.o
    0x0800469a   0x0800469a   0x00000002   PAD
    0x0800469c   0x0800469c   0x00000014   Code   RO         4622    i.vApplicationGetIdleTaskMemory  cmsis_os2.o
    0x080046b0   0x080046b0   0x00000018   Code   RO         4623    i.vApplicationGetTimerTaskMemory  cmsis_os2.o
    0x080046c8   0x080046c8   0x00000016   Code   RO         3571    i.vListInitialise   list.o
    0x080046de   0x080046de   0x00000006   Code   RO         3572    i.vListInitialiseItem  list.o
    0x080046e4   0x080046e4   0x00000030   Code   RO         3573    i.vListInsert       list.o
    0x08004714   0x08004714   0x00000018   Code   RO         3574    i.vListInsertEnd    list.o
    0x0800472c   0x0800472c   0x00000040   Code   RO         5121    i.vPortEnterCritical  port.o
    0x0800476c   0x0800476c   0x00000028   Code   RO         5122    i.vPortExitCritical  port.o
    0x08004794   0x08004794   0x00000064   Code   RO         5065    i.vPortFree         heap_4.o
    0x080047f8   0x080047f8   0x00000024   Code   RO         5123    i.vPortSetupTimerInterrupt  port.o
    0x0800481c   0x0800481c   0x00000054   Code   RO         5124    i.vPortValidateInterruptPriority  port.o
    0x08004870   0x08004870   0x00000028   Code   RO         3621    i.vQueueAddToRegistry  queue.o
    0x08004898   0x08004898   0x00000044   Code   RO         3625    i.vQueueWaitForMessageRestricted  queue.o
    0x080048dc   0x080048dc   0x0000004c   Code   RO         4032    i.vTaskDelay        tasks.o
    0x08004928   0x08004928   0x00000010   Code   RO         4037    i.vTaskInternalSetTimeOutState  tasks.o
    0x08004938   0x08004938   0x0000000c   Code   RO         4038    i.vTaskMissedYield  tasks.o
    0x08004944   0x08004944   0x00000030   Code   RO         4040    i.vTaskPlaceOnEventList  tasks.o
    0x08004974   0x08004974   0x00000038   Code   RO         4041    i.vTaskPlaceOnEventListRestricted  tasks.o
    0x080049ac   0x080049ac   0x00000088   Code   RO         4049    i.vTaskStartScheduler  tasks.o
    0x08004a34   0x08004a34   0x00000010   Code   RO         4051    i.vTaskSuspendAll   tasks.o
    0x08004a44   0x08004a44   0x00000064   Code   RO         4052    i.vTaskSwitchContext  tasks.o
    0x08004aa8   0x08004aa8   0x000000f4   Code   RO         5125    i.xPortStartScheduler  port.o
    0x08004b9c   0x08004b9c   0x0000002c   Code   RO         5126    i.xPortSysTickHandler  port.o
    0x08004bc8   0x08004bc8   0x00000042   Code   RO         3630    i.xQueueGenericCreate  queue.o
    0x08004c0a   0x08004c0a   0x00000066   Code   RO         3631    i.xQueueGenericCreateStatic  queue.o
    0x08004c70   0x08004c70   0x00000088   Code   RO         3632    i.xQueueGenericReset  queue.o
    0x08004cf8   0x08004cf8   0x00000160   Code   RO         3633    i.xQueueGenericSend  queue.o
    0x08004e58   0x08004e58   0x000000be   Code   RO         3634    i.xQueueGenericSendFromISR  queue.o
    0x08004f16   0x08004f16   0x00000002   PAD
    0x08004f18   0x08004f18   0x00000138   Code   RO         3643    i.xQueueReceive     queue.o
    0x08005050   0x08005050   0x00000074   Code   RO         4054    i.xTaskCheckForTimeOut  tasks.o
    0x080050c4   0x080050c4   0x0000005a   Code   RO         4055    i.xTaskCreate       tasks.o
    0x0800511e   0x0800511e   0x00000056   Code   RO         4056    i.xTaskCreateStatic  tasks.o
    0x08005174   0x08005174   0x0000001c   Code   RO         4060    i.xTaskGetSchedulerState  tasks.o
    0x08005190   0x08005190   0x0000000c   Code   RO         4061    i.xTaskGetTickCount  tasks.o
    0x0800519c   0x0800519c   0x000000c8   Code   RO         4063    i.xTaskIncrementTick  tasks.o
    0x08005264   0x08005264   0x00000080   Code   RO         4066    i.xTaskPriorityDisinherit  tasks.o
    0x080052e4   0x080052e4   0x00000070   Code   RO         4068    i.xTaskRemoveFromEventList  tasks.o
    0x08005354   0x08005354   0x000000c4   Code   RO         4069    i.xTaskResumeAll    tasks.o
    0x08005418   0x08005418   0x00000060   Code   RO         4394    i.xTimerCreateTimerTask  timers.o
    0x08005478   0x08005478   0x00000068   Code   RO         4395    i.xTimerGenericCommand  timers.o
    0x080054e0   0x080054e0   0x0000009b   Data   RO          270    .constdata          freertos.o
    0x0800557b   0x0800557b   0x00000008   Data   RO         1392    .constdata          stm32f4xx_hal_dma.o
    0x08005583   0x08005583   0x00000010   Data   RO         3406    .constdata          system_stm32f4xx.o
    0x08005593   0x08005593   0x00000008   Data   RO         3407    .constdata          system_stm32f4xx.o
    0x0800559b   0x0800559b   0x000000e2   Data   RO         5489    .constdata          elog.o
    0x0800567d   0x0800567d   0x00000023   Data   RO         5645    .constdata          elog_utils.o
    0x080056a0   0x080056a0   0x0000001c   Data   RO          271    .conststring        freertos.o
    0x080056bc   0x080056bc   0x00000046   Data   RO         5490    .conststring        elog.o
    0x08005702   0x08005702   0x00000002   PAD
    0x08005704   0x08005704   0x00000020   Data   RO         6094    Region$$Table       anon$$obj.o


    Execution Region RW_IRAM1 (Exec base: 0x20000000, Load base: 0x08005724, Size: 0x00005ab8, Max: 0x00020000, ABSOLUTE)

    Exec Addr    Load Addr    Size         Type   Attr      Idx    E Section Name        Object

    0x20000000   0x08005724   0x0000001c   Data   RW          272    .data               freertos.o
    0x2000001c   0x08005740   0x0000000c   Data   RW         1843    .data               stm32f4xx_hal.o
    0x20000028   0x0800574c   0x00000004   Data   RW         3408    .data               system_stm32f4xx.o
    0x2000002c   0x08005750   0x0000003c   Data   RW         4072    .data               tasks.o
    0x20000068   0x0800578c   0x00000014   Data   RW         4403    .data               timers.o
    0x2000007c   0x080057a0   0x00000004   Data   RW         4625    .data               cmsis_os2.o
    0x20000080   0x080057a4   0x00000020   Data   RW         5071    .data               heap_4.o
    0x200000a0   0x080057c4   0x0000000c   Data   RW         5127    .data               port.o
    0x200000ac   0x080057d0   0x00000034   Data   RW         5491    .data               elog.o
    0x200000e0   0x08005804   0x00000004   Data   RW         6066    .data               mc_w.l(stdout.o)
    0x200000e4   0x08005808   0x00000004   Data   RW         6073    .data               mc_w.l(mvars.o)
    0x200000e8   0x0800580c   0x00000004   Data   RW         6074    .data               mc_w.l(mvars.o)
    0x200000ec        -       0x000000a8   Zero   RW          336    .bss                adc.o
    0x20000194        -       0x00000044   Zero   RW          403    .bss                usart.o
    0x200001d8        -       0x00000048   Zero   RW          550    .bss                stm32f4xx_hal_timebase_tim.o
    0x20000220        -       0x00000040   Zero   RW         3647    .bss                queue.o
    0x20000260        -       0x000004c4   Zero   RW         4071    .bss                tasks.o
    0x20000724        -       0x00000118   Zero   RW         4402    .bss                timers.o
    0x2000083c        -       0x000006b8   Zero   RW         4624    .bss                cmsis_os2.o
    0x20000ef4        -       0x00003c00   Zero   RW         5070    .bss                heap_4.o
    0x20004af4        -       0x000004b8   Zero   RW         5231    .bss                segger_rtt.o
    0x20004fac        -       0x000004f8   Zero   RW         5488    .bss                elog.o
    0x200054a4        -       0x00000010   Zero   RW         5678    .bss                elog_port.o
    0x200054b4   0x08005810   0x00000004   PAD
    0x200054b8        -       0x00000200   Zero   RW            2    HEAP                startup_stm32f411xe.o
    0x200056b8        -       0x00000400   Zero   RW            1    STACK               startup_stm32f411xe.o


==============================================================================

Image component sizes


      Code (inc. data)   RO Data    RW Data    ZI Data      Debug   Object Name

       268         36          0          0        168       1975   adc.o
       326         22          0          4       1720      65931   cmsis_os2.o
        44          4          0          0          0        874   dma.o
      2180        792        296         52       1272      19321   elog.o
        66         18          0          0         16       4157   elog_port.o
       252        104         35          0          0       2917   elog_utils.o
         0          0          0          0          0      19724   event_groups.o
      1156        552        183         28          0       7460   freertos.o
        60          6          0          0          0        935   gpio.o
       472         24          0         32      15360       5167   heap_4.o
       138          0          0          0          0       3850   list.o
       278         14          0          0          0     460879   main.o
       786         82          0         12          0      12089   port.o
      1580         20          0          0         64      19238   queue.o
       526         46          0          0       1208      11291   segger_rtt.o
        36          8        408          0       1536        884   startup_stm32f411xe.o
        80         14          0         12          0       8238   stm32f4xx_hal.o
      1476         64          0          0          0       8402   stm32f4xx_hal_adc.o
         2          0          0          0          0       1081   stm32f4xx_hal_adc_ex.o
       158         14          0          0          0      33414   stm32f4xx_hal_cortex.o
       902         16          8          0          0       6151   stm32f4xx_hal_dma.o
       480         34          0          0          0       1604   stm32f4xx_hal_gpio.o
        56          4          0          0          0        966   stm32f4xx_hal_msp.o
      1412         86          0          0          0       6237   stm32f4xx_hal_rcc.o
       718         50          0          0          0       7812   stm32f4xx_hal_tim.o
         4          0          0          0          0       1745   stm32f4xx_hal_tim_ex.o
       140         22          0          0         72       1571   stm32f4xx_hal_timebase_tim.o
       366         10          0          0          0       2176   stm32f4xx_hal_uart.o
        48         18          0          0          0       4651   stm32f4xx_it.o
         0          0          0          0          0        412   stream_buffer.o
        16          4         24          4          0       1271   system_stm32f4xx.o
      2084        168          0         60       1220      28192   tasks.o
       972         80          0         20        280      30455   timers.o
       180         22          0          0         68       2614   usart.o

    ----------------------------------------------------------------------
     17298       2334        988        224      22988     783684   Object Totals
         0          0         32          0          0          0   (incl. Generated)
        36          0          2          0          4          0   (incl. Padding)

    ----------------------------------------------------------------------

      Code (inc. data)   RO Data    RW Data    ZI Data      Debug   Library Member Name

         0          0          0          0          0          0   entry.o
         0          0          0          0          0          0   entry10a.o
         0          0          0          0          0          0   entry11a.o
         4          0          0          0          0          0   entry12b.o
         8          4          0          0          0          0   entry2.o
         4          0          0          0          0          0   entry5.o
         0          0          0          0          0          0   entry7b.o
         0          0          0          0          0          0   entry8b.o
         8          4          0          0          0          0   entry9a.o
        30          0          0          0          0          0   handlers.o
        36          8          0          0          0         68   init.o
         0          0          0          0          0          0   iusefp.o
        30          0          0          0          0         68   llshl.o
        36          0          0          0          0         68   llsshr.o
        32          0          0          0          0         68   llushr.o
       108         16          0          0          0         84   malloc.o
        36          0          0          0          0         68   memcpya.o
        36          0          0          0          0        108   memseta.o
         0          0          0          8          0          0   mvars.o
      2344        100          0          0          0        700   printfa.o
         0          0          0          4          0          0   stdout.o
        18          0          0          0          0         68   strcpy.o
        14          0          0          0          0         68   strlen.o
        30          0          0          0          0         80   strncmp.o
        36          0          0          0          0         80   strstr.o
        44          0          0          0          0         80   uidiv.o
        98          0          0          0          0         92   uldiv.o
        48          0          0          0          0         68   cdrcmple.o
       334          0          0          0          0        148   dadd.o
       222          0          0          0          0        100   ddiv.o
       186          0          0          0          0        176   depilogue.o
        48          0          0          0          0         68   dfixul.o
       228          0          0          0          0         96   dmul.o

    ----------------------------------------------------------------------
      4022        132          0         12          0       2356   Library Totals
         4          0          0          0          0          0   (incl. Padding)

    ----------------------------------------------------------------------

      Code (inc. data)   RO Data    RW Data    ZI Data      Debug   Library Name

      2952        132          0         12          0       1700   mc_w.l
      1066          0          0          0          0        656   mf_w.l

    ----------------------------------------------------------------------
      4022        132          0         12          0       2356   Library Totals

    ----------------------------------------------------------------------

==============================================================================


      Code (inc. data)   RO Data    RW Data    ZI Data      Debug   

     21320       2466        988        236      22988     768696   Grand Totals
     21320       2466        988        236      22988     768696   ELF Image Totals
     21320       2466        988        236          0          0   ROM Totals

==============================================================================

    Total RO  Size (Code + RO Data)                22308 (  21.79kB)
    Total RW  Size (RW Data + ZI Data)             23224 (  22.68kB)
    Total ROM Size (Code + RO Data + RW Data)      22544 (  22.02kB)

==============================================================================

