Component: ARM Compiler 5.06 update 7 (build 960) Tool: armlink [4d3601]

==============================================================================

Section Cross References

    startup_stm32f411xe.o(RESET) refers to startup_stm32f411xe.o(STACK) for __initial_sp
    startup_stm32f411xe.o(RESET) refers to startup_stm32f411xe.o(.text) for Reset_Handler
    startup_stm32f411xe.o(RESET) refers to stm32f4xx_it.o(i.NMI_Handler) for NMI_Handler
    startup_stm32f411xe.o(RESET) refers to stm32f4xx_it.o(i.HardFault_Handler) for HardFault_Handler
    startup_stm32f411xe.o(RESET) refers to stm32f4xx_it.o(i.MemManage_Handler) for MemManage_Handler
    startup_stm32f411xe.o(RESET) refers to stm32f4xx_it.o(i.BusFault_Handler) for BusFault_Handler
    startup_stm32f411xe.o(RESET) refers to stm32f4xx_it.o(i.UsageFault_Handler) for UsageFault_Handler
    startup_stm32f411xe.o(RESET) refers to port.o(.emb_text) for SVC_Handler
    startup_stm32f411xe.o(RESET) refers to stm32f4xx_it.o(i.DebugMon_Handler) for DebugMon_Handler
    startup_stm32f411xe.o(RESET) refers to cmsis_os2.o(i.SysTick_Handler) for SysTick_Handler
    startup_stm32f411xe.o(RESET) refers to stm32f4xx_it.o(i.EXTI0_IRQHandler) for EXTI0_IRQHandler
    startup_stm32f411xe.o(RESET) refers to stm32f4xx_it.o(i.TIM1_UP_TIM10_IRQHandler) for TIM1_UP_TIM10_IRQHandler
    startup_stm32f411xe.o(.text) refers to system_stm32f4xx.o(i.SystemInit) for SystemInit
    startup_stm32f411xe.o(.text) refers to entry.o(.ARM.Collect$$$$00000000) for __main
    iic_hal.o(i.IICInit) refers to memseta.o(.text) for __aeabi_memclr4
    iic_hal.o(i.IICInit) refers to stm32f4xx_hal_gpio.o(i.HAL_GPIO_Init) for HAL_GPIO_Init
    iic_hal.o(i.IICReceiveByte) refers to iic_hal.o(i.SDA_Input_Mode) for SDA_Input_Mode
    iic_hal.o(i.IICReceiveByte) refers to iic_hal.o(i.SCL_Output) for SCL_Output
    iic_hal.o(i.IICReceiveByte) refers to main.o(i.delay_us) for delay_us
    iic_hal.o(i.IICReceiveByte) refers to iic_hal.o(i.SDA_Input) for SDA_Input
    iic_hal.o(i.IICReceiveByte) refers to iic_hal.o(i.SDA_Output_Mode) for SDA_Output_Mode
    iic_hal.o(i.IICSendAck) refers to iic_hal.o(i.SDA_Output) for SDA_Output
    iic_hal.o(i.IICSendAck) refers to main.o(i.delay_us) for delay_us
    iic_hal.o(i.IICSendAck) refers to iic_hal.o(i.SCL_Output) for SCL_Output
    iic_hal.o(i.IICSendByte) refers to iic_hal.o(i.SCL_Output) for SCL_Output
    iic_hal.o(i.IICSendByte) refers to main.o(i.delay_us) for delay_us
    iic_hal.o(i.IICSendByte) refers to iic_hal.o(i.SDA_Output) for SDA_Output
    iic_hal.o(i.IICSendNotAck) refers to iic_hal.o(i.SDA_Output) for SDA_Output
    iic_hal.o(i.IICSendNotAck) refers to main.o(i.delay_us) for delay_us
    iic_hal.o(i.IICSendNotAck) refers to iic_hal.o(i.SCL_Output) for SCL_Output
    iic_hal.o(i.IICStart) refers to iic_hal.o(i.SDA_Output) for SDA_Output
    iic_hal.o(i.IICStart) refers to main.o(i.delay_us) for delay_us
    iic_hal.o(i.IICStart) refers to iic_hal.o(i.SCL_Output) for SCL_Output
    iic_hal.o(i.IICStop) refers to iic_hal.o(i.SCL_Output) for SCL_Output
    iic_hal.o(i.IICStop) refers to main.o(i.delay_us) for delay_us
    iic_hal.o(i.IICStop) refers to iic_hal.o(i.SDA_Output) for SDA_Output
    iic_hal.o(i.IICWaitAck) refers to iic_hal.o(i.SDA_Input_Mode) for SDA_Input_Mode
    iic_hal.o(i.IICWaitAck) refers to iic_hal.o(i.SCL_Output) for SCL_Output
    iic_hal.o(i.IICWaitAck) refers to main.o(i.delay_us) for delay_us
    iic_hal.o(i.IICWaitAck) refers to iic_hal.o(i.SDA_Output_Mode) for SDA_Output_Mode
    iic_hal.o(i.IICWaitAck) refers to iic_hal.o(i.IICStop) for IICStop
    iic_hal.o(i.IICWaitAck) refers to iic_hal.o(i.SDA_Input) for SDA_Input
    iic_hal.o(i.IIC_Read_Multi_Byte) refers to iic_hal.o(i.IICStart) for IICStart
    iic_hal.o(i.IIC_Read_Multi_Byte) refers to iic_hal.o(i.IICSendByte) for IICSendByte
    iic_hal.o(i.IIC_Read_Multi_Byte) refers to iic_hal.o(i.IICWaitAck) for IICWaitAck
    iic_hal.o(i.IIC_Read_Multi_Byte) refers to iic_hal.o(i.IICStop) for IICStop
    iic_hal.o(i.IIC_Read_Multi_Byte) refers to iic_hal.o(i.IICReceiveByte) for IICReceiveByte
    iic_hal.o(i.IIC_Read_Multi_Byte) refers to iic_hal.o(i.IICSendAck) for IICSendAck
    iic_hal.o(i.IIC_Read_Multi_Byte) refers to iic_hal.o(i.IICSendNotAck) for IICSendNotAck
    iic_hal.o(i.IIC_Read_One_Byte) refers to iic_hal.o(i.IICStart) for IICStart
    iic_hal.o(i.IIC_Read_One_Byte) refers to iic_hal.o(i.IICSendByte) for IICSendByte
    iic_hal.o(i.IIC_Read_One_Byte) refers to iic_hal.o(i.IICWaitAck) for IICWaitAck
    iic_hal.o(i.IIC_Read_One_Byte) refers to iic_hal.o(i.IICReceiveByte) for IICReceiveByte
    iic_hal.o(i.IIC_Read_One_Byte) refers to iic_hal.o(i.IICSendNotAck) for IICSendNotAck
    iic_hal.o(i.IIC_Read_One_Byte) refers to iic_hal.o(i.IICStop) for IICStop
    iic_hal.o(i.IIC_Write_Multi_Byte) refers to iic_hal.o(i.IICStart) for IICStart
    iic_hal.o(i.IIC_Write_Multi_Byte) refers to iic_hal.o(i.IICSendByte) for IICSendByte
[...]
    __FUNCTION__                             0x08009e0c   Data          12  elog_utils.o(.constdata)
    .constdata                               0x08009e18   Section       19  aht21_adapter.o(.constdata)
    __FUNCTION__                             0x08009e18   Data          19  aht21_adapter.o(.constdata)
    .constdata                               0x08009e2b   Section       64  mpu6050_adapter.o(.constdata)
    __FUNCTION__                             0x08009e2b   Data          21  mpu6050_adapter.o(.constdata)
    __FUNCTION__                             0x08009e40   Data          22  mpu6050_adapter.o(.constdata)
    __FUNCTION__                             0x08009e56   Data          21  mpu6050_adapter.o(.constdata)
    .conststring                             0x08009e6c   Section       21  freertos.o(.conststring)
    .conststring                             0x08009e84   Section      141  bsp_mpuxxxx_driver.o(.conststring)
    .conststring                             0x08009f14   Section       70  bsp_mpuxxxx_handler.o(.conststring)
    .conststring                             0x08009f5c   Section       70  elog.o(.conststring)
    .conststring                             0x08009fa4   Section       85  mpu6050_adapter.o(.conststring)
    .data                                    0x20000000   Section        8  freertos.o(.data)
    .data                                    0x20000008   Section        9  stm32f4xx_hal.o(.data)
    .data                                    0x20000014   Section        4  system_stm32f4xx.o(.data)
    .data                                    0x20000018   Section        2  ec_bsp_aht21_driver.o(.data)
    g_inited                                 0x20000018   Data           1  ec_bsp_aht21_driver.o(.data)
    g_device_id                              0x20000019   Data           1  ec_bsp_aht21_driver.o(.data)
    .data                                    0x2000001c   Section        4  ec_bsp_temp_humi_handler.o(.data)
    gp_temp_humi_instance                    0x2000001c   Data           4  ec_bsp_temp_humi_handler.o(.data)
    .data                                    0x20000020   Section        4  bsp_mpuxxxx_handler.o(.data)
    g_mpu_handler_instance_counter           0x20000020   Data           4  bsp_mpuxxxx_handler.o(.data)
    .data                                    0x20000024   Section       60  tasks.o(.data)
    uxDeletedTasksWaitingCleanUp             0x20000028   Data           4  tasks.o(.data)
    uxCurrentNumberOfTasks                   0x2000002c   Data           4  tasks.o(.data)
    xTickCount                               0x20000030   Data           4  tasks.o(.data)
    uxTopReadyPriority                       0x20000034   Data           4  tasks.o(.data)
    xSchedulerRunning                        0x20000038   Data           4  tasks.o(.data)
    xPendedTicks                             0x2000003c   Data           4  tasks.o(.data)
    xYieldPending                            0x20000040   Data           4  tasks.o(.data)
    xNumOfOverflows                          0x20000044   Data           4  tasks.o(.data)
    uxTaskNumber                             0x20000048   Data           4  tasks.o(.data)
    xNextTaskUnblockTime                     0x2000004c   Data           4  tasks.o(.data)
    xIdleTaskHandle                          0x20000050   Data           4  tasks.o(.data)
    uxSchedulerSuspended                     0x20000054   Data           4  tasks.o(.data)
    pxDelayedTaskList                        0x20000058   Data           4  tasks.o(.data)
    pxOverflowDelayedTaskList                0x2000005c   Data           4  tasks.o(.data)
    .data                                    0x20000060   Section       20  timers.o(.data)
    xTimerQueue                              0x20000060   Data           4  timers.o(.data)
    xTimerTaskHandle                         0x20000064   Data           4  timers.o(.data)
    xLastTime                                0x20000068   Data           4  timers.o(.data)
    pxCurrentTimerList                       0x2000006c   Data           4  timers.o(.data)
    pxOverflowTimerList                      0x20000070   Data           4  timers.o(.data)
    .data                                    0x20000074   Section        4  cmsis_os2.o(.data)
    KernelState                              0x20000074   Data           4  cmsis_os2.o(.data)
    .data                                    0x20000078   Section       32  heap_4.o(.data)
    pxEnd                                    0x20000078   Data           4  heap_4.o(.data)
    xFreeBytesRemaining                      0x2000007c   Data           4  heap_4.o(.data)
    xMinimumEverFreeBytesRemaining           0x20000080   Data           4  heap_4.o(.data)
    xNumberOfSuccessfulAllocations           0x20000084   Data           4  heap_4.o(.data)
    xNumberOfSuccessfulFrees                 0x20000088   Data           4  heap_4.o(.data)
    xBlockAllocatedBit                       0x2000008c   Data           4  heap_4.o(.data)
    xStart                                   0x20000090   Data           8  heap_4.o(.data)
    .data                                    0x20000098   Section       12  port.o(.data)
    ucMaxSysCallPriority                     0x20000098   Data           1  port.o(.data)
    uxCriticalNesting                        0x2000009c   Data           4  port.o(.data)
    ulMaxPRIGROUPValue                       0x200000a0   Data           4  port.o(.data)
    .data                                    0x200000a4   Section       52  elog.o(.data)
    level_output_info                        0x200000a4   Data          24  elog.o(.data)
    color_output_info                        0x200000bc   Data          24  elog.o(.data)
    .data                                    0x200000d8   Section      120  aht21_adapter.o(.data)
    g_temperature                            0x20000128   Data           4  aht21_adapter.o(.data)
    .data                                    0x20000150   Section      148  mpu6050_adapter.o(.data)
    MPU_bus                                  0x20000150   Data          12  mpu6050_adapter.o(.data)
    mpu_iic_driver_interface                 0x2000015c   Data          60  mpu6050_adapter.o(.data)
    mpu_timebase_interface                   0x20000198   Data           4  mpu6050_adapter.o(.data)
    mpu_interruption_interface               0x2000019c   Data          20  mpu6050_adapter.o(.data)
    mpu_os_interface                         0x200001b0   Data          32  mpu6050_adapter.o(.data)
    .bss                                     0x200001e4   Section       68  usart.o(.bss)
    .bss                                     0x20000228   Section       72  stm32f4xx_hal_timebase_tim.o(.bss)
    .bss                                     0x20000270   Section       64  queue.o(.bss)
    .bss                                     0x200002b0   Section     1220  tasks.o(.bss)
    pxReadyTasksLists                        0x200002b0   Data        1120  tasks.o(.bss)
    xDelayedTaskList1                        0x20000710   Data          20  tasks.o(.bss)
    xDelayedTaskList2                        0x20000724   Data          20  tasks.o(.bss)
    xPendingReadyList                        0x20000738   Data          20  tasks.o(.bss)
    xTasksWaitingTermination                 0x2000074c   Data          20  tasks.o(.bss)
    xSuspendedTaskList                       0x20000760   Data          20  tasks.o(.bss)
    .bss                                     0x20000774   Section      280  timers.o(.bss)
    xStaticTimerQueue                        0x20000774   Data          80  timers.o(.bss)
    ucStaticTimerQueueStorage                0x200007c4   Data         160  timers.o(.bss)
    xActiveTimerList1                        0x20000864   Data          20  timers.o(.bss)
    xActiveTimerList2                        0x20000878   Data          20  timers.o(.bss)
    .bss                                     0x2000088c   Section     1720  cmsis_os2.o(.bss)
    Idle_TCB                                 0x2000088c   Data          92  cmsis_os2.o(.bss)
    Idle_Stack                               0x200008e8   Data         512  cmsis_os2.o(.bss)
    Timer_TCB                                0x20000ae8   Data          92  cmsis_os2.o(.bss)
    Timer_Stack                              0x20000b44   Data        1024  cmsis_os2.o(.bss)
    .bss                                     0x20000f44   Section    15360  heap_4.o(.bss)
    ucHeap                                   0x20000f44   Data       15360  heap_4.o(.bss)
    .bss                                     0x20004b44   Section     1208  segger_rtt.o(.bss)
    _acUpBuffer                              0x20004bec   Data        1024  segger_rtt.o(.bss)
    _acDownBuffer                            0x20004fec   Data          16  segger_rtt.o(.bss)
    .bss                                     0x20004ffc   Section       16  elog_port.o(.bss)
    time_str                                 0x20004ffc   Data          16  elog_port.o(.bss)
    .bss                                     0x2000500c   Section     1272  elog.o(.bss)
    elog                                     0x2000500c   Data         248  elog.o(.bss)
    log_buf                                  0x20005104   Data        1024  elog.o(.bss)
    .bss                                     0x20005508   Section      240  mpu6050_adapter.o(.bss)
    g_mpu_driver_instance                    0x20005508   Data         108  mpu6050_adapter.o(.bss)
    g_mpu_handler_instance                   0x20005578   Data         128  mpu6050_adapter.o(.bss)
    STACK                                    0x200055f8   Section     1024  startup_stm32f411xe.o(STACK)

    Global Symbols

    Symbol Name                              Value     Ov Type        Size  Object(Section)

    BuildAttributes$$THM_ISAv4$E$P$D$K$B$S$7EM$VFPi3$EXTD16$VFPS$VFMA$PE$A:L22UL41UL21$X:L11$S22US41US21$IEEE1$IW$USESV6$~STKCKD$USESV7$~SHL$OTIME$ROPI$EBA8$MICROLIB$REQ8$PRES8$EABIv2 0x00000000   Number         0  anon$$obj.o ABSOLUTE
    __ARM_use_no_argv                        0x00000000   Number         0  main.o ABSOLUTE
    _printf_a                                0x00000000   Number         0  stubs.o ABSOLUTE
    _printf_c                                0x00000000   Number         0  stubs.o ABSOLUTE
    _printf_charcount                        0x00000000   Number         0  stubs.o ABSOLUTE
    _printf_d                                0x00000000   Number         0  stubs.o ABSOLUTE
    _printf_e                                0x00000000   Number         0  stubs.o ABSOLUTE
    _printf_f                                0x00000000   Number         0  stubs.o ABSOLUTE
    _printf_flags                            0x00000000   Number         0  stubs.o ABSOLUTE
    _printf_fp_dec                           0x00000000   Number         0  stubs.o ABSOLUTE
    _printf_fp_hex                           0x00000000   Number         0  stubs.o ABSOLUTE
    _printf_g                                0x00000000   Number         0  stubs.o ABSOLUTE
    _printf_i                                0x00000000   Number         0  stubs.o ABSOLUTE
    _printf_int_dec                          0x00000000   Number         0  stubs.o ABSOLUTE
    _printf_l                                0x00000000   Number         0  stubs.o ABSOLUTE
    _printf_lc                               0x00000000   Number         0  stubs.o ABSOLUTE
    _printf_ll                               0x00000000   Number         0  stubs.o ABSOLUTE
    _printf_lld                              0x00000000   Number         0  stubs.o ABSOLUTE
    _printf_lli                              0x00000000   Number         0  stubs.o ABSOLUTE
    _printf_llo                              0x00000000   Number         0  stubs.o ABSOLUTE
    _printf_llu                              0x00000000   Number         0  stubs.o ABSOLUTE
    _printf_llx                              0x00000000   Number         0  stubs.o ABSOLUTE
    _printf_longlong_dec                     0x00000000   Number         0  stubs.o ABSOLUTE
    _printf_longlong_hex                     0x00000000   Number         0  stubs.o ABSOLUTE
    _printf_longlong_oct                     0x00000000   Number         0  stubs.o ABSOLUTE
    _printf_ls                               0x00000000   Number         0  stubs.o ABSOLUTE
    _printf_mbtowc                           0x00000000   Number         0  stubs.o ABSOLUTE
    _printf_n                                0x00000000   Number         0  stubs.o ABSOLUTE
    _printf_o                                0x00000000   Number         0  stubs.o ABSOLUTE
    _printf_p                                0x00000000   Number         0  stubs.o ABSOLUTE
    _printf_percent                          0x00000000   Number         0  stubs.o ABSOLUTE
    _printf_pre_padding                      0x00000000   Number         0  stubs.o ABSOLUTE
    _printf_return_value                     0x00000000   Number         0  stubs.o ABSOLUTE
    _printf_s                                0x00000000   Number         0  stubs.o ABSOLUTE
    _printf_sizespec                         0x00000000   Number         0  stubs.o ABSOLUTE
    _printf_str                              0x00000000   Number         0  stubs.o ABSOLUTE
    _printf_truncate_signed                  0x00000000   Number         0  stubs.o ABSOLUTE
    _printf_truncate_unsigned                0x00000000   Number         0  stubs.o ABSOLUTE
    _printf_u                                0x00000000   Number         0  stubs.o ABSOLUTE
    _printf_wc                               0x00000000   Number         0  stubs.o ABSOLUTE
    _printf_wctomb                           0x00000000   Number         0  stubs.o ABSOLUTE
    _printf_widthprec                        0x00000000   Number         0  stubs.o ABSOLUTE
    _printf_x                                0x00000000   Number         0  stubs.o ABSOLUTE
    __arm_fini_                               - Undefined Weak Reference
    __cpp_initialize__aeabi_                  - Undefined Weak Reference
    __cxa_finalize                            - Undefined Weak Reference
    _clock_init                               - Undefined Weak Reference
    _microlib_exit                            - Undefined Weak Reference
    __Vectors_Size                           0x00000198   Number         0  startup_stm32f411xe.o ABSOLUTE
    __Vectors                                0x08000000   Data           4  startup_stm32f411xe.o(RESET)
    __Vectors_End                            0x08000198   Data           0  startup_stm32f411xe.o(RESET)
    __main                                   0x08000199   Thumb Code     0  entry.o(.ARM.Collect$$$$00000000)
    _main_stk                                0x08000199   Thumb Code     0  entry2.o(.ARM.Collect$$$$00000001)
    _main_scatterload                        0x0800019d   Thumb Code     0  entry5.o(.ARM.Collect$$$$00000004)
    __main_after_scatterload                 0x080001a1   Thumb Code     0  entry5.o(.ARM.Collect$$$$00000004)
    _main_clock                              0x080001a1   Thumb Code     0  entry7b.o(.ARM.Collect$$$$00000008)
    _main_cpp_init                           0x080001a1   Thumb Code     0  entry8b.o(.ARM.Collect$$$$0000000A)
    _main_init                               0x080001a1   Thumb Code     0  entry9a.o(.ARM.Collect$$$$0000000B)
    __rt_lib_shutdown_fini                   0x080001a9   Thumb Code     0  entry12b.o(.ARM.Collect$$$$0000000E)
    __rt_final_cpp                           0x080001ad   Thumb Code     0  entry10a.o(.ARM.Collect$$$$0000000F)
    __rt_final_exit                          0x080001ad   Thumb Code     0  entry11a.o(.ARM.Collect$$$$00000011)
    SVC_Handler                              0x080001b1   Thumb Code    28  port.o(.emb_text)
    __asm___6_port_c_39a90d8d__prvStartFirstTask 0x080001d1   Thumb Code    36  port.o(.emb_text)
    __asm___6_port_c_39a90d8d__prvEnableVFP  0x080001f9   Thumb Code    16  port.o(.emb_text)
    PendSV_Handler                           0x0800020d   Thumb Code    88  port.o(.emb_text)
    vPortGetIPSR                             0x08000269   Thumb Code     6  port.o(.emb_text)
    Reset_Handler                            0x08000271   Thumb Code     8  startup_stm32f411xe.o(.text)
    ADC_IRQHandler                           0x0800028b   Thumb Code     0  startup_stm32f411xe.o(.text)
    DMA1_Stream0_IRQHandler                  0x0800028b   Thumb Code     0  startup_stm32f411xe.o(.text)
    DMA1_Stream1_IRQHandler                  0x0800028b   Thumb Code     0  startup_stm32f411xe.o(.text)
    DMA1_Stream2_IRQHandler                  0x0800028b   Thumb Code     0  startup_stm32f411xe.o(.text)
    DMA1_Stream3_IRQHandler                  0x0800028b   Thumb Code     0  startup_stm32f411xe.o(.text)
    DMA1_Stream4_IRQHandler                  0x0800028b   Thumb Code     0  startup_stm32f411xe.o(.text)
    DMA1_Stream5_IRQHandler                  0x0800028b   Thumb Code     0  startup_stm32f411xe.o(.text)
    DMA1_Stream6_IRQHandler                  0x0800028b   Thumb Code     0  startup_stm32f411xe.o(.text)
    DMA1_Stream7_IRQHandler                  0x0800028b   Thumb Code     0  startup_stm32f411xe.o(.text)
    DMA2_Stream0_IRQHandler                  0x0800028b   Thumb Code     0  startup_stm32f411xe.o(.text)
    DMA2_Stream1_IRQHandler                  0x0800028b   Thumb Code     0  startup_stm32f411xe.o(.text)
    DMA2_Stream2_IRQHandler                  0x0800028b   Thumb Code     0  startup_stm32f411xe.o(.text)
    DMA2_Stream3_IRQHandler                  0x0800028b   Thumb Code     0  startup_stm32f411xe.o(.text)
    DMA2_Stream4_IRQHandler                  0x0800028b   Thumb Code     0  startup_stm32f411xe.o(.text)
    DMA2_Stream5_IRQHandler                  0x0800028b   Thumb Code     0  startup_stm32f411xe.o(.text)
    DMA2_Stream6_IRQHandler                  0x0800028b   Thumb Code     0  startup_stm32f411xe.o(.text)
    DMA2_Stream7_IRQHandler                  0x0800028b   Thumb Code     0  startup_stm32f411xe.o(.text)
    EXTI15_10_IRQHandler                     0x0800028b   Thumb Code     0  startup_stm32f411xe.o(.text)
    EXTI1_IRQHandler                         0x0800028b   Thumb Code     0  startup_stm32f411xe.o(.text)
    EXTI2_IRQHandler                         0x0800028b   Thumb Code     0  startup_stm32f411xe.o(.text)
    EXTI3_IRQHandler                         0x0800028b   Thumb Code     0  startup_stm32f411xe.o(.text)
    EXTI4_IRQHandler                         0x0800028b   Thumb Code     0  startup_stm32f411xe.o(.text)
    EXTI9_5_IRQHandler                       0x0800028b   Thumb Code     0  startup_stm32f411xe.o(.text)
    FLASH_IRQHandler                         0x0800028b   Thumb Code     0  startup_stm32f411xe.o(.text)
    FPU_IRQHandler                           0x0800028b   Thumb Code     0  startup_stm32f411xe.o(.text)
    I2C1_ER_IRQHandler                       0x0800028b   Thumb Code     0  startup_stm32f411xe.o(.text)
    I2C1_EV_IRQHandler                       0x0800028b   Thumb Code     0  startup_stm32f411xe.o(.text)
    I2C2_ER_IRQHandler                       0x0800028b   Thumb Code     0  startup_stm32f411xe.o(.text)
    I2C2_EV_IRQHandler                       0x0800028b   Thumb Code     0  startup_stm32f411xe.o(.text)
    I2C3_ER_IRQHandler                       0x0800028b   Thumb Code     0  startup_stm32f411xe.o(.text)
    I2C3_EV_IRQHandler                       0x0800028b   Thumb Code     0  startup_stm32f411xe.o(.text)
    OTG_FS_IRQHandler                        0x0800028b   Thumb Code     0  startup_stm32f411xe.o(.text)
    OTG_FS_WKUP_IRQHandler                   0x0800028b   Thumb Code     0  startup_stm32f411xe.o(.text)
    PVD_IRQHandler                           0x0800028b   Thumb Code     0  startup_stm32f411xe.o(.text)
    RCC_IRQHandler                           0x0800028b   Thumb Code     0  startup_stm32f411xe.o(.text)
    RTC_Alarm_IRQHandler                     0x0800028b   Thumb Code     0  startup_stm32f411xe.o(.text)
    RTC_WKUP_IRQHandler                      0x0800028b   Thumb Code     0  startup_stm32f411xe.o(.text)
    SDIO_IRQHandler                          0x0800028b   Thumb Code     0  startup_stm32f411xe.o(.text)
    SPI1_IRQHandler                          0x0800028b   Thumb Code     0  startup_stm32f411xe.o(.text)
    SPI2_IRQHandler                          0x0800028b   Thumb Code     0  startup_stm32f411xe.o(.text)
    SPI3_IRQHandler                          0x0800028b   Thumb Code     0  startup_stm32f411xe.o(.text)
    SPI4_IRQHandler                          0x0800028b   Thumb Code     0  startup_stm32f411xe.o(.text)
    SPI5_IRQHandler                          0x0800028b   Thumb Code     0  startup_stm32f411xe.o(.text)
    TAMP_STAMP_IRQHandler                    0x0800028b   Thumb Code     0  startup_stm32f411xe.o(.text)
    TIM1_BRK_TIM9_IRQHandler                 0x0800028b   Thumb Code     0  startup_stm32f411xe.o(.text)
    TIM1_CC_IRQHandler                       0x0800028b   Thumb Code     0  startup_stm32f411xe.o(.text)
    TIM1_TRG_COM_TIM11_IRQHandler            0x0800028b   Thumb Code     0  startup_stm32f411xe.o(.text)
    TIM2_IRQHandler                          0x0800028b   Thumb Code     0  startup_stm32f411xe.o(.text)
    TIM3_IRQHandler                          0x0800028b   Thumb Code     0  startup_stm32f411xe.o(.text)
    TIM4_IRQHandler                          0x0800028b   Thumb Code     0  startup_stm32f411xe.o(.text)
    TIM5_IRQHandler                          0x0800028b   Thumb Code     0  startup_stm32f411xe.o(.text)
    USART1_IRQHandler                        0x0800028b   Thumb Code     0  startup_stm32f411xe.o(.text)
    USART2_IRQHandler                        0x0800028b   Thumb Code     0  startup_stm32f411xe.o(.text)
    USART6_IRQHandler                        0x0800028b   Thumb Code     0  startup_stm32f411xe.o(.text)
    WWDG_IRQHandler                          0x0800028b   Thumb Code     0  startup_stm32f411xe.o(.text)
    __aeabi_uldivmod                         0x08000295   Thumb Code    98  uldiv.o(.text)
    __aeabi_memcpy                           0x080002f7   Thumb Code    36  memcpya.o(.text)
    __aeabi_memcpy4                          0x080002f7   Thumb Code     0  memcpya.o(.text)
    __aeabi_memcpy8                          0x080002f7   Thumb Code     0  memcpya.o(.text)
    __aeabi_memset                           0x0800031b   Thumb Code    14  memseta.o(.text)
    __aeabi_memset4                          0x0800031b   Thumb Code     0  memseta.o(.text)
    __aeabi_memset8                          0x0800031b   Thumb Code     0  memseta.o(.text)
    __aeabi_memclr                           0x08000329   Thumb Code     4  memseta.o(.text)
    __aeabi_memclr4                          0x08000329   Thumb Code     0  memseta.o(.text)
    __aeabi_memclr8                          0x08000329   Thumb Code     0  memseta.o(.text)
    memset                                   0x0800032d   Thumb Code    18  memseta.o(.text)
    strstr                                   0x0800033f   Thumb Code    36  strstr.o(.text)
    strlen                                   0x08000363   Thumb Code    14  strlen.o(.text)
    strcpy                                   0x08000371   Thumb Code    18  strcpy.o(.text)
    strncmp                                  0x08000383   Thumb Code    30  strncmp.o(.text)
    __aeabi_ddiv                             0x080003a1   Thumb Code   222  ddiv.o(.text)
    __aeabi_i2d                              0x0800047f   Thumb Code    34  dflti.o(.text)
    __aeabi_f2d                              0x080004a1   Thumb Code    38  f2d.o(.text)
    __aeabi_uidiv                            0x080004c7   Thumb Code     0  uidiv.o(.text)
    __aeabi_uidivmod                         0x080004c7   Thumb Code    44  uidiv.o(.text)
    __aeabi_llsl                             0x080004f3   Thumb Code    30  llshl.o(.text)
    _ll_shift_l                              0x080004f3   Thumb Code     0  llshl.o(.text)
    __aeabi_llsr                             0x08000511   Thumb Code    32  llushr.o(.text)
    _ll_ushift_r                             0x08000511   Thumb Code     0  llushr.o(.text)
    __I$use$fp                               0x08000531   Thumb Code     0  iusefp.o(.text)
    _double_round                            0x08000531   Thumb Code    30  depilogue.o(.text)
    _double_epilogue                         0x0800054f   Thumb Code   156  depilogue.o(.text)
    __aeabi_dadd                             0x080005eb   Thumb Code   322  dadd.o(.text)
    __aeabi_dsub                             0x0800072d   Thumb Code     6  dadd.o(.text)
    __aeabi_drsub                            0x08000733   Thumb Code     6  dadd.o(.text)
    __aeabi_dmul                             0x08000739   Thumb Code   228  dmul.o(.text)
    __aeabi_d2ulz                            0x0800081d   Thumb Code    48  dfixul.o(.text)
    __aeabi_cdrcmple                         0x0800084d   Thumb Code    48  cdrcmple.o(.text)
    __scatterload                            0x0800087d   Thumb Code    28  init.o(.text)
    __scatterload_rt2                        0x0800087d   Thumb Code     0  init.o(.text)
    __aeabi_lasr                             0x080008a1   Thumb Code    36  llsshr.o(.text)
    _ll_sshift_r                             0x080008a1   Thumb Code     0  llsshr.o(.text)
    __decompress                             0x080008c5   Thumb Code     0  __dczerorl2.o(.text)
    __decompress1                            0x080008c5   Thumb Code    86  __dczerorl2.o(.text)
    BusFault_Handler                         0x0800091b   Thumb Code     4  stm32f4xx_it.o(i.BusFault_Handler)
    DebugMon_Handler                         0x0800091f   Thumb Code     2  stm32f4xx_it.o(i.DebugMon_Handler)
    EXTI0_IRQHandler                         0x08000921   Thumb Code    10  stm32f4xx_it.o(i.EXTI0_IRQHandler)
    Error_Handler                            0x0800092b   Thumb Code     6  main.o(i.Error_Handler)
    HAL_GPIO_EXTI_Callback                   0x08000931   Thumb Code    50  mpu6050_adapter.o(i.HAL_GPIO_EXTI_Callback)
    HAL_GPIO_EXTI_IRQHandler                 0x08000969   Thumb Code    24  stm32f4xx_hal_gpio.o(i.HAL_GPIO_EXTI_IRQHandler)
    HAL_GPIO_Init                            0x08000985   Thumb Code   424  stm32f4xx_hal_gpio.o(i.HAL_GPIO_Init)
    HAL_GPIO_ReadPin                         0x08000b4d   Thumb Code    16  stm32f4xx_hal_gpio.o(i.HAL_GPIO_ReadPin)
    HAL_GPIO_WritePin                        0x08000b5d   Thumb Code    12  stm32f4xx_hal_gpio.o(i.HAL_GPIO_WritePin)
    HAL_GetTick                              0x08000b69   Thumb Code     6  stm32f4xx_hal.o(i.HAL_GetTick)
    HAL_IncTick                              0x08000b75   Thumb Code    16  stm32f4xx_hal.o(i.HAL_IncTick)
    HAL_Init                                 0x08000b8d   Thumb Code    54  stm32f4xx_hal.o(i.HAL_Init)
    HAL_InitTick                             0x08000bc9   Thumb Code   140  stm32f4xx_hal_timebase_tim.o(i.HAL_InitTick)
    HAL_MspInit                              0x08000c69   Thumb Code    78  stm32f4xx_hal_msp.o(i.HAL_MspInit)
    HAL_NVIC_EnableIRQ                       0x08000cbd   Thumb Code    32  stm32f4xx_hal_cortex.o(i.HAL_NVIC_EnableIRQ)
    HAL_NVIC_SetPriority                     0x08000cdd   Thumb Code   124  stm32f4xx_hal_cortex.o(i.HAL_NVIC_SetPriority)
    HAL_NVIC_SetPriorityGrouping             0x08000d59   Thumb Code    32  stm32f4xx_hal_cortex.o(i.HAL_NVIC_SetPriorityGrouping)
    HAL_RCC_ClockConfig                      0x08000d81   Thumb Code   368  stm32f4xx_hal_rcc.o(i.HAL_RCC_ClockConfig)
    HAL_RCC_GetClockConfig                   0x08000f05   Thumb Code    58  stm32f4xx_hal_rcc.o(i.HAL_RCC_GetClockConfig)
    HAL_RCC_GetHCLKFreq                      0x08000f49   Thumb Code     6  stm32f4xx_hal_rcc.o(i.HAL_RCC_GetHCLKFreq)
    HAL_RCC_GetPCLK1Freq                     0x08000f55   Thumb Code    22  stm32f4xx_hal_rcc.o(i.HAL_RCC_GetPCLK1Freq)
    HAL_RCC_GetPCLK2Freq                     0x08000f75   Thumb Code    22  stm32f4xx_hal_rcc.o(i.HAL_RCC_GetPCLK2Freq)
    HAL_RCC_GetSysClockFreq                  0x08000f95   Thumb Code   162  stm32f4xx_hal_rcc.o(i.HAL_RCC_GetSysClockFreq)
    HAL_RCC_OscConfig                        0x08001045   Thumb Code  1172  stm32f4xx_hal_rcc.o(i.HAL_RCC_OscConfig)
    HAL_TIMEx_BreakCallback                  0x080014e1   Thumb Code     2  stm32f4xx_hal_tim_ex.o(i.HAL_TIMEx_BreakCallback)
    HAL_TIMEx_CommutCallback                 0x080014e3   Thumb Code     2  stm32f4xx_hal_tim_ex.o(i.HAL_TIMEx_CommutCallback)
    HAL_TIM_Base_Init                        0x080014e5   Thumb Code   102  stm32f4xx_hal_tim.o(i.HAL_TIM_Base_Init)
    HAL_TIM_Base_MspInit                     0x0800154b   Thumb Code     2  stm32f4xx_hal_tim.o(i.HAL_TIM_Base_MspInit)
    HAL_TIM_Base_Start_IT                    0x0800154d   Thumb Code   122  stm32f4xx_hal_tim.o(i.HAL_TIM_Base_Start_IT)
    HAL_TIM_IC_CaptureCallback               0x080015dd   Thumb Code     2  stm32f4xx_hal_tim.o(i.HAL_TIM_IC_CaptureCallback)
    HAL_TIM_IRQHandler                       0x080015df   Thumb Code   406  stm32f4xx_hal_tim.o(i.HAL_TIM_IRQHandler)
    HAL_TIM_OC_DelayElapsedCallback          0x08001775   Thumb Code     2  stm32f4xx_hal_tim.o(i.HAL_TIM_OC_DelayElapsedCallback)
    HAL_TIM_PWM_PulseFinishedCallback        0x08001777   Thumb Code     2  stm32f4xx_hal_tim.o(i.HAL_TIM_PWM_PulseFinishedCallback)
    HAL_TIM_PeriodElapsedCallback            0x08001779   Thumb Code    18  main.o(i.HAL_TIM_PeriodElapsedCallback)
    HAL_TIM_TriggerCallback                  0x08001791   Thumb Code     2  stm32f4xx_hal_tim.o(i.HAL_TIM_TriggerCallback)
    HAL_UART_Init                            0x08001793   Thumb Code   114  stm32f4xx_hal_uart.o(i.HAL_UART_Init)
    HAL_UART_MspInit                         0x08001805   Thumb Code   124  usart.o(i.HAL_UART_MspInit)
    HardFault_Handler                        0x0800188d   Thumb Code     4  stm32f4xx_it.o(i.HardFault_Handler)
    IICInit                                  0x08001891   Thumb Code    52  iic_hal.o(i.IICInit)
    IICInit_wrapper                          0x080018c5   Thumb Code    16  aht21_adapter.o(i.IICInit_wrapper)
    IICReceiveByte                           0x080018d5   Thumb Code    84  iic_hal.o(i.IICReceiveByte)
    IICReceiveByte_wrapper                   0x08001929   Thumb Code    26  aht21_adapter.o(i.IICReceiveByte_wrapper)
    IICSendAck                               0x08001943   Thumb Code    48  iic_hal.o(i.IICSendAck)
    IICSendAck_wrapper                       0x08001973   Thumb Code    16  aht21_adapter.o(i.IICSendAck_wrapper)
    IICSendByte                              0x08001983   Thumb Code    90  iic_hal.o(i.IICSendByte)
    IICSendByte_wrapper                      0x080019dd   Thumb Code    20  aht21_adapter.o(i.IICSendByte_wrapper)
    IICSendNotAck                            0x080019f1   Thumb Code    48  iic_hal.o(i.IICSendNotAck)
    IICSendNotAck_wrapper                    0x08001a21   Thumb Code    16  aht21_adapter.o(i.IICSendNotAck_wrapper)
    IICStart                                 0x08001a31   Thumb Code    62  iic_hal.o(i.IICStart)
    IICStart_wrapper                         0x08001a6f   Thumb Code    16  aht21_adapter.o(i.IICStart_wrapper)
    IICStop                                  0x08001a7f   Thumb Code    62  iic_hal.o(i.IICStop)
    IICStop_wrapper                          0x08001abd   Thumb Code    16  aht21_adapter.o(i.IICStop_wrapper)
    IICWaitAck                               0x08001acd   Thumb Code    84  iic_hal.o(i.IICWaitAck)
    IICWaitAck_wrapper                       0x08001b21   Thumb Code    24  aht21_adapter.o(i.IICWaitAck_wrapper)
    IIC_Read_Multi_Byte                      0x08001b39   Thumb Code   142  iic_hal.o(i.IIC_Read_Multi_Byte)
    IIC_Read_One_Byte                        0x08001bc7   Thumb Code    98  iic_hal.o(i.IIC_Read_One_Byte)
    IIC_Write_One_Byte                       0x08001c29   Thumb Code    92  iic_hal.o(i.IIC_Write_One_Byte)
    MPU6050_adapter_get_handler_instance     0x08001c85   Thumb Code     4  mpu6050_adapter.o(i.MPU6050_adapter_get_handler_instance)
    MPU6050_adapter_init                     0x08001c8d   Thumb Code   188  mpu6050_adapter.o(i.MPU6050_adapter_init)
    MPU6050_data_callback                    0x08001e6d   Thumb Code   112  mpu6050_adapter.o(i.MPU6050_data_callback)
    MX_FREERTOS_Init                         0x08002239   Thumb Code    32  freertos.o(i.MX_FREERTOS_Init)
    MX_GPIO_Init                             0x08002275   Thumb Code   212  gpio.o(i.MX_GPIO_Init)
    MX_USART1_UART_Init                      0x08002351   Thumb Code    46  usart.o(i.MX_USART1_UART_Init)
    MemManage_Handler                        0x08002389   Thumb Code     4  stm32f4xx_it.o(i.MemManage_Handler)
    NMI_Handler                              0x0800238d   Thumb Code     4  stm32f4xx_it.o(i.NMI_Handler)
    SCL_Output                               0x08002391   Thumb Code    26  iic_hal.o(i.SCL_Output)
    SDA_Input                                0x080023ab   Thumb Code    22  iic_hal.o(i.SDA_Input)
    SDA_Input_Mode                           0x080023c1   Thumb Code    42  iic_hal.o(i.SDA_Input_Mode)
    SDA_Output                               0x080023eb   Thumb Code    26  iic_hal.o(i.SDA_Output)
    SDA_Output_Mode                          0x08002405   Thumb Code    42  iic_hal.o(i.SDA_Output_Mode)
    SEGGER_RTT_Write                         0x08002431   Thumb Code    68  segger_rtt.o(i.SEGGER_RTT_Write)
    SEGGER_RTT_WriteNoLock                   0x08002479   Thumb Code   126  segger_rtt.o(i.SEGGER_RTT_WriteNoLock)
    SysTick_Handler                          0x080024fd   Thumb Code    26  cmsis_os2.o(i.SysTick_Handler)
    SystemClock_Config                       0x08002519   Thumb Code   172  main.o(i.SystemClock_Config)
    SystemInit                               0x080025cd   Thumb Code    14  system_stm32f4xx.o(i.SystemInit)
    TIM1_UP_TIM10_IRQHandler                 0x080025e1   Thumb Code    10  stm32f4xx_it.o(i.TIM1_UP_TIM10_IRQHandler)
    TIM_Base_SetConfig                       0x080025f1   Thumb Code   134  stm32f4xx_hal_tim.o(i.TIM_Base_SetConfig)
    UsageFault_Handler                       0x080028c1   Thumb Code     4  stm32f4xx_it.o(i.UsageFault_Handler)
    __0snprintf                              0x08002a21   Thumb Code    48  printfa.o(i.__0snprintf)
    __1snprintf                              0x08002a21   Thumb Code     0  printfa.o(i.__0snprintf)
    __2snprintf                              0x08002a21   Thumb Code     0  printfa.o(i.__0snprintf)
    __c89snprintf                            0x08002a21   Thumb Code     0  printfa.o(i.__0snprintf)
    snprintf                                 0x08002a21   Thumb Code     0  printfa.o(i.__0snprintf)
    __0vsnprintf                             0x08002a55   Thumb Code    46  printfa.o(i.__0vsnprintf)
    __1vsnprintf                             0x08002a55   Thumb Code     0  printfa.o(i.__0vsnprintf)
    __2vsnprintf                             0x08002a55   Thumb Code     0  printfa.o(i.__0vsnprintf)
    __c89vsnprintf                           0x08002a55   Thumb Code     0  printfa.o(i.__0vsnprintf)
    vsnprintf                                0x08002a55   Thumb Code     0  printfa.o(i.__0vsnprintf)
    __mount_handler                          0x08002ac1   Thumb Code     6  ec_bsp_temp_humi_handler.o(i.__mount_handler)
    __scatterload_copy                       0x08002be5   Thumb Code    14  handlers.o(i.__scatterload_copy)
    __scatterload_null                       0x08002bf3   Thumb Code     2  handlers.o(i.__scatterload_null)
    __scatterload_zeroinit                   0x08002bf5   Thumb Code    14  handlers.o(i.__scatterload_zeroinit)
    aht21_inst                               0x080035b9   Thumb Code   124  ec_bsp_aht21_driver.o(i.aht21_inst)
    app_elog_init                            0x08003985   Thumb Code    66  main.o(i.app_elog_init)
    bsp_mpuxxxx_handler_inst                 0x08003ac9   Thumb Code   472  bsp_mpuxxxx_handler.o(i.bsp_mpuxxxx_handler_inst)
    bsp_mpuxxxx_handler_register_callback    0x08003ec1   Thumb Code    14  bsp_mpuxxxx_handler.o(i.bsp_mpuxxxx_handler_register_callback)
    bsp_mpuxxxx_handler_thread               0x08003ed1   Thumb Code   168  bsp_mpuxxxx_handler.o(i.bsp_mpuxxxx_handler_thread)
    bsp_temp_humi_xxx_handler_inst           0x08004051   Thumb Code   226  ec_bsp_temp_humi_handler.o(i.bsp_temp_humi_xxx_handler_inst)
    bsp_temp_humi_xxx_read                   0x08004261   Thumb Code    90  ec_bsp_temp_humi_handler.o(i.bsp_temp_humi_xxx_read)
    delay_ms                                 0x08004429   Thumb Code    24  main.o(i.delay_ms)
    delay_us                                 0x08004441   Thumb Code    34  main.o(i.delay_us)
    dwt_delay_init                           0x08004471   Thumb Code    30  main.o(i.dwt_delay_init)
    elog_get_filter_tag_lvl                  0x08004499   Thumb Code   164  elog.o(i.elog_get_filter_tag_lvl)
    elog_init                                0x080045b1   Thumb Code    76  elog.o(i.elog_init)
    elog_output                              0x08004601   Thumb Code   866  elog.o(i.elog_output)
    elog_output_lock                         0x08004a19   Thumb Code    34  elog.o(i.elog_output_lock)
    elog_output_lock_enabled                 0x08004a41   Thumb Code    60  elog.o(i.elog_output_lock_enabled)
    elog_output_unlock                       0x08004a81   Thumb Code    34  elog.o(i.elog_output_unlock)
    elog_port_get_p_info                     0x08004aa9   Thumb Code     4  elog_port.o(i.elog_port_get_p_info)
    elog_port_get_t_info                     0x08004ab1   Thumb Code     4  elog_port.o(i.elog_port_get_t_info)
    elog_port_get_time                       0x08004ab9   Thumb Code    24  elog_port.o(i.elog_port_get_time)
    elog_port_init                           0x08004ad9   Thumb Code     4  elog_port.o(i.elog_port_init)
    elog_port_output                         0x08004add   Thumb Code    18  elog_port.o(i.elog_port_output)
    elog_port_output_lock                    0x08004aef   Thumb Code     2  elog_port.o(i.elog_port_output_lock)
    elog_port_output_unlock                  0x08004af1   Thumb Code     2  elog_port.o(i.elog_port_output_unlock)
    elog_set_filter_lvl                      0x08004af5   Thumb Code    76  elog.o(i.elog_set_filter_lvl)
    elog_set_fmt                             0x08004bf9   Thumb Code    80  elog.o(i.elog_set_fmt)
    elog_set_output_enabled                  0x08004cc5   Thumb Code    82  elog.o(i.elog_set_output_enabled)
    elog_set_text_color_enabled              0x08004da1   Thumb Code    82  elog.o(i.elog_set_text_color_enabled)
    elog_start                               0x08004e7d   Thumb Code    46  elog.o(i.elog_start)
    elog_strcpy                              0x08004f15   Thumb Code   164  elog_utils.o(i.elog_strcpy)
    get_temp_humi                            0x08005131   Thumb Code   202  ec_bsp_temp_humi_handler.o(i.get_temp_humi)
    main                                     0x08005201   Thumb Code    40  main.o(i.main)
    mpuxxxx_inst                             0x080063bd   Thumb Code   276  bsp_mpuxxxx_driver.o(i.mpuxxxx_inst)
    mpuxxxx_int_callback                     0x0800668d   Thumb Code    42  bsp_mpuxxxx_handler.o(i.mpuxxxx_int_callback)
    osDelay                                  0x080066b7   Thumb Code    30  cmsis_os2.o(i.osDelay)
    osKernelInitialize                       0x080066d5   Thumb Code    34  cmsis_os2.o(i.osKernelInitialize)
    osKernelStart                            0x080066fd   Thumb Code    48  cmsis_os2.o(i.osKernelStart)
    osMessageQueueGet                        0x08006735   Thumb Code   106  cmsis_os2.o(i.osMessageQueueGet)
    osMessageQueueNew                        0x080067a5   Thumb Code   136  cmsis_os2.o(i.osMessageQueueNew)
    osMessageQueuePut                        0x0800682d   Thumb Code   110  cmsis_os2.o(i.osMessageQueuePut)
    osThreadNew                              0x080068a1   Thumb Code   188  cmsis_os2.o(i.osThreadNew)
    os_queue_create                          0x0800695d   Thumb Code    32  aht21_adapter.o(i.os_queue_create)
    os_queue_get                             0x0800697d   Thumb Code    30  aht21_adapter.o(i.os_queue_get)
    os_queue_put                             0x0800699b   Thumb Code    30  aht21_adapter.o(i.os_queue_put)
    pvPortMalloc                             0x080071f9   Thumb Code   224  heap_4.o(i.pvPortMalloc)
    pxPortInitialiseStack                    0x080072e1   Thumb Code    38  port.o(i.pxPortInitialiseStack)
    temp_humi_callback                       0x080087d9   Thumb Code   102  aht21_adapter.o(i.temp_humi_callback)
    temp_humi_handler_thread                 0x08008899   Thumb Code   164  ec_bsp_temp_humi_handler.o(i.temp_humi_handler_thread)
    ulTaskNotifyTake                         0x080089ad   Thumb Code    96  tasks.o(i.ulTaskNotifyTake)
    userTaskFunction                         0x08008a15   Thumb Code    52  freertos.o(i.userTaskFunction)
    uxListRemove                             0x08008a89   Thumb Code    38  list.o(i.uxListRemove)
    vApplicationGetIdleTaskMemory            0x08008ab1   Thumb Code    16  cmsis_os2.o(i.vApplicationGetIdleTaskMemory)
    vApplicationGetTimerTaskMemory           0x08008ac5   Thumb Code    18  cmsis_os2.o(i.vApplicationGetTimerTaskMemory)
    vListInitialise                          0x08008add   Thumb Code    22  list.o(i.vListInitialise)
    vListInitialiseItem                      0x08008af3   Thumb Code     6  list.o(i.vListInitialiseItem)
    vListInsert                              0x08008af9   Thumb Code    54  list.o(i.vListInsert)
    vListInsertEnd                           0x08008b2f   Thumb Code    24  list.o(i.vListInsertEnd)
    vPortEnterCritical                       0x08008b49   Thumb Code    54  port.o(i.vPortEnterCritical)
    vPortExitCritical                        0x08008b89   Thumb Code    38  port.o(i.vPortExitCritical)
    vPortFree                                0x08008bb5   Thumb Code    94  heap_4.o(i.vPortFree)
    vPortSetupTimerInterrupt                 0x08008c19   Thumb Code    32  port.o(i.vPortSetupTimerInterrupt)
    vPortValidateInterruptPriority           0x08008c3d   Thumb Code    74  port.o(i.vPortValidateInterruptPriority)
    vQueueAddToRegistry                      0x08008c91   Thumb Code    34  queue.o(i.vQueueAddToRegistry)
    vQueueWaitForMessageRestricted           0x08008cb9   Thumb Code    74  queue.o(i.vQueueWaitForMessageRestricted)
    vTaskDelay                               0x08008d05   Thumb Code    70  tasks.o(i.vTaskDelay)
    vTaskInternalSetTimeOutState             0x08008d55   Thumb Code    12  tasks.o(i.vTaskInternalSetTimeOutState)
    vTaskMissedYield                         0x08008d65   Thumb Code     8  tasks.o(i.vTaskMissedYield)
    vTaskNotifyGiveFromISR                   0x08008d71   Thumb Code   168  tasks.o(i.vTaskNotifyGiveFromISR)
    vTaskPlaceOnEventList                    0x08008e25   Thumb Code    48  tasks.o(i.vTaskPlaceOnEventList)
    vTaskPlaceOnEventListRestricted          0x08008e59   Thumb Code    54  tasks.o(i.vTaskPlaceOnEventListRestricted)
    vTaskStartScheduler                      0x08008e95   Thumb Code   128  tasks.o(i.vTaskStartScheduler)
    vTaskSuspendAll                          0x08008f25   Thumb Code    10  tasks.o(i.vTaskSuspendAll)
    vTaskSwitchContext                       0x08008f35   Thumb Code   100  tasks.o(i.vTaskSwitchContext)
    xPortStartScheduler                      0x08008fa1   Thumb Code   232  port.o(i.xPortStartScheduler)
    xPortSysTickHandler                      0x080090a5   Thumb Code    38  port.o(i.xPortSysTickHandler)
    xQueueGenericCreate                      0x080090d1   Thumb Code    68  queue.o(i.xQueueGenericCreate)
    xQueueGenericCreateStatic                0x08009115   Thumb Code   112  queue.o(i.xQueueGenericCreateStatic)
    xQueueGenericReset                       0x08009185   Thumb Code   138  queue.o(i.xQueueGenericReset)
    xQueueGenericSend                        0x08009215   Thumb Code   362  queue.o(i.xQueueGenericSend)
    xQueueGenericSendFromISR                 0x08009385   Thumb Code   190  queue.o(i.xQueueGenericSendFromISR)
    xQueueReceive                            0x08009445   Thumb Code   322  queue.o(i.xQueueReceive)
    xQueueReceiveFromISR                     0x0800958d   Thumb Code   154  queue.o(i.xQueueReceiveFromISR)
    xTaskCheckForTimeOut                     0x08009629   Thumb Code   122  tasks.o(i.xTaskCheckForTimeOut)
    xTaskCreate                              0x080096a9   Thumb Code   108  tasks.o(i.xTaskCreate)
    xTaskCreateStatic                        0x08009715   Thumb Code    96  tasks.o(i.xTaskCreateStatic)
    xTaskGetSchedulerState                   0x08009775   Thumb Code    24  tasks.o(i.xTaskGetSchedulerState)
    xTaskGetTickCount                        0x08009791   Thumb Code     6  tasks.o(i.xTaskGetTickCount)
    xTaskIncrementTick                       0x0800979d   Thumb Code   196  tasks.o(i.xTaskIncrementTick)
    xTaskPriorityDisinherit                  0x08009869   Thumb Code   118  tasks.o(i.xTaskPriorityDisinherit)
    xTaskRemoveFromEventList                 0x080098e9   Thumb Code   106  tasks.o(i.xTaskRemoveFromEventList)
    xTaskResumeAll                           0x08009961   Thumb Code   190  tasks.o(i.xTaskResumeAll)
    xTimerCreateTimerTask                    0x08009a2d   Thumb Code    86  timers.o(i.xTimerCreateTimerTask)
    xTimerGenericCommand                     0x08009a95   Thumb Code   112  timers.o(i.xTimerGenericCommand)
    HandlerTask_attributes                   0x08009b08   Data          36  freertos.o(.constdata)
    userTask_attributes                      0x08009b2c   Data          36  freertos.o(.constdata)
    AHBPrescTable                            0x08009b7c   Data          16  system_stm32f4xx.o(.constdata)
    APBPrescTable                            0x08009b8c   Data           8  system_stm32f4xx.o(.constdata)
    Region$$Table$$Base                      0x08009ffc   Number         0  anon$$obj.o(Region$$Table)
    Region$$Table$$Limit                     0x0800a01c   Number         0  anon$$obj.o(Region$$Table)
    HandlerTaskHandle                        0x20000000   Data           4  freertos.o(.data)
    userTaskHandle                           0x20000004   Data           4  freertos.o(.data)
    uwTick                                   0x20000008   Data           4  stm32f4xx_hal.o(.data)
    uwTickPrio                               0x2000000c   Data           4  stm32f4xx_hal.o(.data)
    uwTickFreq                               0x20000010   Data           1  stm32f4xx_hal.o(.data)
    SystemCoreClock                          0x20000014   Data           4  system_stm32f4xx.o(.data)
    pxCurrentTCB                             0x20000024   Data           4  tasks.o(.data)
    elog_assert_hook                         0x200000d4   Data           4  elog.o(.data)
    AHT_bus                                  0x200000d8   Data          12  aht21_adapter.o(.data)
    iic_driver_interface                     0x200000e4   Data          60  aht21_adapter.o(.data)
    timebase_interface                       0x20000120   Data           4  aht21_adapter.o(.data)
    yield_interface                          0x20000124   Data           4  aht21_adapter.o(.data)
    os_interface                             0x2000012c   Data          16  aht21_adapter.o(.data)
    input_args                               0x2000013c   Data          20  aht21_adapter.o(.data)
    mpu_input_args                           0x200001d0   Data          20  mpu6050_adapter.o(.data)
    huart1                                   0x200001e4   Data          68  usart.o(.bss)
    htim1                                    0x20000228   Data          72  stm32f4xx_hal_timebase_tim.o(.bss)
    xQueueRegistry                           0x20000270   Data          64  queue.o(.bss)
    _SEGGER_RTT                              0x20004b44   Data         168  segger_rtt.o(.bss)
    __initial_sp                             0x200059f8   Data           0  startup_stm32f411xe.o(STACK)



==============================================================================

Memory Map of the image

  Image Entry point : 0x08000199

  Load Region LR_IROM1 (Base: 0x08000000, Size: 0x0000a200, Max: 0x00080000, ABSOLUTE, COMPRESSED[0x0000a100])

    Execution Region ER_IROM1 (Exec base: 0x08000000, Load base: 0x08000000, Size: 0x0000a01c, Max: 0x00080000, ABSOLUTE)

    Exec Addr    Load Addr    Size         Type   Attr      Idx    E Section Name        Object

    0x08000000   0x08000000   0x00000198   Data   RO            3    RESET               startup_stm32f411xe.o
    0x08000198   0x08000198   0x00000000   Code   RO         6336  * .ARM.Collect$$$$00000000  mc_w.l(entry.o)
    0x08000198   0x08000198   0x00000004   Code   RO         6630    .ARM.Collect$$$$00000001  mc_w.l(entry2.o)
    0x0800019c   0x0800019c   0x00000004   Code   RO         6633    .ARM.Collect$$$$00000004  mc_w.l(entry5.o)
    0x080001a0   0x080001a0   0x00000000   Code   RO         6635    .ARM.Collect$$$$00000008  mc_w.l(entry7b.o)
    0x080001a0   0x080001a0   0x00000000   Code   RO         6637    .ARM.Collect$$$$0000000A  mc_w.l(entry8b.o)
    0x080001a0   0x080001a0   0x00000008   Code   RO         6638    .ARM.Collect$$$$0000000B  mc_w.l(entry9a.o)
    0x080001a8   0x080001a8   0x00000004   Code   RO         6645    .ARM.Collect$$$$0000000E  mc_w.l(entry12b.o)
    0x080001ac   0x080001ac   0x00000000   Code   RO         6640    .ARM.Collect$$$$0000000F  mc_w.l(entry10a.o)
    0x080001ac   0x080001ac   0x00000000   Code   RO         6642    .ARM.Collect$$$$00000011  mc_w.l(entry11a.o)
    0x080001ac   0x080001ac   0x00000004   Code   RO         6631    .ARM.Collect$$$$00002712  mc_w.l(entry2.o)
    0x080001b0   0x080001b0   0x000000be   Code   RO         5435    .emb_text           port.o
    0x0800026e   0x0800026e   0x00000002   PAD
    0x08000270   0x08000270   0x00000024   Code   RO            4    .text               startup_stm32f411xe.o
    0x08000294   0x08000294   0x00000062   Code   RO         6339    .text               mc_w.l(uldiv.o)
    0x080002f6   0x080002f6   0x00000024   Code   RO         6341    .text               mc_w.l(memcpya.o)
    0x0800031a   0x0800031a   0x00000024   Code   RO         6345    .text               mc_w.l(memseta.o)
    0x0800033e   0x0800033e   0x00000024   Code   RO         6347    .text               mc_w.l(strstr.o)
    0x08000362   0x08000362   0x0000000e   Code   RO         6351    .text               mc_w.l(strlen.o)
    0x08000370   0x08000370   0x00000012   Code   RO         6355    .text               mc_w.l(strcpy.o)
    0x08000382   0x08000382   0x0000001e   Code   RO         6357    .text               mc_w.l(strncmp.o)
    0x080003a0   0x080003a0   0x000000de   Code   RO         6622    .text               mf_w.l(ddiv.o)
    0x0800047e   0x0800047e   0x00000022   Code   RO         6624    .text               mf_w.l(dflti.o)
    0x080004a0   0x080004a0   0x00000026   Code   RO         6626    .text               mf_w.l(f2d.o)
    0x080004c6   0x080004c6   0x0000002c   Code   RO         6647    .text               mc_w.l(uidiv.o)
    0x080004f2   0x080004f2   0x0000001e   Code   RO         6649    .text               mc_w.l(llshl.o)
    0x08000510   0x08000510   0x00000020   Code   RO         6651    .text               mc_w.l(llushr.o)
    0x08000530   0x08000530   0x00000000   Code   RO         6653    .text               mc_w.l(iusefp.o)
    0x08000530   0x08000530   0x000000ba   Code   RO         6656    .text               mf_w.l(depilogue.o)
    0x080005ea   0x080005ea   0x0000014e   Code   RO         6658    .text               mf_w.l(dadd.o)
    0x08000738   0x08000738   0x000000e4   Code   RO         6660    .text               mf_w.l(dmul.o)
    0x0800081c   0x0800081c   0x00000030   Code   RO         6662    .text               mf_w.l(dfixul.o)
    0x0800084c   0x0800084c   0x00000030   Code   RO         6664    .text               mf_w.l(cdrcmple.o)
    0x0800087c   0x0800087c   0x00000024   Code   RO         6666    .text               mc_w.l(init.o)
    0x080008a0   0x080008a0   0x00000024   Code   RO         6668    .text               mc_w.l(llsshr.o)
    0x080008c4   0x080008c4   0x00000056   Code   RO         6678    .text               mc_w.l(__dczerorl2.o)
    0x0800091a   0x0800091a   0x00000004   Code   RO          512    i.BusFault_Handler  stm32f4xx_it.o
    0x0800091e   0x0800091e   0x00000002   Code   RO          513    i.DebugMon_Handler  stm32f4xx_it.o
    0x08000920   0x08000920   0x0000000a   Code   RO          514    i.EXTI0_IRQHandler  stm32f4xx_it.o
    0x0800092a   0x0800092a   0x00000006   Code   RO          230    i.Error_Handler     main.o
    0x08000930   0x08000930   0x00000038   Code   RO         6173    i.HAL_GPIO_EXTI_Callback  mpu6050_adapter.o
    0x08000968   0x08000968   0x0000001c   Code   RO         1108    i.HAL_GPIO_EXTI_IRQHandler  stm32f4xx_hal_gpio.o
    0x08000984   0x08000984   0x000001c8   Code   RO         1109    i.HAL_GPIO_Init     stm32f4xx_hal_gpio.o
    0x08000b4c   0x08000b4c   0x00000010   Code   RO         1111    i.HAL_GPIO_ReadPin  stm32f4xx_hal_gpio.o
    0x08000b5c   0x08000b5c   0x0000000c   Code   RO         1113    i.HAL_GPIO_WritePin  stm32f4xx_hal_gpio.o
    0x08000b68   0x08000b68   0x0000000c   Code   RO         1670    i.HAL_GetTick       stm32f4xx_hal.o
    0x08000b74   0x08000b74   0x00000018   Code   RO         1676    i.HAL_IncTick       stm32f4xx_hal.o
    0x08000b8c   0x08000b8c   0x0000003c   Code   RO         1677    i.HAL_Init          stm32f4xx_hal.o
    0x08000bc8   0x08000bc8   0x000000a0   Code   RO          606    i.HAL_InitTick      stm32f4xx_hal_timebase_tim.o
    0x08000c68   0x08000c68   0x00000054   Code   RO          582    i.HAL_MspInit       stm32f4xx_hal_msp.o
    0x08000cbc   0x08000cbc   0x00000020   Code   RO         1522    i.HAL_NVIC_EnableIRQ  stm32f4xx_hal_cortex.o
    0x08000cdc   0x08000cdc   0x0000007c   Code   RO         1528    i.HAL_NVIC_SetPriority  stm32f4xx_hal_cortex.o
    0x08000d58   0x08000d58   0x00000028   Code   RO         1529    i.HAL_NVIC_SetPriorityGrouping  stm32f4xx_hal_cortex.o
    0x08000d80   0x08000d80   0x00000184   Code   RO          646    i.HAL_RCC_ClockConfig  stm32f4xx_hal_rcc.o
    0x08000f04   0x08000f04   0x00000044   Code   RO          650    i.HAL_RCC_GetClockConfig  stm32f4xx_hal_rcc.o
    0x08000f48   0x08000f48   0x0000000c   Code   RO          651    i.HAL_RCC_GetHCLKFreq  stm32f4xx_hal_rcc.o
    0x08000f54   0x08000f54   0x00000020   Code   RO          653    i.HAL_RCC_GetPCLK1Freq  stm32f4xx_hal_rcc.o
    0x08000f74   0x08000f74   0x00000020   Code   RO          654    i.HAL_RCC_GetPCLK2Freq  stm32f4xx_hal_rcc.o
    0x08000f94   0x08000f94   0x000000b0   Code   RO          655    i.HAL_RCC_GetSysClockFreq  stm32f4xx_hal_rcc.o
    0x08001044   0x08001044   0x0000049c   Code   RO          658    i.HAL_RCC_OscConfig  stm32f4xx_hal_rcc.o
    0x080014e0   0x080014e0   0x00000002   Code   RO         2632    i.HAL_TIMEx_BreakCallback  stm32f4xx_hal_tim_ex.o
    0x080014e2   0x080014e2   0x00000002   Code   RO         2633    i.HAL_TIMEx_CommutCallback  stm32f4xx_hal_tim_ex.o
    0x080014e4   0x080014e4   0x00000066   Code   RO         1917    i.HAL_TIM_Base_Init  stm32f4xx_hal_tim.o
    0x0800154a   0x0800154a   0x00000002   Code   RO         1919    i.HAL_TIM_Base_MspInit  stm32f4xx_hal_tim.o
    0x0800154c   0x0800154c   0x00000090   Code   RO         1922    i.HAL_TIM_Base_Start_IT  stm32f4xx_hal_tim.o
    0x080015dc   0x080015dc   0x00000002   Code   RO         1951    i.HAL_TIM_IC_CaptureCallback  stm32f4xx_hal_tim.o
    0x080015de   0x080015de   0x00000196   Code   RO         1965    i.HAL_TIM_IRQHandler  stm32f4xx_hal_tim.o
    0x08001774   0x08001774   0x00000002   Code   RO         1968    i.HAL_TIM_OC_DelayElapsedCallback  stm32f4xx_hal_tim.o
    0x08001776   0x08001776   0x00000002   Code   RO         1995    i.HAL_TIM_PWM_PulseFinishedCallback  stm32f4xx_hal_tim.o
    0x08001778   0x08001778   0x00000018   Code   RO          231    i.HAL_TIM_PeriodElapsedCallback  main.o
    0x08001790   0x08001790   0x00000002   Code   RO         2008    i.HAL_TIM_TriggerCallback  stm32f4xx_hal_tim.o
    0x08001792   0x08001792   0x00000072   Code   RO         2928    i.HAL_UART_Init     stm32f4xx_hal_uart.o
    0x08001804   0x08001804   0x00000088   Code   RO          465    i.HAL_UART_MspInit  usart.o
    0x0800188c   0x0800188c   0x00000004   Code   RO          515    i.HardFault_Handler  stm32f4xx_it.o
    0x08001890   0x08001890   0x00000034   Code   RO           13    i.IICInit           iic_hal.o
    0x080018c4   0x080018c4   0x00000010   Code   RO         6076    i.IICInit_wrapper   aht21_adapter.o
    0x080018d4   0x080018d4   0x00000054   Code   RO           14    i.IICReceiveByte    iic_hal.o
    0x08001928   0x08001928   0x0000001a   Code   RO         6077    i.IICReceiveByte_wrapper  aht21_adapter.o
    0x08001942   0x08001942   0x00000030   Code   RO           15    i.IICSendAck        iic_hal.o
    0x08001972   0x08001972   0x00000010   Code   RO         6078    i.IICSendAck_wrapper  aht21_adapter.o
    0x08001982   0x08001982   0x0000005a   Code   RO           16    i.IICSendByte       iic_hal.o
    0x080019dc   0x080019dc   0x00000014   Code   RO         6079    i.IICSendByte_wrapper  aht21_adapter.o
    0x080019f0   0x080019f0   0x00000030   Code   RO           17    i.IICSendNotAck     iic_hal.o
    0x08001a20   0x08001a20   0x00000010   Code   RO         6080    i.IICSendNotAck_wrapper  aht21_adapter.o
    0x08001a30   0x08001a30   0x0000003e   Code   RO           18    i.IICStart          iic_hal.o
    0x08001a6e   0x08001a6e   0x00000010   Code   RO         6081    i.IICStart_wrapper  aht21_adapter.o
    0x08001a7e   0x08001a7e   0x0000003e   Code   RO           19    i.IICStop           iic_hal.o
    0x08001abc   0x08001abc   0x00000010   Code   RO         6082    i.IICStop_wrapper   aht21_adapter.o
    0x08001acc   0x08001acc   0x00000054   Code   RO           20    i.IICWaitAck        iic_hal.o
    0x08001b20   0x08001b20   0x00000018   Code   RO         6083    i.IICWaitAck_wrapper  aht21_adapter.o
    0x08001b38   0x08001b38   0x0000008e   Code   RO           21    i.IIC_Read_Multi_Byte  iic_hal.o
    0x08001bc6   0x08001bc6   0x00000062   Code   RO           22    i.IIC_Read_One_Byte  iic_hal.o
    0x08001c28   0x08001c28   0x0000005c   Code   RO           24    i.IIC_Write_One_Byte  iic_hal.o
    0x08001c84   0x08001c84   0x00000008   Code   RO         6174    i.MPU6050_adapter_get_handler_instance  mpu6050_adapter.o
    0x08001c8c   0x08001c8c   0x000001e0   Code   RO         6175    i.MPU6050_adapter_init  mpu6050_adapter.o
    0x08001e6c   0x08001e6c   0x000000a0   Code   RO         6176    i.MPU6050_data_callback  mpu6050_adapter.o
    0x08001f0c   0x08001f0c   0x00000010   Code   RO         6177    i.MPU_IICInit_wrapper  mpu6050_adapter.o
    0x08001f1c   0x08001f1c   0x00000028   Code   RO         6178    i.MPU_IICReadMultiByte_wrapper  mpu6050_adapter.o
    0x08001f44   0x08001f44   0x0000001c   Code   RO         6179    i.MPU_IICReadReg_wrapper  mpu6050_adapter.o
    0x08001f60   0x08001f60   0x0000001c   Code   RO         6180    i.MPU_IICReceiveByte_wrapper  mpu6050_adapter.o
    0x08001f7c   0x08001f7c   0x00000010   Code   RO         6181    i.MPU_IICSendAck_wrapper  mpu6050_adapter.o
    0x08001f8c   0x08001f8c   0x00000014   Code   RO         6182    i.MPU_IICSendByte_wrapper  mpu6050_adapter.o
    0x08001fa0   0x08001fa0   0x00000010   Code   RO         6183    i.MPU_IICSendNotAck_wrapper  mpu6050_adapter.o
    0x08001fb0   0x08001fb0   0x00000010   Code   RO         6184    i.MPU_IICStart_wrapper  mpu6050_adapter.o
    0x08001fc0   0x08001fc0   0x00000010   Code   RO         6185    i.MPU_IICStop_wrapper  mpu6050_adapter.o
    0x08001fd0   0x08001fd0   0x00000018   Code   RO         6186    i.MPU_IICWaitAck_wrapper  mpu6050_adapter.o
    0x08001fe8   0x08001fe8   0x00000020   Code   RO         6187    i.MPU_IICWriteReg_wrapper  mpu6050_adapter.o
    0x08002008   0x08002008   0x00000004   Code   RO         6188    i.MPU_IntCallback_wrapper  mpu6050_adapter.o
    0x0800200c   0x0800200c   0x00000004   Code   RO         6189    i.MPU_IntDeinit_wrapper  mpu6050_adapter.o
    0x08002010   0x08002010   0x00000006   Code   RO         6190    i.MPU_IntDisable_wrapper  mpu6050_adapter.o
    0x08002016   0x08002016   0x00000006   Code   RO         6191    i.MPU_IntEnable_wrapper  mpu6050_adapter.o
    0x0800201c   0x0800201c   0x00000004   Code   RO         6192    i.MPU_IntInit_wrapper  mpu6050_adapter.o
    0x08002020   0x08002020   0x00000016   Code   RO         6193    i.MPU_TaskNotifyGiveFromISR_wrapper  mpu6050_adapter.o
    0x08002036   0x08002036   0x0000001e   Code   RO         6194    i.MPU_TaskNotifyTake_wrapper  mpu6050_adapter.o
    0x08002054   0x08002054   0x0000000c   Code   RO         6195    i.MPU_os_delay_ms   mpu6050_adapter.o
    0x08002060   0x08002060   0x00000024   Code   RO         6196    i.MPU_os_queue_create  mpu6050_adapter.o
    0x08002084   0x08002084   0x0000003a   Code   RO         6197    i.MPU_os_queue_get  mpu6050_adapter.o
    0x080020be   0x080020be   0x0000003c   Code   RO         6198    i.MPU_os_queue_put  mpu6050_adapter.o
    0x080020fa   0x080020fa   0x00000002   PAD
    0x080020fc   0x080020fc   0x0000013c   Code   RO         6199    i.MPU_os_thread_create  mpu6050_adapter.o
    0x08002238   0x08002238   0x0000003c   Code   RO          393    i.MX_FREERTOS_Init  freertos.o
    0x08002274   0x08002274   0x000000dc   Code   RO          369    i.MX_GPIO_Init      gpio.o
    0x08002350   0x08002350   0x00000038   Code   RO          466    i.MX_USART1_UART_Init  usart.o
    0x08002388   0x08002388   0x00000004   Code   RO          516    i.MemManage_Handler  stm32f4xx_it.o
    0x0800238c   0x0800238c   0x00000004   Code   RO          517    i.NMI_Handler       stm32f4xx_it.o
    0x08002390   0x08002390   0x0000001a   Code   RO           25    i.SCL_Output        iic_hal.o
    0x080023aa   0x080023aa   0x00000016   Code   RO           26    i.SDA_Input         iic_hal.o
    0x080023c0   0x080023c0   0x0000002a   Code   RO           27    i.SDA_Input_Mode    iic_hal.o
    0x080023ea   0x080023ea   0x0000001a   Code   RO           28    i.SDA_Output        iic_hal.o
    0x08002404   0x08002404   0x0000002a   Code   RO           29    i.SDA_Output_Mode   iic_hal.o
    0x0800242e   0x0800242e   0x00000002   PAD
    0x08002430   0x08002430   0x00000048   Code   RO         5537    i.SEGGER_RTT_Write  segger_rtt.o
    0x08002478   0x08002478   0x00000084   Code   RO         5540    i.SEGGER_RTT_WriteNoLock  segger_rtt.o
    0x080024fc   0x080024fc   0x0000001a   Code   RO         4858    i.SysTick_Handler   cmsis_os2.o
    0x08002516   0x08002516   0x00000002   PAD
    0x08002518   0x08002518   0x000000b4   Code   RO          232    i.SystemClock_Config  main.o
    0x080025cc   0x080025cc   0x00000014   Code   RO         3267    i.SystemInit        system_stm32f4xx.o
    0x080025e0   0x080025e0   0x00000010   Code   RO          518    i.TIM1_UP_TIM10_IRQHandler  stm32f4xx_it.o
    0x080025f0   0x080025f0   0x000000a4   Code   RO         2010    i.TIM_Base_SetConfig  stm32f4xx_hal_tim.o
    0x08002694   0x08002694   0x0000022c   Code   RO         2955    i.UART_SetConfig    stm32f4xx_hal_uart.o
    0x080028c0   0x080028c0   0x00000004   Code   RO          519    i.UsageFault_Handler  stm32f4xx_it.o
    0x080028c4   0x080028c4   0x00000070   Code   RO         5544    i._DoInit           segger_rtt.o
    0x08002934   0x08002934   0x0000001c   Code   RO         5545    i._GetAvailWriteSpace  segger_rtt.o
    0x08002950   0x08002950   0x00000076   Code   RO         5547    i._WriteBlocking    segger_rtt.o
    0x080029c6   0x080029c6   0x00000058   Code   RO         5548    i._WriteNoCheck     segger_rtt.o
    0x08002a1e   0x08002a1e   0x00000002   PAD
    0x08002a20   0x08002a20   0x00000034   Code   RO         6595    i.__0snprintf       mc_w.l(printfa.o)
    0x08002a54   0x08002a54   0x00000034   Code   RO         6599    i.__0vsnprintf      mc_w.l(printfa.o)
    0x08002a88   0x08002a88   0x00000010   Code   RO         1535    i.__NVIC_GetPriorityGrouping  stm32f4xx_hal_cortex.o
    0x08002a98   0x08002a98   0x00000028   Code   RO         1536    i.__NVIC_SetPriority  stm32f4xx_hal_cortex.o
    0x08002ac0   0x08002ac0   0x0000000c   Code   RO         3387    i.__mount_handler   ec_bsp_temp_humi_handler.o
    0x08002acc   0x08002acc   0x00000118   Code   RO         3301    i.__read_id         ec_bsp_aht21_driver.o
    0x08002be4   0x08002be4   0x0000000e   Code   RO         6672    i.__scatterload_copy  mc_w.l(handlers.o)
    0x08002bf2   0x08002bf2   0x00000002   Code   RO         6673    i.__scatterload_null  mc_w.l(handlers.o)
    0x08002bf4   0x08002bf4   0x0000000e   Code   RO         6674    i.__scatterload_zeroinit  mc_w.l(handlers.o)
    0x08002c02   0x08002c02   0x00000002   PAD
    0x08002c04   0x08002c04   0x00000184   Code   RO         6601    i._fp_digits        mc_w.l(printfa.o)
    0x08002d88   0x08002d88   0x000006b4   Code   RO         6602    i._printf_core      mc_w.l(printfa.o)
    0x0800343c   0x0800343c   0x00000024   Code   RO         6603    i._printf_post_padding  mc_w.l(printfa.o)
    0x08003460   0x08003460   0x0000002e   Code   RO         6604    i._printf_pre_padding  mc_w.l(printfa.o)
    0x0800348e   0x0800348e   0x00000016   Code   RO         6605    i._snputc           mc_w.l(printfa.o)
    0x080034a4   0x080034a4   0x00000010   Code   RO         3302    i.aht21_deinit      ec_bsp_aht21_driver.o
    0x080034b4   0x080034b4   0x00000104   Code   RO         3303    i.aht21_init        ec_bsp_aht21_driver.o
    0x080035b8   0x080035b8   0x000000a0   Code   RO         3304    i.aht21_inst        ec_bsp_aht21_driver.o
    0x08003658   0x08003658   0x00000020   Code   RO         3305    i.aht21_read_humidity  ec_bsp_aht21_driver.o
    0x08003678   0x08003678   0x00000018   Code   RO         3306    i.aht21_read_id     ec_bsp_aht21_driver.o
    0x08003690   0x08003690   0x00000060   Code   RO         3307    i.aht21_read_status  ec_bsp_aht21_driver.o
    0x080036f0   0x080036f0   0x00000020   Code   RO         3308    i.aht21_read_temp   ec_bsp_aht21_driver.o
    0x08003710   0x08003710   0x00000244   Code   RO         3309    i.aht21_read_temp_humi  ec_bsp_aht21_driver.o
    0x08003954   0x08003954   0x00000018   Code   RO         3310    i.aht21_sleep       ec_bsp_aht21_driver.o
    0x0800396c   0x0800396c   0x00000018   Code   RO         3311    i.aht21_wakeup      ec_bsp_aht21_driver.o
    0x08003984   0x08003984   0x00000042   Code   RO          233    i.app_elog_init     main.o
    0x080039c6   0x080039c6   0x00000002   PAD
    0x080039c8   0x080039c8   0x00000100   Code   RO         3663    i.bsp_mpu_handler_init  bsp_mpuxxxx_handler.o
    0x08003ac8   0x08003ac8   0x000003f8   Code   RO         3665    i.bsp_mpuxxxx_handler_inst  bsp_mpuxxxx_handler.o
    0x08003ec0   0x08003ec0   0x0000000e   Code   RO         3666    i.bsp_mpuxxxx_handler_register_callback  bsp_mpuxxxx_handler.o
    0x08003ece   0x08003ece   0x00000002   PAD
    0x08003ed0   0x08003ed0   0x00000180   Code   RO         3667    i.bsp_mpuxxxx_handler_thread  bsp_mpuxxxx_handler.o
    0x08004050   0x08004050   0x00000210   Code   RO         3388    i.bsp_temp_humi_xxx_handler_inst  ec_bsp_temp_humi_handler.o
    0x08004260   0x08004260   0x000000c8   Code   RO         3389    i.bsp_temp_humi_xxx_read  ec_bsp_temp_humi_handler.o
    0x08004328   0x08004328   0x00000100   Code   RO         3391    i.bsp_temp_xxx_handler_init  ec_bsp_temp_humi_handler.o
    0x08004428   0x08004428   0x00000018   Code   RO          234    i.delay_ms          main.o
    0x08004440   0x08004440   0x00000030   Code   RO          235    i.delay_us          main.o
    0x08004470   0x08004470   0x00000028   Code   RO          236    i.dwt_delay_init    main.o
    0x08004498   0x08004498   0x00000118   Code   RO         5858    i.elog_get_filter_tag_lvl  elog.o
    0x080045b0   0x080045b0   0x00000050   Code   RO         5862    i.elog_init         elog.o
    0x08004600   0x08004600   0x00000418   Code   RO         5863    i.elog_output       elog.o
    0x08004a18   0x08004a18   0x00000028   Code   RO         5864    i.elog_output_lock  elog.o
    0x08004a40   0x08004a40   0x00000040   Code   RO         5865    i.elog_output_lock_enabled  elog.o
    0x08004a80   0x08004a80   0x00000028   Code   RO         5866    i.elog_output_unlock  elog.o
    0x08004aa8   0x08004aa8   0x00000008   Code   RO         5787    i.elog_port_get_p_info  elog_port.o
    0x08004ab0   0x08004ab0   0x00000008   Code   RO         5788    i.elog_port_get_t_info  elog_port.o
    0x08004ab8   0x08004ab8   0x00000020   Code   RO         5789    i.elog_port_get_time  elog_port.o
    0x08004ad8   0x08004ad8   0x00000004   Code   RO         5790    i.elog_port_init    elog_port.o
    0x08004adc   0x08004adc   0x00000012   Code   RO         5791    i.elog_port_output  elog_port.o
    0x08004aee   0x08004aee   0x00000002   Code   RO         5792    i.elog_port_output_lock  elog_port.o
    0x08004af0   0x08004af0   0x00000002   Code   RO         5793    i.elog_port_output_unlock  elog_port.o
    0x08004af2   0x08004af2   0x00000002   PAD
    0x08004af4   0x08004af4   0x000000c8   Code   RO         5870    i.elog_set_filter_lvl  elog.o
    0x08004bbc   0x08004bbc   0x0000003c   Code   RO         5873    i.elog_set_filter_tag_lvl_default  elog.o
    0x08004bf8   0x08004bf8   0x000000cc   Code   RO         5874    i.elog_set_fmt      elog.o
    0x08004cc4   0x08004cc4   0x000000dc   Code   RO         5875    i.elog_set_output_enabled  elog.o
    0x08004da0   0x08004da0   0x000000dc   Code   RO         5876    i.elog_set_text_color_enabled  elog.o
    0x08004e7c   0x08004e7c   0x00000098   Code   RO         5877    i.elog_start        elog.o
    0x08004f14   0x08004f14   0x0000010c   Code   RO         6050    i.elog_strcpy       elog_utils.o
    0x08005020   0x08005020   0x000000d8   Code   RO         5879    i.get_fmt_enabled   elog.o
    0x080050f8   0x080050f8   0x0000001c   Code   RO         5880    i.get_fmt_used_and_enabled_ptr  elog.o
    0x08005114   0x08005114   0x0000001c   Code   RO         5881    i.get_fmt_used_and_enabled_u32  elog.o
    0x08005130   0x08005130   0x000000d0   Code   RO         3392    i.get_temp_humi     ec_bsp_temp_humi_handler.o
    0x08005200   0x08005200   0x00000028   Code   RO          237    i.main              main.o
    0x08005228   0x08005228   0x0000007c   Code   RO         3439    i.mpu_deinit        bsp_mpuxxxx_driver.o
    0x080052a4   0x080052a4   0x00000be8   Code   RO         3440    i.mpu_init          bsp_mpuxxxx_driver.o
    0x08005e8c   0x08005e8c   0x00000090   Code   RO         3442    i.mpu_read_id       bsp_mpuxxxx_driver.o
    0x08005f1c   0x08005f1c   0x0000025c   Code   RO         3444    i.mpu_sleep         bsp_mpuxxxx_driver.o
    0x08006178   0x08006178   0x00000244   Code   RO         3445    i.mpu_wakeup        bsp_mpuxxxx_driver.o
    0x080063bc   0x080063bc   0x000002d0   Code   RO         3446    i.mpuxxxx_inst      bsp_mpuxxxx_driver.o
    0x0800668c   0x0800668c   0x0000002a   Code   RO         3668    i.mpuxxxx_int_callback  bsp_mpuxxxx_handler.o
    0x080066b6   0x080066b6   0x0000001e   Code   RO         4860    i.osDelay           cmsis_os2.o
    0x080066d4   0x080066d4   0x00000028   Code   RO         4874    i.osKernelInitialize  cmsis_os2.o
    0x080066fc   0x080066fc   0x00000038   Code   RO         4877    i.osKernelStart     cmsis_os2.o
    0x08006734   0x08006734   0x00000070   Code   RO         4889    i.osMessageQueueGet  cmsis_os2.o
    0x080067a4   0x080067a4   0x00000088   Code   RO         4894    i.osMessageQueueNew  cmsis_os2.o
    0x0800682c   0x0800682c   0x00000074   Code   RO         4895    i.osMessageQueuePut  cmsis_os2.o
    0x080068a0   0x080068a0   0x000000bc   Code   RO         4919    i.osThreadNew       cmsis_os2.o
    0x0800695c   0x0800695c   0x00000020   Code   RO         6084    i.os_queue_create   aht21_adapter.o
    0x0800697c   0x0800697c   0x0000001e   Code   RO         6085    i.os_queue_get      aht21_adapter.o
    0x0800699a   0x0800699a   0x0000001e   Code   RO         6086    i.os_queue_put      aht21_adapter.o
    0x080069b8   0x080069b8   0x00000060   Code   RO         4298    i.prvAddCurrentTaskToDelayedList  tasks.o
    0x08006a18   0x08006a18   0x00000088   Code   RO         4299    i.prvAddNewTaskToReadyList  tasks.o
    0x08006aa0   0x08006aa0   0x0000005c   Code   RO         4674    i.prvCheckForValidListAndQueue  timers.o
    0x08006afc   0x08006afc   0x00000040   Code   RO         4300    i.prvCheckTasksWaitingTermination  tasks.o
    0x08006b3c   0x08006b3c   0x00000024   Code   RO         3885    i.prvCopyDataFromQueue  queue.o
    0x08006b60   0x08006b60   0x0000006e   Code   RO         3886    i.prvCopyDataToQueue  queue.o
    0x08006bce   0x08006bce   0x00000040   Code   RO         4301    i.prvDeleteTCB      tasks.o
    0x08006c0e   0x08006c0e   0x00000002   PAD
    0x08006c10   0x08006c10   0x00000024   Code   RO         4675    i.prvGetNextExpireTime  timers.o
    0x08006c34   0x08006c34   0x00000050   Code   RO         5380    i.prvHeapInit       heap_4.o
    0x08006c84   0x08006c84   0x00000028   Code   RO         4302    i.prvIdleTask       tasks.o
    0x08006cac   0x08006cac   0x00000022   Code   RO         3889    i.prvInitialiseNewQueue  queue.o
    0x08006cce   0x08006cce   0x00000094   Code   RO         4303    i.prvInitialiseNewTask  tasks.o
    0x08006d62   0x08006d62   0x00000002   PAD
    0x08006d64   0x08006d64   0x00000060   Code   RO         4304    i.prvInitialiseTaskLists  tasks.o
    0x08006dc4   0x08006dc4   0x0000005c   Code   RO         5381    i.prvInsertBlockIntoFreeList  heap_4.o
    0x08006e20   0x08006e20   0x00000048   Code   RO         4677    i.prvInsertTimerInActiveList  timers.o
    0x08006e68   0x08006e68   0x0000001a   Code   RO         3890    i.prvIsQueueEmpty   queue.o
    0x08006e82   0x08006e82   0x0000001e   Code   RO         3891    i.prvIsQueueFull    queue.o
    0x08006ea0   0x08006ea0   0x00000068   Code   RO         4678    i.prvProcessExpiredTimer  timers.o
    0x08006f08   0x08006f08   0x00000110   Code   RO         4679    i.prvProcessReceivedCommands  timers.o
    0x08007018   0x08007018   0x0000006c   Code   RO         4680    i.prvProcessTimerOrBlockTask  timers.o
    0x08007084   0x08007084   0x00000024   Code   RO         4306    i.prvResetNextTaskUnblockTime  tasks.o
    0x080070a8   0x080070a8   0x0000002c   Code   RO         4681    i.prvSampleTimeNow  timers.o
    0x080070d4   0x080070d4   0x00000078   Code   RO         4682    i.prvSwitchTimerLists  timers.o
    0x0800714c   0x0800714c   0x00000030   Code   RO         5436    i.prvTaskExitError  port.o
    0x0800717c   0x0800717c   0x00000014   Code   RO         4683    i.prvTimerTask      timers.o
    0x08007190   0x08007190   0x00000068   Code   RO         3892    i.prvUnlockQueue    queue.o
    0x080071f8   0x080071f8   0x000000e8   Code   RO         5382    i.pvPortMalloc      heap_4.o
    0x080072e0   0x080072e0   0x0000002c   Code   RO         5437    i.pxPortInitialiseStack  port.o
    0x0800730c   0x0800730c   0x00000304   Code   RO         3447    i.read_accel        bsp_mpuxxxx_driver.o
    0x08007610   0x08007610   0x000003b0   Code   RO         3448    i.read_all          bsp_mpuxxxx_driver.o
    0x080079c0   0x080079c0   0x00000300   Code   RO         3449    i.read_gyro         bsp_mpuxxxx_driver.o
    0x08007cc0   0x08007cc0   0x00000164   Code   RO         3450    i.read_id           bsp_mpuxxxx_driver.o
    0x08007e24   0x08007e24   0x00000288   Code   RO         3451    i.read_temp         bsp_mpuxxxx_driver.o
    0x080080ac   0x080080ac   0x000001d4   Code   RO         3452    i.set_accel_fsr     bsp_mpuxxxx_driver.o
    0x08008280   0x08008280   0x000001cc   Code   RO         3453    i.set_gyro_fsr      bsp_mpuxxxx_driver.o
    0x0800844c   0x0800844c   0x00000178   Code   RO         3454    i.set_lpf           bsp_mpuxxxx_driver.o
    0x080085c4   0x080085c4   0x00000214   Code   RO         3455    i.set_rate          bsp_mpuxxxx_driver.o
    0x080087d8   0x080087d8   0x000000c0   Code   RO         6087    i.temp_humi_callback  aht21_adapter.o
    0x08008898   0x08008898   0x00000114   Code   RO         3393    i.temp_humi_handler_thread  ec_bsp_temp_humi_handler.o
    0x080089ac   0x080089ac   0x00000068   Code   RO         4310    i.ulTaskNotifyTake  tasks.o
    0x08008a14   0x08008a14   0x00000074   Code   RO          395    i.userTaskFunction  freertos.o
    0x08008a88   0x08008a88   0x00000026   Code   RO         3845    i.uxListRemove      list.o
    0x08008aae   0x08008aae   0x00000002   PAD
    0x08008ab0   0x08008ab0   0x00000014   Code   RO         4931    i.vApplicationGetIdleTaskMemory  cmsis_os2.o
    0x08008ac4   0x08008ac4   0x00000018   Code   RO         4932    i.vApplicationGetTimerTaskMemory  cmsis_os2.o
    0x08008adc   0x08008adc   0x00000016   Code   RO         3846    i.vListInitialise   list.o
    0x08008af2   0x08008af2   0x00000006   Code   RO         3847    i.vListInitialiseItem  list.o
    0x08008af8   0x08008af8   0x00000036   Code   RO         3848    i.vListInsert       list.o
    0x08008b2e   0x08008b2e   0x00000018   Code   RO         3849    i.vListInsertEnd    list.o
    0x08008b46   0x08008b46   0x00000002   PAD
    0x08008b48   0x08008b48   0x00000040   Code   RO         5439    i.vPortEnterCritical  port.o
    0x08008b88   0x08008b88   0x0000002c   Code   RO         5440    i.vPortExitCritical  port.o
    0x08008bb4   0x08008bb4   0x00000064   Code   RO         5383    i.vPortFree         heap_4.o
    0x08008c18   0x08008c18   0x00000024   Code   RO         5441    i.vPortSetupTimerInterrupt  port.o
    0x08008c3c   0x08008c3c   0x00000054   Code   RO         5442    i.vPortValidateInterruptPriority  port.o
    0x08008c90   0x08008c90   0x00000028   Code   RO         3898    i.vQueueAddToRegistry  queue.o
    0x08008cb8   0x08008cb8   0x0000004a   Code   RO         3902    i.vQueueWaitForMessageRestricted  queue.o
    0x08008d02   0x08008d02   0x00000002   PAD
    0x08008d04   0x08008d04   0x00000050   Code   RO         4319    i.vTaskDelay        tasks.o
    0x08008d54   0x08008d54   0x00000010   Code   RO         4324    i.vTaskInternalSetTimeOutState  tasks.o
    0x08008d64   0x08008d64   0x0000000c   Code   RO         4325    i.vTaskMissedYield  tasks.o
    0x08008d70   0x08008d70   0x000000b4   Code   RO         4326    i.vTaskNotifyGiveFromISR  tasks.o
    0x08008e24   0x08008e24   0x00000034   Code   RO         4327    i.vTaskPlaceOnEventList  tasks.o
    0x08008e58   0x08008e58   0x0000003c   Code   RO         4328    i.vTaskPlaceOnEventListRestricted  tasks.o
    0x08008e94   0x08008e94   0x00000090   Code   RO         4336    i.vTaskStartScheduler  tasks.o
    0x08008f24   0x08008f24   0x00000010   Code   RO         4338    i.vTaskSuspendAll   tasks.o
    0x08008f34   0x08008f34   0x0000006c   Code   RO         4339    i.vTaskSwitchContext  tasks.o
    0x08008fa0   0x08008fa0   0x00000104   Code   RO         5443    i.xPortStartScheduler  port.o
    0x080090a4   0x080090a4   0x0000002c   Code   RO         5444    i.xPortSysTickHandler  port.o
    0x080090d0   0x080090d0   0x00000044   Code   RO         3907    i.xQueueGenericCreate  queue.o
    0x08009114   0x08009114   0x00000070   Code   RO         3908    i.xQueueGenericCreateStatic  queue.o
    0x08009184   0x08009184   0x00000090   Code   RO         3909    i.xQueueGenericReset  queue.o
    0x08009214   0x08009214   0x00000170   Code   RO         3910    i.xQueueGenericSend  queue.o
    0x08009384   0x08009384   0x000000be   Code   RO         3911    i.xQueueGenericSendFromISR  queue.o
    0x08009442   0x08009442   0x00000002   PAD
    0x08009444   0x08009444   0x00000148   Code   RO         3920    i.xQueueReceive     queue.o
    0x0800958c   0x0800958c   0x0000009a   Code   RO         3921    i.xQueueReceiveFromISR  queue.o
    0x08009626   0x08009626   0x00000002   PAD
    0x08009628   0x08009628   0x00000080   Code   RO         4341    i.xTaskCheckForTimeOut  tasks.o
    0x080096a8   0x080096a8   0x0000006c   Code   RO         4342    i.xTaskCreate       tasks.o
    0x08009714   0x08009714   0x00000060   Code   RO         4343    i.xTaskCreateStatic  tasks.o
    0x08009774   0x08009774   0x0000001c   Code   RO         4347    i.xTaskGetSchedulerState  tasks.o
    0x08009790   0x08009790   0x0000000c   Code   RO         4348    i.xTaskGetTickCount  tasks.o
    0x0800979c   0x0800979c   0x000000cc   Code   RO         4350    i.xTaskIncrementTick  tasks.o
    0x08009868   0x08009868   0x00000080   Code   RO         4353    i.xTaskPriorityDisinherit  tasks.o
    0x080098e8   0x080098e8   0x00000078   Code   RO         4355    i.xTaskRemoveFromEventList  tasks.o
    0x08009960   0x08009960   0x000000cc   Code   RO         4356    i.xTaskResumeAll    tasks.o
    0x08009a2c   0x08009a2c   0x00000068   Code   RO         4692    i.xTimerCreateTimerTask  timers.o
    0x08009a94   0x08009a94   0x00000074   Code   RO         4693    i.xTimerGenericCommand  timers.o
    0x08009b08   0x08009b08   0x00000074   Data   RO          396    .constdata          freertos.o
    0x08009b7c   0x08009b7c   0x00000018   Data   RO         3268    .constdata          system_stm32f4xx.o
    0x08009b94   0x08009b94   0x00000015   Data   RO         3312    .constdata          ec_bsp_aht21_driver.o
    0x08009ba9   0x08009ba9   0x00000069   Data   RO         3394    .constdata          ec_bsp_temp_humi_handler.o
    0x08009c12   0x08009c12   0x000000b8   Data   RO         3456    .constdata          bsp_mpuxxxx_driver.o
    0x08009cca   0x08009cca   0x00000049   Data   RO         3669    .constdata          bsp_mpuxxxx_handler.o
    0x08009d13   0x08009d13   0x000000e2   Data   RO         5883    .constdata          elog.o
    0x08009df5   0x08009df5   0x00000023   Data   RO         6051    .constdata          elog_utils.o
    0x08009e18   0x08009e18   0x00000013   Data   RO         6088    .constdata          aht21_adapter.o
    0x08009e2b   0x08009e2b   0x00000040   Data   RO         6201    .constdata          mpu6050_adapter.o
    0x08009e6b   0x08009e6b   0x00000001   PAD
    0x08009e6c   0x08009e6c   0x00000015   Data   RO          397    .conststring        freertos.o
    0x08009e81   0x08009e81   0x00000003   PAD
    0x08009e84   0x08009e84   0x0000008d   Data   RO         3457    .conststring        bsp_mpuxxxx_driver.o
    0x08009f11   0x08009f11   0x00000003   PAD
    0x08009f14   0x08009f14   0x00000046   Data   RO         3670    .conststring        bsp_mpuxxxx_handler.o
    0x08009f5a   0x08009f5a   0x00000002   PAD
    0x08009f5c   0x08009f5c   0x00000046   Data   RO         5884    .conststring        elog.o
    0x08009fa2   0x08009fa2   0x00000002   PAD
    0x08009fa4   0x08009fa4   0x00000055   Data   RO         6202    .conststring        mpu6050_adapter.o
    0x08009ff9   0x08009ff9   0x00000003   PAD
    0x08009ffc   0x08009ffc   0x00000020   Data   RO         6670    Region$$Table       anon$$obj.o


    Execution Region RW_IRAM1 (Exec base: 0x20000000, Load base: 0x0800a01c, Size: 0x000059f8, Max: 0x00020000, ABSOLUTE, COMPRESSED[0x000000e4])

    Exec Addr    Load Addr    Size         Type   Attr      Idx    E Section Name        Object

    0x20000000   COMPRESSED   0x00000008   Data   RW          398    .data               freertos.o
    0x20000008   COMPRESSED   0x00000009   Data   RW         1684    .data               stm32f4xx_hal.o
    0x20000011   COMPRESSED   0x00000003   PAD
    0x20000014   COMPRESSED   0x00000004   Data   RW         3269    .data               system_stm32f4xx.o
    0x20000018   COMPRESSED   0x00000002   Data   RW         3313    .data               ec_bsp_aht21_driver.o
    0x2000001a   COMPRESSED   0x00000002   PAD
    0x2000001c   COMPRESSED   0x00000004   Data   RW         3395    .data               ec_bsp_temp_humi_handler.o
    0x20000020   COMPRESSED   0x00000004   Data   RW         3671    .data               bsp_mpuxxxx_handler.o
    0x20000024   COMPRESSED   0x0000003c   Data   RW         4359    .data               tasks.o
    0x20000060   COMPRESSED   0x00000014   Data   RW         4701    .data               timers.o
    0x20000074   COMPRESSED   0x00000004   Data   RW         4934    .data               cmsis_os2.o
    0x20000078   COMPRESSED   0x00000020   Data   RW         5389    .data               heap_4.o
    0x20000098   COMPRESSED   0x0000000c   Data   RW         5445    .data               port.o
    0x200000a4   COMPRESSED   0x00000034   Data   RW         5885    .data               elog.o
    0x200000d8   COMPRESSED   0x00000078   Data   RW         6089    .data               aht21_adapter.o
    0x20000150   COMPRESSED   0x00000094   Data   RW         6203    .data               mpu6050_adapter.o
    0x200001e4        -       0x00000044   Zero   RW          468    .bss                usart.o
    0x20000228        -       0x00000048   Zero   RW          609    .bss                stm32f4xx_hal_timebase_tim.o
    0x20000270        -       0x00000040   Zero   RW         3924    .bss                queue.o
    0x200002b0        -       0x000004c4   Zero   RW         4358    .bss                tasks.o
    0x20000774        -       0x00000118   Zero   RW         4700    .bss                timers.o
    0x2000088c        -       0x000006b8   Zero   RW         4933    .bss                cmsis_os2.o
    0x20000f44        -       0x00003c00   Zero   RW         5388    .bss                heap_4.o
    0x20004b44        -       0x000004b8   Zero   RW         5549    .bss                segger_rtt.o
    0x20004ffc        -       0x00000010   Zero   RW         5794    .bss                elog_port.o
    0x2000500c        -       0x000004f8   Zero   RW         5882    .bss                elog.o
    0x20005504   COMPRESSED   0x00000004   PAD
    0x20005508        -       0x000000f0   Zero   RW         6200    .bss                mpu6050_adapter.o
    0x200055f8        -       0x00000400   Zero   RW            1    STACK               startup_stm32f411xe.o


==============================================================================

Image component sizes


      Code (inc. data)   RO Data    RW Data    ZI Data      Debug   Object Name

       434         90         19        120          0       9999   aht21_adapter.o
     10544       5336        325          0          0      20615   bsp_mpuxxxx_driver.o
      1712        894        143          4          0       7019   bsp_mpuxxxx_handler.o
       748         36          0          4       1720      66287   cmsis_os2.o
      1528        302         21          2          0      11117   ec_bsp_aht21_driver.o
      1480        656        105          4          0       8311   ec_bsp_temp_humi_handler.o
      2880       1080        296         52       1272      19836   elog.o
        74         16          0          0         16       4209   elog_port.o
       268        104         35          0          0       2425   elog_utils.o
         0          0          0          0          0      19720   event_groups.o
       176         92        137          8          0      11837   freertos.o
       220          8          0          0          0       1091   gpio.o
       504         32          0         32      15360       5315   heap_4.o
      1020          0          0          0          0     432184   iic_hal.o
       144          0          0          0          0       3882   list.o
       428         38          0          0          0      20710   main.o
      1514        534        149        148        240      19784   mpu6050_adapter.o
       814         92          0         12          0      12225   port.o
      1818         24          0          0         64      21149   queue.o
       550         48          0          0       1208       9834   segger_rtt.o
        36          8        408          0       1024        884   startup_stm32f411xe.o
        96         20          0          9          0       8226   stm32f4xx_hal.o
       252         22          0          0          0      33974   stm32f4xx_hal_cortex.o
       512         36          0          0          0       3634   stm32f4xx_hal_gpio.o
        84          6          0          0          0        954   stm32f4xx_hal_msp.o
      1888         94          0          0          0       6653   stm32f4xx_hal_rcc.o
       826         52          0          0          0       6898   stm32f4xx_hal_tim.o
         4          0          0          0          0       1709   stm32f4xx_hal_tim_ex.o
       160         20          0          0         72       1571   stm32f4xx_hal_timebase_tim.o
       670         10          0          0          0       2004   stm32f4xx_hal_uart.o
        48          6          0          0          0       4199   stm32f4xx_it.o
         0          0          0          0          0        412   stream_buffer.o
        20          6         24          4          0       1271   system_stm32f4xx.o
      2480        214          0         60       1220      31482   tasks.o
         0          0          0          0          0       5420   test_mpu6050_driver.o
      1088         94          0         20        280      31519   timers.o
       192         22          0          0         68       2034   usart.o

    ----------------------------------------------------------------------
     35242       9992       1708        484      22548     850393   Object Totals
         0          0         32          0          0          0   (incl. Generated)
        30          0         14          5          4          0   (incl. Padding)

    ----------------------------------------------------------------------

      Code (inc. data)   RO Data    RW Data    ZI Data      Debug   Library Member Name

        86          0          0          0          0          0   __dczerorl2.o
         0          0          0          0          0          0   entry.o
         0          0          0          0          0          0   entry10a.o
         0          0          0          0          0          0   entry11a.o
         4          0          0          0          0          0   entry12b.o
         8          4          0          0          0          0   entry2.o
         4          0          0          0          0          0   entry5.o
         0          0          0          0          0          0   entry7b.o
         0          0          0          0          0          0   entry8b.o
         8          4          0          0          0          0   entry9a.o
        30          0          0          0          0          0   handlers.o
        36          8          0          0          0         68   init.o
         0          0          0          0          0          0   iusefp.o
        30          0          0          0          0         68   llshl.o
        36          0          0          0          0         68   llsshr.o
        32          0          0          0          0         68   llushr.o
        36          0          0          0          0         68   memcpya.o
        36          0          0          0          0        108   memseta.o
      2312         90          0          0          0        616   printfa.o
        18          0          0          0          0         68   strcpy.o
        14          0          0          0          0         68   strlen.o
        30          0          0          0          0         80   strncmp.o
        36          0          0          0          0         80   strstr.o
        44          0          0          0          0         80   uidiv.o
        98          0          0          0          0         92   uldiv.o
        48          0          0          0          0         68   cdrcmple.o
       334          0          0          0          0        148   dadd.o
       222          0          0          0          0        100   ddiv.o
       186          0          0          0          0        176   depilogue.o
        48          0          0          0          0         68   dfixul.o
        34          0          0          0          0         76   dflti.o
       228          0          0          0          0         96   dmul.o
        38          0          0          0          0         68   f2d.o

    ----------------------------------------------------------------------
      4038        106          0          0          0       2332   Library Totals
         2          0          0          0          0          0   (incl. Padding)

    ----------------------------------------------------------------------

      Code (inc. data)   RO Data    RW Data    ZI Data      Debug   Library Name

      2898        106          0          0          0       1532   mc_w.l
      1138          0          0          0          0        800   mf_w.l

    ----------------------------------------------------------------------
      4038        106          0          0          0       2332   Library Totals

    ----------------------------------------------------------------------

==============================================================================


      Code (inc. data)   RO Data    RW Data    ZI Data      Debug   

     39280      10098       1708        484      22548     826561   Grand Totals
     39280      10098       1708        228      22548     826561   ELF Image Totals (compressed)
     39280      10098       1708        228          0          0   ROM Totals

==============================================================================

    Total RO  Size (Code + RO Data)                40988 (  40.03kB)
    Total RW  Size (RW Data + ZI Data)             23032 (  22.49kB)
    Total ROM Size (Code + RO Data + RW Data)      41216 (  40.25kB)

==============================================================================

