<html>
<body>
<pre>
<h1>µVision Build Log</h1>
<h2>Tool Versions:</h2>
IDE-Version: ¦ÌVision V5.38.0.0
Copyright (C) 2022 ARM Ltd and ARM Germany GmbH. All rights reserved.
License Information: LL Administrator, Sustech, LIC=47GU5-G202U-12PLE-5CJYQ-GB9KS-XXEYE
 
Tool Versions:
Toolchain:       MDK-ARM Plus  Version: 5.38.0.0
Toolchain Path:  C:\Keil_v5\ARM\ARM-COMPILER-506\Bin
C Compiler:      Armcc.exe V5.06 update 7 (build 960)
Assembler:       Armasm.exe V5.06 update 7 (build 960)
Linker/Locator:  ArmLink.exe V5.06 update 7 (build 960)
Library Manager: ArmAr.exe V5.06 update 7 (build 960)
Hex Converter:   FromElf.exe V5.06 update 7 (build 960)
CPU DLL:         SARMCM3.DLL V5.38.0.0
Dialog DLL:      DCM.DLL V1.17.5.0
Target DLL:      Segger\JL2CM3.dll V2.99.42.0
Dialog DLL:      TCM.DLL V1.56.4.0
 
<h2>Project:</h2>
C:\Users\Administrator\Desktop\Project_base\04_Software\02_homework\AHT21\AHT21-Test\MDK-ARM\AHT21-Test.uvprojx
Project File Date:  10/31/2025

<h2>Output:</h2>
*** Using Compiler 'V5.06 update 7 (build 960)', folder: 'C:\Keil_v5\ARM\ARM-COMPILER-506\Bin'
Build target 'AHT21-Test'
compiling bsp_mpuxxxx_driver.c...
..\Bsp\MPU6050\driver\bsp_mpuxxxx_driver.c(260): warning:  #188-D: enumerated type mixed with another type
      status = p_iic->pf_iic_write_reg(p_bus, MPU_ADDR, MPU_PWR_MGMT1_REG, MPU_PWR1_DEVICE_RESET);
..\Bsp\MPU6050\driver\bsp_mpuxxxx_driver.c(280): warning:  #188-D: enumerated type mixed with another type
      status = p_iic->pf_iic_write_reg(p_bus, MPU_ADDR, MPU_PWR_MGMT1_REG, 0x01);
..\Bsp\MPU6050\driver\bsp_mpuxxxx_driver.c(296): warning:  #188-D: enumerated type mixed with another type
      status = p_iic->pf_iic_write_reg(p_bus, MPU_ADDR, MPU_INT_EN_REG, 0x00);
..\Bsp\MPU6050\driver\bsp_mpuxxxx_driver.c(308): warning:  #188-D: enumerated type mixed with another type
      status = p_iic->pf_iic_write_reg(p_bus, MPU_ADDR, MPU_USER_CTRL_REG, 0x00);
..\Bsp\MPU6050\driver\bsp_mpuxxxx_driver.c(317): warning:  #188-D: enumerated type mixed with another type
      status = p_iic->pf_iic_write_reg(p_bus, MPU_ADDR, MPU_FIFO_EN_REG, 0x00);
..\Bsp\MPU6050\driver\bsp_mpuxxxx_driver.c(336): warning:  #188-D: enumerated type mixed with another type
      status = p_iic->pf_iic_write_reg(p_bus, MPU_ADDR, MPU_INTBP_CFG_REG, 0xB0);
..\Bsp\MPU6050\driver\bsp_mpuxxxx_driver.c(415): warning:  #188-D: enumerated type mixed with another type
      status = p_iic->pf_iic_write_reg(p_bus, MPU_ADDR, MPU_INT_EN_REG, MPU_INT_DATA_RDY_EN);
..\Bsp\MPU6050\driver\bsp_mpuxxxx_driver.c(519): warning:  #188-D: enumerated type mixed with another type
      status = p_iic->pf_iic_write_reg(p_bus, MPU_ADDR, MPU_GYRO_CFG_REG, reg_value);
..\Bsp\MPU6050\driver\bsp_mpuxxxx_driver.c(597): warning:  #188-D: enumerated type mixed with another type
      status = p_iic->pf_iic_write_reg(p_bus, MPU_ADDR, MPU_ACCEL_CFG_REG, reg_value);
..\Bsp\MPU6050\driver\bsp_mpuxxxx_driver.c(674): warning:  #188-D: enumerated type mixed with another type
      status = p_iic->pf_iic_write_reg(p_bus, MPU_ADDR, MPU_CFG_REG, reg_value);
..\Bsp\MPU6050\driver\bsp_mpuxxxx_driver.c(767): warning:  #188-D: enumerated type mixed with another type
      status = p_iic->pf_iic_write_reg(p_bus, MPU_ADDR, MPU_SAMPLE_RATE_REG, smplrt_div);
..\Bsp\MPU6050\driver\bsp_mpuxxxx_driver.c(871): warning:  #188-D: enumerated type mixed with another type
      status = p_iic->pf_iic_read_multi_byte(p_bus, MPU_ADDR, MPU_ACCEL_XOUTH_REG, 6, buffer);
..\Bsp\MPU6050\driver\bsp_mpuxxxx_driver.c(1004): warning:  #188-D: enumerated type mixed with another type
      status = p_iic->pf_iic_read_multi_byte(p_bus, MPU_ADDR, MPU_GYRO_XOUTH_REG, 6, buffer);
..\Bsp\MPU6050\driver\bsp_mpuxxxx_driver.c(1137): warning:  #188-D: enumerated type mixed with another type
      status = p_iic->pf_iic_read_multi_byte(p_bus, MPU_ADDR, MPU_TEMP_OUTH_REG, 2, buffer);
..\Bsp\MPU6050\driver\bsp_mpuxxxx_driver.c(1286): warning:  #188-D: enumerated type mixed with another type
      status = p_iic->pf_iic_read_multi_byte(p_bus, MPU_ADDR, MPU_ACCEL_XOUTH_REG, 14, buffer);
..\Bsp\MPU6050\driver\bsp_mpuxxxx_driver.c(1422): warning:  #188-D: enumerated type mixed with another type
      status = p_iic->pf_iic_write_reg(p_bus, MPU_ADDR, MPU_PWR_MGMT1_REG, 0x01);
..\Bsp\MPU6050\driver\bsp_mpuxxxx_driver.c(1516): warning:  #188-D: enumerated type mixed with another type
      status = p_iic->pf_iic_write_reg(p_bus, MPU_ADDR, MPU_PWR_MGMT1_REG, 0x40);
..\Bsp\MPU6050\driver\bsp_mpuxxxx_driver.c: 17 warnings, 0 errors
compiling freertos.c...
linking...
Program Size: Code=39312 RO-data=1756 RW-data=488 ZI-data=22544  
FromELF: creating hex file...
"AHT21-Test\AHT21-Test.axf" - 0 Error(s), 17 Warning(s).

<h2>Software Packages used:</h2>

Package Vendor: ARM
                http://www.keil.com/pack/ARM.CMSIS.5.9.0.pack
                ARM.CMSIS.5.9.0
                CMSIS (Common Microcontroller Software Interface Standard)
   * Component: CORE Version: 5.6.0

Package Vendor: Keil
                https://www.keil.com/pack/Keil.STM32F4xx_DFP.2.17.1.pack
                Keil.STM32F4xx_DFP.2.17.1
                STMicroelectronics STM32F4 Series Device Support, Drivers and Examples

<h2>Collection of Component include folders:</h2>
  ./RTE/_AHT21-Test
  C:/Users/Administrator/AppData/Local/Arm/Packs/ARM/CMSIS/5.9.0/CMSIS/Core/Include
  C:/Users/Administrator/AppData/Local/Arm/Packs/Keil/STM32F4xx_DFP/2.17.1/Drivers/CMSIS/Device/ST/STM32F4xx/Include

<h2>Collection of Component Files used:</h2>

   * Component: ARM::CMSIS:CORE:5.6.0
Build Time Elapsed:  00:00:02
</pre>
</body>
</html>
